

================================================================
== Vivado HLS Report for 'block_mmul'
================================================================
* Date:           Sun Nov 26 21:11:28 2023

* Version:        2019.2.1 (Build 2724168 on Thu Dec 05 05:19:09 MST 2019)
* Project:        mm.prj
* Solution:       solution1
* Product family: zynq
* Target device:  xc7z020-clg484-1


================================================================
== Performance Estimates
================================================================
+ Timing: 
    * Summary: 
    +--------+----------+----------+------------+
    |  Clock |  Target  | Estimated| Uncertainty|
    +--------+----------+----------+------------+
    |ap_clk  | 10.00 ns | 7.852 ns |   1.25 ns  |
    +--------+----------+----------+------------+

+ Latency: 
    * Summary: 
    +---------+---------+-----------+-----------+---------+---------+---------+
    |  Latency (cycles) |   Latency (absolute)  |      Interval     | Pipeline|
    |   min   |   max   |    min    |    max    |   min   |   max   |   Type  |
    +---------+---------+-----------+-----------+---------+---------+---------+
    |  1002551|  1002551| 10.026 ms | 10.026 ms |  1002551|  1002551|   none  |
    +---------+---------+-----------+-----------+---------+---------+---------+

    + Detail: 
        * Instance: 
        N/A

        * Loop: 
        +-------------+---------+---------+----------+-----------+-----------+------+----------+
        |             |  Latency (cycles) | Iteration|  Initiation Interval  | Trip |          |
        |  Loop Name  |   min   |   max   |  Latency |  achieved |   target  | Count| Pipelined|
        +-------------+---------+---------+----------+-----------+-----------+------+----------+
        |- Loop 1     |  1002550|  1002550|     40102|          -|          -|    25|    no    |
        | + Loop 1.1  |    40100|    40100|      1604|          -|          -|    25|    no    |
        +-------------+---------+---------+----------+-----------+-----------+------+----------+

============================================================
+ Verbose Summary: Synthesis Manager
============================================================
InlineROM: 1
ExposeGlobal: 0
============================================================
+ Verbose Summary: CDFG Model
============================================================
IsTopModel: 1
ResetActiveHigh: 1
IsCombinational: 0
IsDatapathOnly: 0
HasWiredReturn: 1
HasMFsm: 0
HasVarLatency: 1
IsPipeline: 0
IsRtlPipelined: 0
IsInstanceOverlapped: 0
IsDontTouch: 0
HasImplIP: 0
IsGatedGlobalClock: 0


============================================================
+ Verbose Summary: Schedule
============================================================
* Number of FSM states : 4
* Pipeline : 0
* Dataflow Pipeline: 0

* FSM state transitions: 
1 --> 2 
2 --> 3 
3 --> 4 2 
4 --> 3 

* FSM state operations: 

State 1 <SV = 0> <Delay = 1.76>
ST_1 : Operation 5 [1/1] (0.00ns)   --->   "call void (...)* @_ssdm_op_SpecBitsMap([10000 x i16]* %A) nounwind, !map !36"   --->   Operation 5 'specbitsmap' <Predicate = true> <Delay = 0.00>
ST_1 : Operation 6 [1/1] (0.00ns)   --->   "call void (...)* @_ssdm_op_SpecBitsMap([10000 x i16]* %B) nounwind, !map !42"   --->   Operation 6 'specbitsmap' <Predicate = true> <Delay = 0.00>
ST_1 : Operation 7 [1/1] (0.00ns)   --->   "call void (...)* @_ssdm_op_SpecBitsMap([10000 x i16]* %out_r) nounwind, !map !46"   --->   Operation 7 'specbitsmap' <Predicate = true> <Delay = 0.00>
ST_1 : Operation 8 [1/1] (0.00ns)   --->   "call void (...)* @_ssdm_op_SpecTopModule([11 x i8]* @block_mmul_str) nounwind"   --->   Operation 8 'spectopmodule' <Predicate = true> <Delay = 0.00>
ST_1 : Operation 9 [1/1] (1.76ns)   --->   "br label %1" [block_mmult.cc:29]   --->   Operation 9 'br' <Predicate = true> <Delay = 1.76>

State 2 <SV = 1> <Delay = 1.76>
ST_2 : Operation 10 [1/1] (0.00ns)   --->   "%ii_0 = phi i7 [ 0, %0 ], [ %ii, %3 ]"   --->   Operation 10 'phi' 'ii_0' <Predicate = true> <Delay = 0.00>
ST_2 : Operation 11 [1/1] (1.48ns)   --->   "%icmp_ln29 = icmp ult i7 %ii_0, -28" [block_mmult.cc:29]   --->   Operation 11 'icmp' 'icmp_ln29' <Predicate = true> <Delay = 1.48> <Core = "Cmp">   --->   Core 25 'Cmp' <Latency = 0> <II = 1> <Delay = 1.48> <FuncUnit> <Opcode : 'icmp'> <InPorts = 2> <OutPorts = 1>
ST_2 : Operation 12 [1/1] (0.00ns)   --->   "%empty = call i32 (...)* @_ssdm_op_SpecLoopTripCount(i64 25, i64 25, i64 25) nounwind"   --->   Operation 12 'speclooptripcount' 'empty' <Predicate = true> <Delay = 0.00>
ST_2 : Operation 13 [1/1] (0.00ns)   --->   "br i1 %icmp_ln29, label %.preheader.preheader, label %4" [block_mmult.cc:29]   --->   Operation 13 'br' <Predicate = true> <Delay = 0.00>
ST_2 : Operation 14 [1/1] (1.76ns)   --->   "br label %.preheader" [block_mmult.cc:30]   --->   Operation 14 'br' <Predicate = (icmp_ln29)> <Delay = 1.76>
ST_2 : Operation 15 [1/1] (0.00ns)   --->   "ret void" [block_mmult.cc:34]   --->   Operation 15 'ret' <Predicate = (!icmp_ln29)> <Delay = 0.00>

State 3 <SV = 2> <Delay = 7.85>
ST_3 : Operation 16 [1/1] (0.00ns)   --->   "%jj_0 = phi i7 [ %jj, %2 ], [ 0, %.preheader.preheader ]"   --->   Operation 16 'phi' 'jj_0' <Predicate = true> <Delay = 0.00>
ST_3 : Operation 17 [1/1] (1.48ns)   --->   "%icmp_ln30 = icmp ult i7 %jj_0, -28" [block_mmult.cc:30]   --->   Operation 17 'icmp' 'icmp_ln30' <Predicate = true> <Delay = 1.48> <Core = "Cmp">   --->   Core 25 'Cmp' <Latency = 0> <II = 1> <Delay = 1.48> <FuncUnit> <Opcode : 'icmp'> <InPorts = 2> <OutPorts = 1>
ST_3 : Operation 18 [1/1] (0.00ns)   --->   "%empty_3 = call i32 (...)* @_ssdm_op_SpecLoopTripCount(i64 25, i64 25, i64 25) nounwind"   --->   Operation 18 'speclooptripcount' 'empty_3' <Predicate = true> <Delay = 0.00>
ST_3 : Operation 19 [1/1] (0.00ns)   --->   "br i1 %icmp_ln30, label %2, label %3" [block_mmult.cc:30]   --->   Operation 19 'br' <Predicate = true> <Delay = 0.00>
ST_3 : Operation 20 [2/2] (7.85ns)   --->   "call fastcc void @block_mmul_helper([10000 x i16]* %A, [10000 x i16]* %B, [10000 x i16]* %out_r, i7 %ii_0, i7 %jj_0) nounwind" [block_mmult.cc:31]   --->   Operation 20 'call' <Predicate = (icmp_ln30)> <Delay = 7.85> <CoreType = "Generic">   --->   Core 0 '' <Latency = 0> <II = 1> <Delay = 1.00> <Generic> <Opcode : >
ST_3 : Operation 21 [1/1] (1.87ns)   --->   "%jj = add i7 %jj_0, 4" [block_mmult.cc:30]   --->   Operation 21 'add' 'jj' <Predicate = (icmp_ln30)> <Delay = 1.87> <Core = "AddSub">   --->   Core 14 'AddSub' <Latency = 0> <II = 1> <Delay = 1.87> <FuncUnit> <Opcode : 'add' 'sub'> <InPorts = 2> <OutPorts = 1>
ST_3 : Operation 22 [1/1] (1.87ns)   --->   "%ii = add i7 %ii_0, 4" [block_mmult.cc:29]   --->   Operation 22 'add' 'ii' <Predicate = (!icmp_ln30)> <Delay = 1.87> <Core = "AddSub">   --->   Core 14 'AddSub' <Latency = 0> <II = 1> <Delay = 1.87> <FuncUnit> <Opcode : 'add' 'sub'> <InPorts = 2> <OutPorts = 1>
ST_3 : Operation 23 [1/1] (0.00ns)   --->   "br label %1" [block_mmult.cc:29]   --->   Operation 23 'br' <Predicate = (!icmp_ln30)> <Delay = 0.00>

State 4 <SV = 3> <Delay = 0.00>
ST_4 : Operation 24 [1/2] (0.00ns)   --->   "call fastcc void @block_mmul_helper([10000 x i16]* %A, [10000 x i16]* %B, [10000 x i16]* %out_r, i7 %ii_0, i7 %jj_0) nounwind" [block_mmult.cc:31]   --->   Operation 24 'call' <Predicate = true> <Delay = 0.00> <CoreType = "Generic">   --->   Core 0 '' <Latency = 0> <II = 1> <Delay = 1.00> <Generic> <Opcode : >
ST_4 : Operation 25 [1/1] (0.00ns)   --->   "br label %.preheader" [block_mmult.cc:30]   --->   Operation 25 'br' <Predicate = true> <Delay = 0.00>


============================================================
+ Verbose Summary: Timing violations
============================================================
Target clock period: 10ns, clock uncertainty: 1.25ns.

 <State 1>: 1.77ns
The critical path consists of the following:
	multiplexor before 'phi' operation ('ii') with incoming values : ('ii', block_mmult.cc:29) [10]  (1.77 ns)

 <State 2>: 1.77ns
The critical path consists of the following:
	multiplexor before 'phi' operation ('jj') with incoming values : ('jj', block_mmult.cc:30) [17]  (1.77 ns)

 <State 3>: 7.85ns
The critical path consists of the following:
	'phi' operation ('jj') with incoming values : ('jj', block_mmult.cc:30) [17]  (0 ns)
	'call' operation ('call_ln31', block_mmult.cc:31) to 'block_mmul_helper' [22]  (7.85 ns)

 <State 4>: 0ns
The critical path consists of the following:


============================================================
+ Verbose Summary: Binding
============================================================
N/A
* FSMD analyzer results:
  - Output states:
 - Input state : 
  - Chain level:
	State 1
	State 2
	State 3
	State 4


============================================================
+ Verbose Summary: Datapath Resource usage 
============================================================
N/A
