

================================================================
== Vivado HLS Report for 'block_mmul_helper'
================================================================
* Date:           Sun Nov 26 21:11:27 2023

* Version:        2019.2.1 (Build 2724168 on Thu Dec 05 05:19:09 MST 2019)
* Project:        mm.prj
* Solution:       solution1
* Product family: zynq
* Target device:  xc7z020-clg484-1


================================================================
== Performance Estimates
================================================================
+ Timing: 
    * Summary: 
    +--------+----------+----------+------------+
    |  Clock |  Target  | Estimated| Uncertainty|
    +--------+----------+----------+------------+
    |ap_clk  | 10.00 ns | 7.852 ns |   1.25 ns  |
    +--------+----------+----------+------------+

+ Latency: 
    * Summary: 
    +---------+---------+-----------+-----------+------+------+---------+
    |  Latency (cycles) |   Latency (absolute)  |   Interval  | Pipeline|
    |   min   |   max   |    min    |    max    |  min |  max |   Type  |
    +---------+---------+-----------+-----------+------+------+---------+
    |     1602|     1602| 16.020 us | 16.020 us |  1602|  1602|   none  |
    +---------+---------+-----------+-----------+------+------+---------+

    + Detail: 
        * Instance: 
        N/A

        * Loop: 
        +----------+---------+---------+----------+-----------+-----------+------+----------+
        |          |  Latency (cycles) | Iteration|  Initiation Interval  | Trip |          |
        | Loop Name|   min   |   max   |  Latency |  achieved |   target  | Count| Pipelined|
        +----------+---------+---------+----------+-----------+-----------+------+----------+
        |- Loop 1  |     1600|     1600|        16|         16|          1|   100|    yes   |
        +----------+---------+---------+----------+-----------+-----------+------+----------+

============================================================
+ Verbose Summary: Synthesis Manager
============================================================
InlineROM: 1
ExposeGlobal: 0
============================================================
+ Verbose Summary: CDFG Model
============================================================
IsTopModel: 0
ResetActiveHigh: 1
IsCombinational: 0
IsDatapathOnly: 0
HasWiredReturn: 1
HasMFsm: 0
HasVarLatency: 1
IsPipeline: 0
IsRtlPipelined: 0
IsInstanceOverlapped: 0
IsDontTouch: 0
HasImplIP: 0
IsGatedGlobalClock: 0

+ Individual pipeline summary: 
  * Pipeline-0: initiation interval (II) = 16, depth = 16


============================================================
+ Verbose Summary: Schedule
============================================================
* Number of FSM states : 18
* Pipeline : 1
  Pipeline-0 : II = 16, D = 16, States = { 2 3 4 5 6 7 8 9 10 11 12 13 14 15 16 17 }
* Dataflow Pipeline: 0

* FSM state transitions: 
1 --> 2 
2 --> 18 3 
3 --> 4 
4 --> 5 
5 --> 6 
6 --> 7 
7 --> 8 
8 --> 9 
9 --> 10 
10 --> 11 
11 --> 12 
12 --> 13 
13 --> 14 
14 --> 15 
15 --> 16 
16 --> 17 
17 --> 2 
18 --> 

* FSM state operations: 

State 1 <SV = 0> <Delay = 7.85>
ST_1 : Operation 19 [1/1] (0.00ns)   --->   "%jj_read = call i7 @_ssdm_op_Read.ap_auto.i7(i7 %jj)" [block_mmult.cc:4]   --->   Operation 19 'read' 'jj_read' <Predicate = true> <Delay = 0.00>
ST_1 : Operation 20 [1/1] (0.00ns)   --->   "%ii_read = call i7 @_ssdm_op_Read.ap_auto.i7(i7 %ii)" [block_mmult.cc:4]   --->   Operation 20 'read' 'ii_read' <Predicate = true> <Delay = 0.00>
ST_1 : Operation 21 [1/1] (1.48ns)   --->   "%icmp_ln15 = icmp ult i7 %ii_read, -28" [block_mmult.cc:15]   --->   Operation 21 'icmp' 'icmp_ln15' <Predicate = true> <Delay = 1.48> <Core = "Cmp">   --->   Core 25 'Cmp' <Latency = 0> <II = 1> <Delay = 1.48> <FuncUnit> <Opcode : 'icmp'> <InPorts = 2> <OutPorts = 1>
ST_1 : Operation 22 [1/1] (0.00ns)   --->   "%zext_ln15 = zext i7 %ii_read to i14" [block_mmult.cc:15]   --->   Operation 22 'zext' 'zext_ln15' <Predicate = true> <Delay = 0.00>
ST_1 : Operation 23 [1/1] (4.17ns)   --->   "%mul_ln15 = mul i14 %zext_ln15, 100" [block_mmult.cc:15]   --->   Operation 23 'mul' 'mul_ln15' <Predicate = true> <Delay = 4.17> <Core = "Mul">   --->   Core 16 'Mul' <Latency = 0> <II = 1> <Delay = 4.17> <FuncUnit> <Opcode : 'mul'> <InPorts = 2> <OutPorts = 1>
ST_1 : Operation 24 [1/1] (0.00ns)   --->   "%zext_ln18 = zext i7 %jj_read to i14" [block_mmult.cc:18]   --->   Operation 24 'zext' 'zext_ln18' <Predicate = true> <Delay = 0.00>
ST_1 : Operation 25 [1/1] (1.81ns)   --->   "%add_ln18 = add i14 %mul_ln15, %zext_ln18" [block_mmult.cc:18]   --->   Operation 25 'add' 'add_ln18' <Predicate = true> <Delay = 1.81> <Core = "AddSub">   --->   Core 14 'AddSub' <Latency = 0> <II = 1> <Delay = 1.81> <FuncUnit> <Opcode : 'add' 'sub'> <InPorts = 2> <OutPorts = 1>
ST_1 : Operation 26 [1/1] (0.00ns)   --->   "%zext_ln18_1 = zext i14 %add_ln18 to i64" [block_mmult.cc:18]   --->   Operation 26 'zext' 'zext_ln18_1' <Predicate = true> <Delay = 0.00>
ST_1 : Operation 27 [1/1] (0.00ns)   --->   "%out_addr = getelementptr [10000 x i16]* %out_r, i64 0, i64 %zext_ln18_1" [block_mmult.cc:18]   --->   Operation 27 'getelementptr' 'out_addr' <Predicate = true> <Delay = 0.00>
ST_1 : Operation 28 [1/1] (1.87ns)   --->   "%add_ln16 = add i7 %jj_read, 1" [block_mmult.cc:16]   --->   Operation 28 'add' 'add_ln16' <Predicate = true> <Delay = 1.87> <Core = "AddSub">   --->   Core 14 'AddSub' <Latency = 0> <II = 1> <Delay = 1.81> <FuncUnit> <Opcode : 'add' 'sub'> <InPorts = 2> <OutPorts = 1>
ST_1 : Operation 29 [1/1] (1.48ns)   --->   "%icmp_ln16 = icmp ult i7 %add_ln16, -28" [block_mmult.cc:16]   --->   Operation 29 'icmp' 'icmp_ln16' <Predicate = true> <Delay = 1.48> <Core = "Cmp">   --->   Core 25 'Cmp' <Latency = 0> <II = 1> <Delay = 1.48> <FuncUnit> <Opcode : 'icmp'> <InPorts = 2> <OutPorts = 1>
ST_1 : Operation 30 [1/1] (0.00ns)   --->   "%zext_ln18_2 = zext i7 %add_ln16 to i14" [block_mmult.cc:18]   --->   Operation 30 'zext' 'zext_ln18_2' <Predicate = true> <Delay = 0.00>
ST_1 : Operation 31 [1/1] (1.81ns)   --->   "%add_ln18_1 = add i14 %mul_ln15, %zext_ln18_2" [block_mmult.cc:18]   --->   Operation 31 'add' 'add_ln18_1' <Predicate = true> <Delay = 1.81> <Core = "AddSub">   --->   Core 14 'AddSub' <Latency = 0> <II = 1> <Delay = 1.81> <FuncUnit> <Opcode : 'add' 'sub'> <InPorts = 2> <OutPorts = 1>
ST_1 : Operation 32 [1/1] (0.00ns)   --->   "%zext_ln18_3 = zext i14 %add_ln18_1 to i64" [block_mmult.cc:18]   --->   Operation 32 'zext' 'zext_ln18_3' <Predicate = true> <Delay = 0.00>
ST_1 : Operation 33 [1/1] (0.00ns)   --->   "%out_addr_1 = getelementptr [10000 x i16]* %out_r, i64 0, i64 %zext_ln18_3" [block_mmult.cc:18]   --->   Operation 33 'getelementptr' 'out_addr_1' <Predicate = true> <Delay = 0.00>
ST_1 : Operation 34 [1/1] (1.87ns)   --->   "%add_ln16_1 = add i7 %jj_read, 2" [block_mmult.cc:16]   --->   Operation 34 'add' 'add_ln16_1' <Predicate = true> <Delay = 1.87> <Core = "AddSub">   --->   Core 14 'AddSub' <Latency = 0> <II = 1> <Delay = 1.81> <FuncUnit> <Opcode : 'add' 'sub'> <InPorts = 2> <OutPorts = 1>
ST_1 : Operation 35 [1/1] (1.48ns)   --->   "%icmp_ln16_1 = icmp ult i7 %add_ln16_1, -28" [block_mmult.cc:16]   --->   Operation 35 'icmp' 'icmp_ln16_1' <Predicate = true> <Delay = 1.48> <Core = "Cmp">   --->   Core 25 'Cmp' <Latency = 0> <II = 1> <Delay = 1.48> <FuncUnit> <Opcode : 'icmp'> <InPorts = 2> <OutPorts = 1>
ST_1 : Operation 36 [1/1] (0.00ns)   --->   "%zext_ln18_4 = zext i7 %add_ln16_1 to i14" [block_mmult.cc:18]   --->   Operation 36 'zext' 'zext_ln18_4' <Predicate = true> <Delay = 0.00>
ST_1 : Operation 37 [1/1] (1.81ns)   --->   "%add_ln18_2 = add i14 %mul_ln15, %zext_ln18_4" [block_mmult.cc:18]   --->   Operation 37 'add' 'add_ln18_2' <Predicate = true> <Delay = 1.81> <Core = "AddSub">   --->   Core 14 'AddSub' <Latency = 0> <II = 1> <Delay = 1.81> <FuncUnit> <Opcode : 'add' 'sub'> <InPorts = 2> <OutPorts = 1>
ST_1 : Operation 38 [1/1] (0.00ns)   --->   "%zext_ln18_5 = zext i14 %add_ln18_2 to i64" [block_mmult.cc:18]   --->   Operation 38 'zext' 'zext_ln18_5' <Predicate = true> <Delay = 0.00>
ST_1 : Operation 39 [1/1] (0.00ns)   --->   "%out_addr_2 = getelementptr [10000 x i16]* %out_r, i64 0, i64 %zext_ln18_5" [block_mmult.cc:18]   --->   Operation 39 'getelementptr' 'out_addr_2' <Predicate = true> <Delay = 0.00>
ST_1 : Operation 40 [1/1] (1.87ns)   --->   "%add_ln16_2 = add i7 %jj_read, 3" [block_mmult.cc:16]   --->   Operation 40 'add' 'add_ln16_2' <Predicate = true> <Delay = 1.87> <Core = "AddSub">   --->   Core 14 'AddSub' <Latency = 0> <II = 1> <Delay = 1.81> <FuncUnit> <Opcode : 'add' 'sub'> <InPorts = 2> <OutPorts = 1>
ST_1 : Operation 41 [1/1] (1.48ns)   --->   "%icmp_ln16_2 = icmp ult i7 %add_ln16_2, -28" [block_mmult.cc:16]   --->   Operation 41 'icmp' 'icmp_ln16_2' <Predicate = true> <Delay = 1.48> <Core = "Cmp">   --->   Core 25 'Cmp' <Latency = 0> <II = 1> <Delay = 1.48> <FuncUnit> <Opcode : 'icmp'> <InPorts = 2> <OutPorts = 1>
ST_1 : Operation 42 [1/1] (0.00ns)   --->   "%zext_ln18_6 = zext i7 %add_ln16_2 to i14" [block_mmult.cc:18]   --->   Operation 42 'zext' 'zext_ln18_6' <Predicate = true> <Delay = 0.00>
ST_1 : Operation 43 [1/1] (1.81ns)   --->   "%add_ln18_3 = add i14 %mul_ln15, %zext_ln18_6" [block_mmult.cc:18]   --->   Operation 43 'add' 'add_ln18_3' <Predicate = true> <Delay = 1.81> <Core = "AddSub">   --->   Core 14 'AddSub' <Latency = 0> <II = 1> <Delay = 1.81> <FuncUnit> <Opcode : 'add' 'sub'> <InPorts = 2> <OutPorts = 1>
ST_1 : Operation 44 [1/1] (0.00ns)   --->   "%zext_ln18_7 = zext i14 %add_ln18_3 to i64" [block_mmult.cc:18]   --->   Operation 44 'zext' 'zext_ln18_7' <Predicate = true> <Delay = 0.00>
ST_1 : Operation 45 [1/1] (0.00ns)   --->   "%out_addr_3 = getelementptr [10000 x i16]* %out_r, i64 0, i64 %zext_ln18_7" [block_mmult.cc:18]   --->   Operation 45 'getelementptr' 'out_addr_3' <Predicate = true> <Delay = 0.00>
ST_1 : Operation 46 [1/1] (1.87ns)   --->   "%add_ln15 = add i7 %ii_read, 1" [block_mmult.cc:15]   --->   Operation 46 'add' 'add_ln15' <Predicate = true> <Delay = 1.87> <Core = "AddSub">   --->   Core 14 'AddSub' <Latency = 0> <II = 1> <Delay = 1.81> <FuncUnit> <Opcode : 'add' 'sub'> <InPorts = 2> <OutPorts = 1>
ST_1 : Operation 47 [1/1] (1.48ns)   --->   "%icmp_ln15_1 = icmp ult i7 %add_ln15, -28" [block_mmult.cc:15]   --->   Operation 47 'icmp' 'icmp_ln15_1' <Predicate = true> <Delay = 1.48> <Core = "Cmp">   --->   Core 25 'Cmp' <Latency = 0> <II = 1> <Delay = 1.48> <FuncUnit> <Opcode : 'icmp'> <InPorts = 2> <OutPorts = 1>
ST_1 : Operation 48 [1/1] (0.00ns)   --->   "%zext_ln15_1 = zext i7 %add_ln15 to i14" [block_mmult.cc:15]   --->   Operation 48 'zext' 'zext_ln15_1' <Predicate = true> <Delay = 0.00>
ST_1 : Operation 49 [1/1] (4.17ns)   --->   "%mul_ln15_1 = mul i14 %zext_ln15_1, 100" [block_mmult.cc:15]   --->   Operation 49 'mul' 'mul_ln15_1' <Predicate = true> <Delay = 4.17> <Core = "Mul">   --->   Core 16 'Mul' <Latency = 0> <II = 1> <Delay = 4.17> <FuncUnit> <Opcode : 'mul'> <InPorts = 2> <OutPorts = 1>
ST_1 : Operation 50 [1/1] (1.81ns)   --->   "%add_ln18_4 = add i14 %mul_ln15_1, %zext_ln18" [block_mmult.cc:18]   --->   Operation 50 'add' 'add_ln18_4' <Predicate = true> <Delay = 1.81> <Core = "AddSub">   --->   Core 14 'AddSub' <Latency = 0> <II = 1> <Delay = 1.81> <FuncUnit> <Opcode : 'add' 'sub'> <InPorts = 2> <OutPorts = 1>
ST_1 : Operation 51 [1/1] (0.00ns)   --->   "%zext_ln18_8 = zext i14 %add_ln18_4 to i64" [block_mmult.cc:18]   --->   Operation 51 'zext' 'zext_ln18_8' <Predicate = true> <Delay = 0.00>
ST_1 : Operation 52 [1/1] (0.00ns)   --->   "%out_addr_4 = getelementptr [10000 x i16]* %out_r, i64 0, i64 %zext_ln18_8" [block_mmult.cc:18]   --->   Operation 52 'getelementptr' 'out_addr_4' <Predicate = true> <Delay = 0.00>
ST_1 : Operation 53 [1/1] (1.81ns)   --->   "%add_ln18_5 = add i14 %mul_ln15_1, %zext_ln18_2" [block_mmult.cc:18]   --->   Operation 53 'add' 'add_ln18_5' <Predicate = true> <Delay = 1.81> <Core = "AddSub">   --->   Core 14 'AddSub' <Latency = 0> <II = 1> <Delay = 1.81> <FuncUnit> <Opcode : 'add' 'sub'> <InPorts = 2> <OutPorts = 1>
ST_1 : Operation 54 [1/1] (0.00ns)   --->   "%zext_ln18_9 = zext i14 %add_ln18_5 to i64" [block_mmult.cc:18]   --->   Operation 54 'zext' 'zext_ln18_9' <Predicate = true> <Delay = 0.00>
ST_1 : Operation 55 [1/1] (0.00ns)   --->   "%out_addr_5 = getelementptr [10000 x i16]* %out_r, i64 0, i64 %zext_ln18_9" [block_mmult.cc:18]   --->   Operation 55 'getelementptr' 'out_addr_5' <Predicate = true> <Delay = 0.00>
ST_1 : Operation 56 [1/1] (1.81ns)   --->   "%add_ln18_6 = add i14 %mul_ln15_1, %zext_ln18_4" [block_mmult.cc:18]   --->   Operation 56 'add' 'add_ln18_6' <Predicate = true> <Delay = 1.81> <Core = "AddSub">   --->   Core 14 'AddSub' <Latency = 0> <II = 1> <Delay = 1.81> <FuncUnit> <Opcode : 'add' 'sub'> <InPorts = 2> <OutPorts = 1>
ST_1 : Operation 57 [1/1] (0.00ns)   --->   "%zext_ln18_10 = zext i14 %add_ln18_6 to i64" [block_mmult.cc:18]   --->   Operation 57 'zext' 'zext_ln18_10' <Predicate = true> <Delay = 0.00>
ST_1 : Operation 58 [1/1] (0.00ns)   --->   "%out_addr_6 = getelementptr [10000 x i16]* %out_r, i64 0, i64 %zext_ln18_10" [block_mmult.cc:18]   --->   Operation 58 'getelementptr' 'out_addr_6' <Predicate = true> <Delay = 0.00>
ST_1 : Operation 59 [1/1] (1.81ns)   --->   "%add_ln18_7 = add i14 %mul_ln15_1, %zext_ln18_6" [block_mmult.cc:18]   --->   Operation 59 'add' 'add_ln18_7' <Predicate = true> <Delay = 1.81> <Core = "AddSub">   --->   Core 14 'AddSub' <Latency = 0> <II = 1> <Delay = 1.81> <FuncUnit> <Opcode : 'add' 'sub'> <InPorts = 2> <OutPorts = 1>
ST_1 : Operation 60 [1/1] (0.00ns)   --->   "%zext_ln18_11 = zext i14 %add_ln18_7 to i64" [block_mmult.cc:18]   --->   Operation 60 'zext' 'zext_ln18_11' <Predicate = true> <Delay = 0.00>
ST_1 : Operation 61 [1/1] (0.00ns)   --->   "%out_addr_7 = getelementptr [10000 x i16]* %out_r, i64 0, i64 %zext_ln18_11" [block_mmult.cc:18]   --->   Operation 61 'getelementptr' 'out_addr_7' <Predicate = true> <Delay = 0.00>
ST_1 : Operation 62 [1/1] (1.87ns)   --->   "%add_ln15_1 = add i7 %ii_read, 2" [block_mmult.cc:15]   --->   Operation 62 'add' 'add_ln15_1' <Predicate = true> <Delay = 1.87> <Core = "AddSub">   --->   Core 14 'AddSub' <Latency = 0> <II = 1> <Delay = 1.81> <FuncUnit> <Opcode : 'add' 'sub'> <InPorts = 2> <OutPorts = 1>
ST_1 : Operation 63 [1/1] (1.48ns)   --->   "%icmp_ln15_2 = icmp ult i7 %add_ln15_1, -28" [block_mmult.cc:15]   --->   Operation 63 'icmp' 'icmp_ln15_2' <Predicate = true> <Delay = 1.48> <Core = "Cmp">   --->   Core 25 'Cmp' <Latency = 0> <II = 1> <Delay = 1.48> <FuncUnit> <Opcode : 'icmp'> <InPorts = 2> <OutPorts = 1>
ST_1 : Operation 64 [1/1] (0.00ns)   --->   "%zext_ln15_2 = zext i7 %add_ln15_1 to i14" [block_mmult.cc:15]   --->   Operation 64 'zext' 'zext_ln15_2' <Predicate = true> <Delay = 0.00>
ST_1 : Operation 65 [1/1] (4.17ns)   --->   "%mul_ln15_2 = mul i14 %zext_ln15_2, 100" [block_mmult.cc:15]   --->   Operation 65 'mul' 'mul_ln15_2' <Predicate = true> <Delay = 4.17> <Core = "Mul">   --->   Core 16 'Mul' <Latency = 0> <II = 1> <Delay = 4.17> <FuncUnit> <Opcode : 'mul'> <InPorts = 2> <OutPorts = 1>
ST_1 : Operation 66 [1/1] (1.81ns)   --->   "%add_ln18_8 = add i14 %mul_ln15_2, %zext_ln18" [block_mmult.cc:18]   --->   Operation 66 'add' 'add_ln18_8' <Predicate = true> <Delay = 1.81> <Core = "AddSub">   --->   Core 14 'AddSub' <Latency = 0> <II = 1> <Delay = 1.81> <FuncUnit> <Opcode : 'add' 'sub'> <InPorts = 2> <OutPorts = 1>
ST_1 : Operation 67 [1/1] (0.00ns)   --->   "%zext_ln18_12 = zext i14 %add_ln18_8 to i64" [block_mmult.cc:18]   --->   Operation 67 'zext' 'zext_ln18_12' <Predicate = true> <Delay = 0.00>
ST_1 : Operation 68 [1/1] (0.00ns)   --->   "%out_addr_8 = getelementptr [10000 x i16]* %out_r, i64 0, i64 %zext_ln18_12" [block_mmult.cc:18]   --->   Operation 68 'getelementptr' 'out_addr_8' <Predicate = true> <Delay = 0.00>
ST_1 : Operation 69 [1/1] (1.81ns)   --->   "%add_ln18_9 = add i14 %mul_ln15_2, %zext_ln18_2" [block_mmult.cc:18]   --->   Operation 69 'add' 'add_ln18_9' <Predicate = true> <Delay = 1.81> <Core = "AddSub">   --->   Core 14 'AddSub' <Latency = 0> <II = 1> <Delay = 1.81> <FuncUnit> <Opcode : 'add' 'sub'> <InPorts = 2> <OutPorts = 1>
ST_1 : Operation 70 [1/1] (0.00ns)   --->   "%zext_ln18_13 = zext i14 %add_ln18_9 to i64" [block_mmult.cc:18]   --->   Operation 70 'zext' 'zext_ln18_13' <Predicate = true> <Delay = 0.00>
ST_1 : Operation 71 [1/1] (0.00ns)   --->   "%out_addr_9 = getelementptr [10000 x i16]* %out_r, i64 0, i64 %zext_ln18_13" [block_mmult.cc:18]   --->   Operation 71 'getelementptr' 'out_addr_9' <Predicate = true> <Delay = 0.00>
ST_1 : Operation 72 [1/1] (1.81ns)   --->   "%add_ln18_10 = add i14 %mul_ln15_2, %zext_ln18_4" [block_mmult.cc:18]   --->   Operation 72 'add' 'add_ln18_10' <Predicate = true> <Delay = 1.81> <Core = "AddSub">   --->   Core 14 'AddSub' <Latency = 0> <II = 1> <Delay = 1.81> <FuncUnit> <Opcode : 'add' 'sub'> <InPorts = 2> <OutPorts = 1>
ST_1 : Operation 73 [1/1] (0.00ns)   --->   "%zext_ln18_14 = zext i14 %add_ln18_10 to i64" [block_mmult.cc:18]   --->   Operation 73 'zext' 'zext_ln18_14' <Predicate = true> <Delay = 0.00>
ST_1 : Operation 74 [1/1] (0.00ns)   --->   "%out_addr_10 = getelementptr [10000 x i16]* %out_r, i64 0, i64 %zext_ln18_14" [block_mmult.cc:18]   --->   Operation 74 'getelementptr' 'out_addr_10' <Predicate = true> <Delay = 0.00>
ST_1 : Operation 75 [1/1] (1.81ns)   --->   "%add_ln18_11 = add i14 %mul_ln15_2, %zext_ln18_6" [block_mmult.cc:18]   --->   Operation 75 'add' 'add_ln18_11' <Predicate = true> <Delay = 1.81> <Core = "AddSub">   --->   Core 14 'AddSub' <Latency = 0> <II = 1> <Delay = 1.81> <FuncUnit> <Opcode : 'add' 'sub'> <InPorts = 2> <OutPorts = 1>
ST_1 : Operation 76 [1/1] (0.00ns)   --->   "%zext_ln18_15 = zext i14 %add_ln18_11 to i64" [block_mmult.cc:18]   --->   Operation 76 'zext' 'zext_ln18_15' <Predicate = true> <Delay = 0.00>
ST_1 : Operation 77 [1/1] (0.00ns)   --->   "%out_addr_11 = getelementptr [10000 x i16]* %out_r, i64 0, i64 %zext_ln18_15" [block_mmult.cc:18]   --->   Operation 77 'getelementptr' 'out_addr_11' <Predicate = true> <Delay = 0.00>
ST_1 : Operation 78 [1/1] (1.87ns)   --->   "%add_ln15_2 = add i7 %ii_read, 3" [block_mmult.cc:15]   --->   Operation 78 'add' 'add_ln15_2' <Predicate = true> <Delay = 1.87> <Core = "AddSub">   --->   Core 14 'AddSub' <Latency = 0> <II = 1> <Delay = 1.81> <FuncUnit> <Opcode : 'add' 'sub'> <InPorts = 2> <OutPorts = 1>
ST_1 : Operation 79 [1/1] (1.48ns)   --->   "%icmp_ln15_3 = icmp ult i7 %add_ln15_2, -28" [block_mmult.cc:15]   --->   Operation 79 'icmp' 'icmp_ln15_3' <Predicate = true> <Delay = 1.48> <Core = "Cmp">   --->   Core 25 'Cmp' <Latency = 0> <II = 1> <Delay = 1.48> <FuncUnit> <Opcode : 'icmp'> <InPorts = 2> <OutPorts = 1>
ST_1 : Operation 80 [1/1] (0.00ns)   --->   "%zext_ln15_3 = zext i7 %add_ln15_2 to i14" [block_mmult.cc:15]   --->   Operation 80 'zext' 'zext_ln15_3' <Predicate = true> <Delay = 0.00>
ST_1 : Operation 81 [1/1] (4.17ns)   --->   "%mul_ln15_3 = mul i14 %zext_ln15_3, 100" [block_mmult.cc:15]   --->   Operation 81 'mul' 'mul_ln15_3' <Predicate = true> <Delay = 4.17> <Core = "Mul">   --->   Core 16 'Mul' <Latency = 0> <II = 1> <Delay = 4.17> <FuncUnit> <Opcode : 'mul'> <InPorts = 2> <OutPorts = 1>
ST_1 : Operation 82 [1/1] (1.81ns)   --->   "%add_ln18_12 = add i14 %mul_ln15_3, %zext_ln18" [block_mmult.cc:18]   --->   Operation 82 'add' 'add_ln18_12' <Predicate = true> <Delay = 1.81> <Core = "AddSub">   --->   Core 14 'AddSub' <Latency = 0> <II = 1> <Delay = 1.81> <FuncUnit> <Opcode : 'add' 'sub'> <InPorts = 2> <OutPorts = 1>
ST_1 : Operation 83 [1/1] (0.00ns)   --->   "%zext_ln18_16 = zext i14 %add_ln18_12 to i64" [block_mmult.cc:18]   --->   Operation 83 'zext' 'zext_ln18_16' <Predicate = true> <Delay = 0.00>
ST_1 : Operation 84 [1/1] (0.00ns)   --->   "%out_addr_12 = getelementptr [10000 x i16]* %out_r, i64 0, i64 %zext_ln18_16" [block_mmult.cc:18]   --->   Operation 84 'getelementptr' 'out_addr_12' <Predicate = true> <Delay = 0.00>
ST_1 : Operation 85 [1/1] (1.81ns)   --->   "%add_ln18_13 = add i14 %mul_ln15_3, %zext_ln18_2" [block_mmult.cc:18]   --->   Operation 85 'add' 'add_ln18_13' <Predicate = true> <Delay = 1.81> <Core = "AddSub">   --->   Core 14 'AddSub' <Latency = 0> <II = 1> <Delay = 1.81> <FuncUnit> <Opcode : 'add' 'sub'> <InPorts = 2> <OutPorts = 1>
ST_1 : Operation 86 [1/1] (0.00ns)   --->   "%zext_ln18_17 = zext i14 %add_ln18_13 to i64" [block_mmult.cc:18]   --->   Operation 86 'zext' 'zext_ln18_17' <Predicate = true> <Delay = 0.00>
ST_1 : Operation 87 [1/1] (0.00ns)   --->   "%out_addr_13 = getelementptr [10000 x i16]* %out_r, i64 0, i64 %zext_ln18_17" [block_mmult.cc:18]   --->   Operation 87 'getelementptr' 'out_addr_13' <Predicate = true> <Delay = 0.00>
ST_1 : Operation 88 [1/1] (1.81ns)   --->   "%add_ln18_14 = add i14 %mul_ln15_3, %zext_ln18_4" [block_mmult.cc:18]   --->   Operation 88 'add' 'add_ln18_14' <Predicate = true> <Delay = 1.81> <Core = "AddSub">   --->   Core 14 'AddSub' <Latency = 0> <II = 1> <Delay = 1.81> <FuncUnit> <Opcode : 'add' 'sub'> <InPorts = 2> <OutPorts = 1>
ST_1 : Operation 89 [1/1] (0.00ns)   --->   "%zext_ln18_18 = zext i14 %add_ln18_14 to i64" [block_mmult.cc:18]   --->   Operation 89 'zext' 'zext_ln18_18' <Predicate = true> <Delay = 0.00>
ST_1 : Operation 90 [1/1] (0.00ns)   --->   "%out_addr_14 = getelementptr [10000 x i16]* %out_r, i64 0, i64 %zext_ln18_18" [block_mmult.cc:18]   --->   Operation 90 'getelementptr' 'out_addr_14' <Predicate = true> <Delay = 0.00>
ST_1 : Operation 91 [1/1] (1.81ns)   --->   "%add_ln18_15 = add i14 %mul_ln15_3, %zext_ln18_6" [block_mmult.cc:18]   --->   Operation 91 'add' 'add_ln18_15' <Predicate = true> <Delay = 1.81> <Core = "AddSub">   --->   Core 14 'AddSub' <Latency = 0> <II = 1> <Delay = 1.81> <FuncUnit> <Opcode : 'add' 'sub'> <InPorts = 2> <OutPorts = 1>
ST_1 : Operation 92 [1/1] (0.00ns)   --->   "%zext_ln18_19 = zext i14 %add_ln18_15 to i64" [block_mmult.cc:18]   --->   Operation 92 'zext' 'zext_ln18_19' <Predicate = true> <Delay = 0.00>
ST_1 : Operation 93 [1/1] (0.00ns)   --->   "%out_addr_15 = getelementptr [10000 x i16]* %out_r, i64 0, i64 %zext_ln18_19" [block_mmult.cc:18]   --->   Operation 93 'getelementptr' 'out_addr_15' <Predicate = true> <Delay = 0.00>
ST_1 : Operation 94 [1/1] (1.76ns)   --->   "br label %1" [block_mmult.cc:10]   --->   Operation 94 'br' <Predicate = true> <Delay = 1.76>

State 2 <SV = 1> <Delay = 5.06>
ST_2 : Operation 95 [1/1] (0.00ns)   --->   "%k_0 = phi i7 [ 0, %0 ], [ %k, %hls_label_0 ]"   --->   Operation 95 'phi' 'k_0' <Predicate = true> <Delay = 0.00>
ST_2 : Operation 96 [1/1] (0.00ns)   --->   "%phi_mul = phi i14 [ 0, %0 ], [ %add_ln16_7, %hls_label_0 ]" [block_mmult.cc:16]   --->   Operation 96 'phi' 'phi_mul' <Predicate = true> <Delay = 0.00>
ST_2 : Operation 97 [1/1] (1.48ns)   --->   "%icmp_ln10 = icmp eq i7 %k_0, -28" [block_mmult.cc:10]   --->   Operation 97 'icmp' 'icmp_ln10' <Predicate = true> <Delay = 1.48> <Core = "Cmp">   --->   Core 25 'Cmp' <Latency = 0> <II = 1> <Delay = 1.48> <FuncUnit> <Opcode : 'icmp'> <InPorts = 2> <OutPorts = 1>
ST_2 : Operation 98 [1/1] (0.00ns)   --->   "%empty = call i32 (...)* @_ssdm_op_SpecLoopTripCount(i64 100, i64 100, i64 100)"   --->   Operation 98 'speclooptripcount' 'empty' <Predicate = true> <Delay = 0.00>
ST_2 : Operation 99 [1/1] (1.87ns)   --->   "%k = add i7 %k_0, 1" [block_mmult.cc:10]   --->   Operation 99 'add' 'k' <Predicate = true> <Delay = 1.87> <Core = "AddSub">   --->   Core 14 'AddSub' <Latency = 0> <II = 1> <Delay = 1.81> <FuncUnit> <Opcode : 'add' 'sub'> <InPorts = 2> <OutPorts = 1>
ST_2 : Operation 100 [1/1] (0.00ns)   --->   "br i1 %icmp_ln10, label %2, label %hls_label_0" [block_mmult.cc:10]   --->   Operation 100 'br' <Predicate = true> <Delay = 0.00>
ST_2 : Operation 101 [1/1] (1.48ns)   --->   "%icmp_ln14 = icmp eq i7 %k_0, 0" [block_mmult.cc:14]   --->   Operation 101 'icmp' 'icmp_ln14' <Predicate = (!icmp_ln10)> <Delay = 1.48> <Core = "Cmp">   --->   Core 25 'Cmp' <Latency = 0> <II = 1> <Delay = 1.48> <FuncUnit> <Opcode : 'icmp'> <InPorts = 2> <OutPorts = 1>
ST_2 : Operation 102 [1/1] (0.00ns)   --->   "%zext_ln15_4 = zext i7 %k_0 to i14" [block_mmult.cc:15]   --->   Operation 102 'zext' 'zext_ln15_4' <Predicate = (!icmp_ln10)> <Delay = 0.00>
ST_2 : Operation 103 [1/1] (1.81ns)   --->   "%add_ln15_3 = add i14 %mul_ln15, %zext_ln15_4" [block_mmult.cc:15]   --->   Operation 103 'add' 'add_ln15_3' <Predicate = (!icmp_ln10 & icmp_ln15)> <Delay = 1.81> <Core = "AddSub">   --->   Core 14 'AddSub' <Latency = 0> <II = 1> <Delay = 1.81> <FuncUnit> <Opcode : 'add' 'sub'> <InPorts = 2> <OutPorts = 1>
ST_2 : Operation 104 [1/1] (0.00ns)   --->   "%zext_ln15_5 = zext i14 %add_ln15_3 to i64" [block_mmult.cc:15]   --->   Operation 104 'zext' 'zext_ln15_5' <Predicate = (!icmp_ln10 & icmp_ln15)> <Delay = 0.00>
ST_2 : Operation 105 [1/1] (0.00ns)   --->   "%A_addr = getelementptr [10000 x i16]* %A, i64 0, i64 %zext_ln15_5" [block_mmult.cc:15]   --->   Operation 105 'getelementptr' 'A_addr' <Predicate = (!icmp_ln10 & icmp_ln15)> <Delay = 0.00>
ST_2 : Operation 106 [1/1] (1.81ns)   --->   "%add_ln15_4 = add i14 %mul_ln15_1, %zext_ln15_4" [block_mmult.cc:15]   --->   Operation 106 'add' 'add_ln15_4' <Predicate = (!icmp_ln10 & icmp_ln15_1)> <Delay = 1.81> <Core = "AddSub">   --->   Core 14 'AddSub' <Latency = 0> <II = 1> <Delay = 1.81> <FuncUnit> <Opcode : 'add' 'sub'> <InPorts = 2> <OutPorts = 1>
ST_2 : Operation 107 [1/1] (0.00ns)   --->   "%zext_ln15_6 = zext i14 %add_ln15_4 to i64" [block_mmult.cc:15]   --->   Operation 107 'zext' 'zext_ln15_6' <Predicate = (!icmp_ln10 & icmp_ln15_1)> <Delay = 0.00>
ST_2 : Operation 108 [1/1] (0.00ns)   --->   "%A_addr_1 = getelementptr [10000 x i16]* %A, i64 0, i64 %zext_ln15_6" [block_mmult.cc:15]   --->   Operation 108 'getelementptr' 'A_addr_1' <Predicate = (!icmp_ln10 & icmp_ln15_1)> <Delay = 0.00>
ST_2 : Operation 109 [1/1] (1.81ns)   --->   "%add_ln15_5 = add i14 %mul_ln15_2, %zext_ln15_4" [block_mmult.cc:15]   --->   Operation 109 'add' 'add_ln15_5' <Predicate = (!icmp_ln10 & icmp_ln15_2)> <Delay = 1.81> <Core = "AddSub">   --->   Core 14 'AddSub' <Latency = 0> <II = 1> <Delay = 1.81> <FuncUnit> <Opcode : 'add' 'sub'> <InPorts = 2> <OutPorts = 1>
ST_2 : Operation 110 [1/1] (1.81ns)   --->   "%add_ln15_6 = add i14 %mul_ln15_3, %zext_ln15_4" [block_mmult.cc:15]   --->   Operation 110 'add' 'add_ln15_6' <Predicate = (!icmp_ln10 & icmp_ln15_3)> <Delay = 1.81> <Core = "AddSub">   --->   Core 14 'AddSub' <Latency = 0> <II = 1> <Delay = 1.81> <FuncUnit> <Opcode : 'add' 'sub'> <InPorts = 2> <OutPorts = 1>
ST_2 : Operation 111 [1/1] (1.81ns)   --->   "%add_ln16_3 = add i14 %phi_mul, %zext_ln18" [block_mmult.cc:16]   --->   Operation 111 'add' 'add_ln16_3' <Predicate = (!icmp_ln10)> <Delay = 1.81> <Core = "AddSub">   --->   Core 14 'AddSub' <Latency = 0> <II = 1> <Delay = 1.81> <FuncUnit> <Opcode : 'add' 'sub'> <InPorts = 2> <OutPorts = 1>
ST_2 : Operation 112 [1/1] (0.00ns)   --->   "%zext_ln16 = zext i14 %add_ln16_3 to i64" [block_mmult.cc:16]   --->   Operation 112 'zext' 'zext_ln16' <Predicate = (!icmp_ln10)> <Delay = 0.00>
ST_2 : Operation 113 [1/1] (0.00ns)   --->   "%B_addr = getelementptr [10000 x i16]* %B, i64 0, i64 %zext_ln16" [block_mmult.cc:16]   --->   Operation 113 'getelementptr' 'B_addr' <Predicate = (!icmp_ln10)> <Delay = 0.00>
ST_2 : Operation 114 [1/1] (1.81ns)   --->   "%add_ln16_4 = add i14 %phi_mul, %zext_ln18_2" [block_mmult.cc:16]   --->   Operation 114 'add' 'add_ln16_4' <Predicate = (!icmp_ln10 & icmp_ln16)> <Delay = 1.81> <Core = "AddSub">   --->   Core 14 'AddSub' <Latency = 0> <II = 1> <Delay = 1.81> <FuncUnit> <Opcode : 'add' 'sub'> <InPorts = 2> <OutPorts = 1>
ST_2 : Operation 115 [1/1] (0.00ns)   --->   "%zext_ln16_1 = zext i14 %add_ln16_4 to i64" [block_mmult.cc:16]   --->   Operation 115 'zext' 'zext_ln16_1' <Predicate = (!icmp_ln10 & icmp_ln16)> <Delay = 0.00>
ST_2 : Operation 116 [1/1] (0.00ns)   --->   "%B_addr_1 = getelementptr [10000 x i16]* %B, i64 0, i64 %zext_ln16_1" [block_mmult.cc:16]   --->   Operation 116 'getelementptr' 'B_addr_1' <Predicate = (!icmp_ln10 & icmp_ln16)> <Delay = 0.00>
ST_2 : Operation 117 [1/1] (1.81ns)   --->   "%add_ln16_5 = add i14 %phi_mul, %zext_ln18_4" [block_mmult.cc:16]   --->   Operation 117 'add' 'add_ln16_5' <Predicate = (!icmp_ln10 & icmp_ln16_1)> <Delay = 1.81> <Core = "AddSub">   --->   Core 14 'AddSub' <Latency = 0> <II = 1> <Delay = 1.81> <FuncUnit> <Opcode : 'add' 'sub'> <InPorts = 2> <OutPorts = 1>
ST_2 : Operation 118 [1/1] (1.81ns)   --->   "%add_ln16_6 = add i14 %phi_mul, %zext_ln18_6" [block_mmult.cc:16]   --->   Operation 118 'add' 'add_ln16_6' <Predicate = (!icmp_ln10 & icmp_ln16_2)> <Delay = 1.81> <Core = "AddSub">   --->   Core 14 'AddSub' <Latency = 0> <II = 1> <Delay = 1.81> <FuncUnit> <Opcode : 'add' 'sub'> <InPorts = 2> <OutPorts = 1>
ST_2 : Operation 119 [2/2] (3.25ns)   --->   "%out_load = load i16* %out_addr, align 2" [block_mmult.cc:14]   --->   Operation 119 'load' 'out_load' <Predicate = (!icmp_ln10)> <Delay = 3.25> <Core = "RAM">   --->   Core 37 'RAM' <Latency = 1> <II = 1> <Delay = 3.25> <Storage> <Opcode : 'load' 'store'> <Ports = 2> <Width = 16> <Depth = 10000> <RAM>
ST_2 : Operation 120 [2/2] (3.25ns)   --->   "%A_load = load i16* %A_addr, align 2" [block_mmult.cc:15]   --->   Operation 120 'load' 'A_load' <Predicate = (!icmp_ln10 & icmp_ln15)> <Delay = 3.25> <Core = "RAM">   --->   Core 37 'RAM' <Latency = 1> <II = 1> <Delay = 3.25> <Storage> <Opcode : 'load' 'store'> <Ports = 2> <Width = 16> <Depth = 10000> <RAM>
ST_2 : Operation 121 [2/2] (3.25ns)   --->   "%B_load = load i16* %B_addr, align 2" [block_mmult.cc:16]   --->   Operation 121 'load' 'B_load' <Predicate = (!icmp_ln10)> <Delay = 3.25> <Core = "RAM">   --->   Core 37 'RAM' <Latency = 1> <II = 1> <Delay = 3.25> <Storage> <Opcode : 'load' 'store'> <Ports = 2> <Width = 16> <Depth = 10000> <RAM>
ST_2 : Operation 122 [2/2] (3.25ns)   --->   "%out_load_1 = load i16* %out_addr_1, align 2" [block_mmult.cc:14]   --->   Operation 122 'load' 'out_load_1' <Predicate = (!icmp_ln10)> <Delay = 3.25> <Core = "RAM">   --->   Core 37 'RAM' <Latency = 1> <II = 1> <Delay = 3.25> <Storage> <Opcode : 'load' 'store'> <Ports = 2> <Width = 16> <Depth = 10000> <RAM>
ST_2 : Operation 123 [2/2] (3.25ns)   --->   "%B_load_1 = load i16* %B_addr_1, align 2" [block_mmult.cc:16]   --->   Operation 123 'load' 'B_load_1' <Predicate = (!icmp_ln10 & icmp_ln16)> <Delay = 3.25> <Core = "RAM">   --->   Core 37 'RAM' <Latency = 1> <II = 1> <Delay = 3.25> <Storage> <Opcode : 'load' 'store'> <Ports = 2> <Width = 16> <Depth = 10000> <RAM>
ST_2 : Operation 124 [2/2] (3.25ns)   --->   "%A_load_1 = load i16* %A_addr_1, align 2" [block_mmult.cc:15]   --->   Operation 124 'load' 'A_load_1' <Predicate = (!icmp_ln10 & icmp_ln15_1)> <Delay = 3.25> <Core = "RAM">   --->   Core 37 'RAM' <Latency = 1> <II = 1> <Delay = 3.25> <Storage> <Opcode : 'load' 'store'> <Ports = 2> <Width = 16> <Depth = 10000> <RAM>

State 3 <SV = 2> <Delay = 4.05>
ST_3 : Operation 125 [1/1] (0.00ns)   --->   "%zext_ln15_7 = zext i14 %add_ln15_5 to i64" [block_mmult.cc:15]   --->   Operation 125 'zext' 'zext_ln15_7' <Predicate = (icmp_ln15_2)> <Delay = 0.00>
ST_3 : Operation 126 [1/1] (0.00ns)   --->   "%A_addr_2 = getelementptr [10000 x i16]* %A, i64 0, i64 %zext_ln15_7" [block_mmult.cc:15]   --->   Operation 126 'getelementptr' 'A_addr_2' <Predicate = (icmp_ln15_2)> <Delay = 0.00>
ST_3 : Operation 127 [1/1] (0.00ns)   --->   "%zext_ln15_8 = zext i14 %add_ln15_6 to i64" [block_mmult.cc:15]   --->   Operation 127 'zext' 'zext_ln15_8' <Predicate = (icmp_ln15_3)> <Delay = 0.00>
ST_3 : Operation 128 [1/1] (0.00ns)   --->   "%A_addr_3 = getelementptr [10000 x i16]* %A, i64 0, i64 %zext_ln15_8" [block_mmult.cc:15]   --->   Operation 128 'getelementptr' 'A_addr_3' <Predicate = (icmp_ln15_3)> <Delay = 0.00>
ST_3 : Operation 129 [1/1] (0.00ns)   --->   "%zext_ln16_2 = zext i14 %add_ln16_5 to i64" [block_mmult.cc:16]   --->   Operation 129 'zext' 'zext_ln16_2' <Predicate = (icmp_ln16_1)> <Delay = 0.00>
ST_3 : Operation 130 [1/1] (0.00ns)   --->   "%B_addr_2 = getelementptr [10000 x i16]* %B, i64 0, i64 %zext_ln16_2" [block_mmult.cc:16]   --->   Operation 130 'getelementptr' 'B_addr_2' <Predicate = (icmp_ln16_1)> <Delay = 0.00>
ST_3 : Operation 131 [1/1] (0.00ns)   --->   "%zext_ln16_3 = zext i14 %add_ln16_6 to i64" [block_mmult.cc:16]   --->   Operation 131 'zext' 'zext_ln16_3' <Predicate = (icmp_ln16_2)> <Delay = 0.00>
ST_3 : Operation 132 [1/1] (0.00ns)   --->   "%B_addr_3 = getelementptr [10000 x i16]* %B, i64 0, i64 %zext_ln16_3" [block_mmult.cc:16]   --->   Operation 132 'getelementptr' 'B_addr_3' <Predicate = (icmp_ln16_2)> <Delay = 0.00>
ST_3 : Operation 133 [1/2] (3.25ns)   --->   "%out_load = load i16* %out_addr, align 2" [block_mmult.cc:14]   --->   Operation 133 'load' 'out_load' <Predicate = true> <Delay = 3.25> <Core = "RAM">   --->   Core 37 'RAM' <Latency = 1> <II = 1> <Delay = 3.25> <Storage> <Opcode : 'load' 'store'> <Ports = 2> <Width = 16> <Depth = 10000> <RAM>
ST_3 : Operation 134 [1/2] (3.25ns)   --->   "%A_load = load i16* %A_addr, align 2" [block_mmult.cc:15]   --->   Operation 134 'load' 'A_load' <Predicate = (icmp_ln15)> <Delay = 3.25> <Core = "RAM">   --->   Core 37 'RAM' <Latency = 1> <II = 1> <Delay = 3.25> <Storage> <Opcode : 'load' 'store'> <Ports = 2> <Width = 16> <Depth = 10000> <RAM>
ST_3 : Operation 135 [1/1] (0.80ns)   --->   "%select_ln15 = select i1 %icmp_ln15, i16 %A_load, i16 0" [block_mmult.cc:15]   --->   Operation 135 'select' 'select_ln15' <Predicate = true> <Delay = 0.80> <Core = "Sel">   --->   Core 26 'Sel' <Latency = 0> <II = 1> <Delay = 0.80> <FuncUnit> <Opcode : 'select'> <InPorts = 3> <OutPorts = 1>
ST_3 : Operation 136 [1/2] (3.25ns)   --->   "%B_load = load i16* %B_addr, align 2" [block_mmult.cc:16]   --->   Operation 136 'load' 'B_load' <Predicate = true> <Delay = 3.25> <Core = "RAM">   --->   Core 37 'RAM' <Latency = 1> <II = 1> <Delay = 3.25> <Storage> <Opcode : 'load' 'store'> <Ports = 2> <Width = 16> <Depth = 10000> <RAM>
ST_3 : Operation 137 [1/2] (3.25ns)   --->   "%out_load_1 = load i16* %out_addr_1, align 2" [block_mmult.cc:14]   --->   Operation 137 'load' 'out_load_1' <Predicate = true> <Delay = 3.25> <Core = "RAM">   --->   Core 37 'RAM' <Latency = 1> <II = 1> <Delay = 3.25> <Storage> <Opcode : 'load' 'store'> <Ports = 2> <Width = 16> <Depth = 10000> <RAM>
ST_3 : Operation 138 [1/2] (3.25ns)   --->   "%B_load_1 = load i16* %B_addr_1, align 2" [block_mmult.cc:16]   --->   Operation 138 'load' 'B_load_1' <Predicate = (icmp_ln16)> <Delay = 3.25> <Core = "RAM">   --->   Core 37 'RAM' <Latency = 1> <II = 1> <Delay = 3.25> <Storage> <Opcode : 'load' 'store'> <Ports = 2> <Width = 16> <Depth = 10000> <RAM>
ST_3 : Operation 139 [1/1] (0.80ns)   --->   "%select_ln16 = select i1 %icmp_ln16, i16 %B_load_1, i16 0" [block_mmult.cc:16]   --->   Operation 139 'select' 'select_ln16' <Predicate = true> <Delay = 0.80> <Core = "Sel">   --->   Core 26 'Sel' <Latency = 0> <II = 1> <Delay = 0.80> <FuncUnit> <Opcode : 'select'> <InPorts = 3> <OutPorts = 1>
ST_3 : Operation 140 [2/2] (3.25ns)   --->   "%out_load_2 = load i16* %out_addr_2, align 2" [block_mmult.cc:14]   --->   Operation 140 'load' 'out_load_2' <Predicate = (!icmp_ln14)> <Delay = 3.25> <Core = "RAM">   --->   Core 37 'RAM' <Latency = 1> <II = 1> <Delay = 3.25> <Storage> <Opcode : 'load' 'store'> <Ports = 2> <Width = 16> <Depth = 10000> <RAM>
ST_3 : Operation 141 [2/2] (3.25ns)   --->   "%B_load_2 = load i16* %B_addr_2, align 2" [block_mmult.cc:16]   --->   Operation 141 'load' 'B_load_2' <Predicate = (icmp_ln16_1)> <Delay = 3.25> <Core = "RAM">   --->   Core 37 'RAM' <Latency = 1> <II = 1> <Delay = 3.25> <Storage> <Opcode : 'load' 'store'> <Ports = 2> <Width = 16> <Depth = 10000> <RAM>
ST_3 : Operation 142 [2/2] (3.25ns)   --->   "%out_load_3 = load i16* %out_addr_3, align 2" [block_mmult.cc:14]   --->   Operation 142 'load' 'out_load_3' <Predicate = (!icmp_ln14)> <Delay = 3.25> <Core = "RAM">   --->   Core 37 'RAM' <Latency = 1> <II = 1> <Delay = 3.25> <Storage> <Opcode : 'load' 'store'> <Ports = 2> <Width = 16> <Depth = 10000> <RAM>
ST_3 : Operation 143 [2/2] (3.25ns)   --->   "%B_load_3 = load i16* %B_addr_3, align 2" [block_mmult.cc:16]   --->   Operation 143 'load' 'B_load_3' <Predicate = (icmp_ln16_2)> <Delay = 3.25> <Core = "RAM">   --->   Core 37 'RAM' <Latency = 1> <II = 1> <Delay = 3.25> <Storage> <Opcode : 'load' 'store'> <Ports = 2> <Width = 16> <Depth = 10000> <RAM>
ST_3 : Operation 144 [1/2] (3.25ns)   --->   "%A_load_1 = load i16* %A_addr_1, align 2" [block_mmult.cc:15]   --->   Operation 144 'load' 'A_load_1' <Predicate = (icmp_ln15_1)> <Delay = 3.25> <Core = "RAM">   --->   Core 37 'RAM' <Latency = 1> <II = 1> <Delay = 3.25> <Storage> <Opcode : 'load' 'store'> <Ports = 2> <Width = 16> <Depth = 10000> <RAM>
ST_3 : Operation 145 [1/1] (0.80ns)   --->   "%select_ln15_1 = select i1 %icmp_ln15_1, i16 %A_load_1, i16 0" [block_mmult.cc:15]   --->   Operation 145 'select' 'select_ln15_1' <Predicate = true> <Delay = 0.80> <Core = "Sel">   --->   Core 26 'Sel' <Latency = 0> <II = 1> <Delay = 0.80> <FuncUnit> <Opcode : 'select'> <InPorts = 3> <OutPorts = 1>
ST_3 : Operation 146 [2/2] (3.25ns)   --->   "%A_load_2 = load i16* %A_addr_2, align 2" [block_mmult.cc:15]   --->   Operation 146 'load' 'A_load_2' <Predicate = (icmp_ln15_2)> <Delay = 3.25> <Core = "RAM">   --->   Core 37 'RAM' <Latency = 1> <II = 1> <Delay = 3.25> <Storage> <Opcode : 'load' 'store'> <Ports = 2> <Width = 16> <Depth = 10000> <RAM>
ST_3 : Operation 147 [2/2] (3.25ns)   --->   "%A_load_3 = load i16* %A_addr_3, align 2" [block_mmult.cc:15]   --->   Operation 147 'load' 'A_load_3' <Predicate = (icmp_ln15_3)> <Delay = 3.25> <Core = "RAM">   --->   Core 37 'RAM' <Latency = 1> <II = 1> <Delay = 3.25> <Storage> <Opcode : 'load' 'store'> <Ports = 2> <Width = 16> <Depth = 10000> <RAM>

State 4 <SV = 3> <Delay = 6.38>
ST_4 : Operation 148 [1/1] (0.80ns)   --->   "%select_ln14 = select i1 %icmp_ln14, i16 0, i16 %out_load" [block_mmult.cc:14]   --->   Operation 148 'select' 'select_ln14' <Predicate = true> <Delay = 0.80> <Core = "Sel">   --->   Core 26 'Sel' <Latency = 0> <II = 1> <Delay = 0.80> <FuncUnit> <Opcode : 'select'> <InPorts = 3> <OutPorts = 1>
ST_4 : Operation 149 [1/1] (3.36ns) (grouped into DSP with root node add_ln17)   --->   "%mul_ln17 = mul i16 %select_ln15, %B_load" [block_mmult.cc:17]   --->   Operation 149 'mul' 'mul_ln17' <Predicate = true> <Delay = 3.36> <Core = "DSP48">   --->   Core 88 'DSP48' <Latency = 0> <II = 1> <Delay = 6.38> <IPBlock> <Opcode : 'mul' 'add' 'sub' 'select'> <InPorts = 0> <OutPorts = 1> <Sync> <CReg>
ST_4 : Operation 150 [1/1] (3.02ns) (root node of the DSP)   --->   "%add_ln17 = add i16 %select_ln14, %mul_ln17" [block_mmult.cc:17]   --->   Operation 150 'add' 'add_ln17' <Predicate = true> <Delay = 3.02> <Core = "DSP48">   --->   Core 88 'DSP48' <Latency = 0> <II = 1> <Delay = 6.38> <IPBlock> <Opcode : 'mul' 'add' 'sub' 'select'> <InPorts = 0> <OutPorts = 1> <Sync> <CReg>
ST_4 : Operation 151 [1/1] (0.80ns)   --->   "%select_ln14_1 = select i1 %icmp_ln14, i16 0, i16 %out_load_1" [block_mmult.cc:14]   --->   Operation 151 'select' 'select_ln14_1' <Predicate = true> <Delay = 0.80> <Core = "Sel">   --->   Core 26 'Sel' <Latency = 0> <II = 1> <Delay = 0.80> <FuncUnit> <Opcode : 'select'> <InPorts = 3> <OutPorts = 1>
ST_4 : Operation 152 [1/1] (3.36ns) (grouped into DSP with root node add_ln17_1)   --->   "%mul_ln17_1 = mul i16 %select_ln15, %select_ln16" [block_mmult.cc:17]   --->   Operation 152 'mul' 'mul_ln17_1' <Predicate = true> <Delay = 3.36> <Core = "DSP48">   --->   Core 88 'DSP48' <Latency = 0> <II = 1> <Delay = 6.38> <IPBlock> <Opcode : 'mul' 'add' 'sub' 'select'> <InPorts = 0> <OutPorts = 1> <Sync> <CReg>
ST_4 : Operation 153 [1/1] (3.02ns) (root node of the DSP)   --->   "%add_ln17_1 = add i16 %select_ln14_1, %mul_ln17_1" [block_mmult.cc:17]   --->   Operation 153 'add' 'add_ln17_1' <Predicate = true> <Delay = 3.02> <Core = "DSP48">   --->   Core 88 'DSP48' <Latency = 0> <II = 1> <Delay = 6.38> <IPBlock> <Opcode : 'mul' 'add' 'sub' 'select'> <InPorts = 0> <OutPorts = 1> <Sync> <CReg>
ST_4 : Operation 154 [1/2] (3.25ns)   --->   "%out_load_2 = load i16* %out_addr_2, align 2" [block_mmult.cc:14]   --->   Operation 154 'load' 'out_load_2' <Predicate = (!icmp_ln14)> <Delay = 3.25> <Core = "RAM">   --->   Core 37 'RAM' <Latency = 1> <II = 1> <Delay = 3.25> <Storage> <Opcode : 'load' 'store'> <Ports = 2> <Width = 16> <Depth = 10000> <RAM>
ST_4 : Operation 155 [1/2] (3.25ns)   --->   "%B_load_2 = load i16* %B_addr_2, align 2" [block_mmult.cc:16]   --->   Operation 155 'load' 'B_load_2' <Predicate = (icmp_ln16_1)> <Delay = 3.25> <Core = "RAM">   --->   Core 37 'RAM' <Latency = 1> <II = 1> <Delay = 3.25> <Storage> <Opcode : 'load' 'store'> <Ports = 2> <Width = 16> <Depth = 10000> <RAM>
ST_4 : Operation 156 [1/1] (0.80ns)   --->   "%select_ln16_1 = select i1 %icmp_ln16_1, i16 %B_load_2, i16 0" [block_mmult.cc:16]   --->   Operation 156 'select' 'select_ln16_1' <Predicate = true> <Delay = 0.80> <Core = "Sel">   --->   Core 26 'Sel' <Latency = 0> <II = 1> <Delay = 0.80> <FuncUnit> <Opcode : 'select'> <InPorts = 3> <OutPorts = 1>
ST_4 : Operation 157 [1/2] (3.25ns)   --->   "%out_load_3 = load i16* %out_addr_3, align 2" [block_mmult.cc:14]   --->   Operation 157 'load' 'out_load_3' <Predicate = (!icmp_ln14)> <Delay = 3.25> <Core = "RAM">   --->   Core 37 'RAM' <Latency = 1> <II = 1> <Delay = 3.25> <Storage> <Opcode : 'load' 'store'> <Ports = 2> <Width = 16> <Depth = 10000> <RAM>
ST_4 : Operation 158 [1/2] (3.25ns)   --->   "%B_load_3 = load i16* %B_addr_3, align 2" [block_mmult.cc:16]   --->   Operation 158 'load' 'B_load_3' <Predicate = (icmp_ln16_2)> <Delay = 3.25> <Core = "RAM">   --->   Core 37 'RAM' <Latency = 1> <II = 1> <Delay = 3.25> <Storage> <Opcode : 'load' 'store'> <Ports = 2> <Width = 16> <Depth = 10000> <RAM>
ST_4 : Operation 159 [1/1] (0.80ns)   --->   "%select_ln16_2 = select i1 %icmp_ln16_2, i16 %B_load_3, i16 0" [block_mmult.cc:16]   --->   Operation 159 'select' 'select_ln16_2' <Predicate = true> <Delay = 0.80> <Core = "Sel">   --->   Core 26 'Sel' <Latency = 0> <II = 1> <Delay = 0.80> <FuncUnit> <Opcode : 'select'> <InPorts = 3> <OutPorts = 1>
ST_4 : Operation 160 [2/2] (3.25ns)   --->   "%out_load_4 = load i16* %out_addr_4, align 2" [block_mmult.cc:14]   --->   Operation 160 'load' 'out_load_4' <Predicate = (!icmp_ln14)> <Delay = 3.25> <Core = "RAM">   --->   Core 37 'RAM' <Latency = 1> <II = 1> <Delay = 3.25> <Storage> <Opcode : 'load' 'store'> <Ports = 2> <Width = 16> <Depth = 10000> <RAM>
ST_4 : Operation 161 [2/2] (3.25ns)   --->   "%out_load_5 = load i16* %out_addr_5, align 2" [block_mmult.cc:14]   --->   Operation 161 'load' 'out_load_5' <Predicate = (!icmp_ln14)> <Delay = 3.25> <Core = "RAM">   --->   Core 37 'RAM' <Latency = 1> <II = 1> <Delay = 3.25> <Storage> <Opcode : 'load' 'store'> <Ports = 2> <Width = 16> <Depth = 10000> <RAM>
ST_4 : Operation 162 [1/2] (3.25ns)   --->   "%A_load_2 = load i16* %A_addr_2, align 2" [block_mmult.cc:15]   --->   Operation 162 'load' 'A_load_2' <Predicate = (icmp_ln15_2)> <Delay = 3.25> <Core = "RAM">   --->   Core 37 'RAM' <Latency = 1> <II = 1> <Delay = 3.25> <Storage> <Opcode : 'load' 'store'> <Ports = 2> <Width = 16> <Depth = 10000> <RAM>
ST_4 : Operation 163 [1/1] (0.80ns)   --->   "%select_ln15_2 = select i1 %icmp_ln15_2, i16 %A_load_2, i16 0" [block_mmult.cc:15]   --->   Operation 163 'select' 'select_ln15_2' <Predicate = true> <Delay = 0.80> <Core = "Sel">   --->   Core 26 'Sel' <Latency = 0> <II = 1> <Delay = 0.80> <FuncUnit> <Opcode : 'select'> <InPorts = 3> <OutPorts = 1>
ST_4 : Operation 164 [1/2] (3.25ns)   --->   "%A_load_3 = load i16* %A_addr_3, align 2" [block_mmult.cc:15]   --->   Operation 164 'load' 'A_load_3' <Predicate = (icmp_ln15_3)> <Delay = 3.25> <Core = "RAM">   --->   Core 37 'RAM' <Latency = 1> <II = 1> <Delay = 3.25> <Storage> <Opcode : 'load' 'store'> <Ports = 2> <Width = 16> <Depth = 10000> <RAM>
ST_4 : Operation 165 [1/1] (0.80ns)   --->   "%select_ln15_3 = select i1 %icmp_ln15_3, i16 %A_load_3, i16 0" [block_mmult.cc:15]   --->   Operation 165 'select' 'select_ln15_3' <Predicate = true> <Delay = 0.80> <Core = "Sel">   --->   Core 26 'Sel' <Latency = 0> <II = 1> <Delay = 0.80> <FuncUnit> <Opcode : 'select'> <InPorts = 3> <OutPorts = 1>

State 5 <SV = 4> <Delay = 6.38>
ST_5 : Operation 166 [1/1] (0.80ns)   --->   "%select_ln14_2 = select i1 %icmp_ln14, i16 0, i16 %out_load_2" [block_mmult.cc:14]   --->   Operation 166 'select' 'select_ln14_2' <Predicate = true> <Delay = 0.80> <Core = "Sel">   --->   Core 26 'Sel' <Latency = 0> <II = 1> <Delay = 0.80> <FuncUnit> <Opcode : 'select'> <InPorts = 3> <OutPorts = 1>
ST_5 : Operation 167 [1/1] (3.36ns) (grouped into DSP with root node add_ln17_2)   --->   "%mul_ln17_2 = mul i16 %select_ln15, %select_ln16_1" [block_mmult.cc:17]   --->   Operation 167 'mul' 'mul_ln17_2' <Predicate = true> <Delay = 3.36> <Core = "DSP48">   --->   Core 88 'DSP48' <Latency = 0> <II = 1> <Delay = 6.38> <IPBlock> <Opcode : 'mul' 'add' 'sub' 'select'> <InPorts = 0> <OutPorts = 1> <Sync> <CReg>
ST_5 : Operation 168 [1/1] (3.02ns) (root node of the DSP)   --->   "%add_ln17_2 = add i16 %select_ln14_2, %mul_ln17_2" [block_mmult.cc:17]   --->   Operation 168 'add' 'add_ln17_2' <Predicate = true> <Delay = 3.02> <Core = "DSP48">   --->   Core 88 'DSP48' <Latency = 0> <II = 1> <Delay = 6.38> <IPBlock> <Opcode : 'mul' 'add' 'sub' 'select'> <InPorts = 0> <OutPorts = 1> <Sync> <CReg>
ST_5 : Operation 169 [1/1] (0.80ns)   --->   "%select_ln14_3 = select i1 %icmp_ln14, i16 0, i16 %out_load_3" [block_mmult.cc:14]   --->   Operation 169 'select' 'select_ln14_3' <Predicate = true> <Delay = 0.80> <Core = "Sel">   --->   Core 26 'Sel' <Latency = 0> <II = 1> <Delay = 0.80> <FuncUnit> <Opcode : 'select'> <InPorts = 3> <OutPorts = 1>
ST_5 : Operation 170 [1/1] (3.36ns) (grouped into DSP with root node add_ln17_3)   --->   "%mul_ln17_3 = mul i16 %select_ln15, %select_ln16_2" [block_mmult.cc:17]   --->   Operation 170 'mul' 'mul_ln17_3' <Predicate = true> <Delay = 3.36> <Core = "DSP48">   --->   Core 88 'DSP48' <Latency = 0> <II = 1> <Delay = 6.38> <IPBlock> <Opcode : 'mul' 'add' 'sub' 'select'> <InPorts = 0> <OutPorts = 1> <Sync> <CReg>
ST_5 : Operation 171 [1/1] (3.02ns) (root node of the DSP)   --->   "%add_ln17_3 = add i16 %select_ln14_3, %mul_ln17_3" [block_mmult.cc:17]   --->   Operation 171 'add' 'add_ln17_3' <Predicate = true> <Delay = 3.02> <Core = "DSP48">   --->   Core 88 'DSP48' <Latency = 0> <II = 1> <Delay = 6.38> <IPBlock> <Opcode : 'mul' 'add' 'sub' 'select'> <InPorts = 0> <OutPorts = 1> <Sync> <CReg>
ST_5 : Operation 172 [1/2] (3.25ns)   --->   "%out_load_4 = load i16* %out_addr_4, align 2" [block_mmult.cc:14]   --->   Operation 172 'load' 'out_load_4' <Predicate = (!icmp_ln14)> <Delay = 3.25> <Core = "RAM">   --->   Core 37 'RAM' <Latency = 1> <II = 1> <Delay = 3.25> <Storage> <Opcode : 'load' 'store'> <Ports = 2> <Width = 16> <Depth = 10000> <RAM>
ST_5 : Operation 173 [1/2] (3.25ns)   --->   "%out_load_5 = load i16* %out_addr_5, align 2" [block_mmult.cc:14]   --->   Operation 173 'load' 'out_load_5' <Predicate = (!icmp_ln14)> <Delay = 3.25> <Core = "RAM">   --->   Core 37 'RAM' <Latency = 1> <II = 1> <Delay = 3.25> <Storage> <Opcode : 'load' 'store'> <Ports = 2> <Width = 16> <Depth = 10000> <RAM>
ST_5 : Operation 174 [2/2] (3.25ns)   --->   "%out_load_6 = load i16* %out_addr_6, align 2" [block_mmult.cc:14]   --->   Operation 174 'load' 'out_load_6' <Predicate = (!icmp_ln14)> <Delay = 3.25> <Core = "RAM">   --->   Core 37 'RAM' <Latency = 1> <II = 1> <Delay = 3.25> <Storage> <Opcode : 'load' 'store'> <Ports = 2> <Width = 16> <Depth = 10000> <RAM>
ST_5 : Operation 175 [2/2] (3.25ns)   --->   "%out_load_7 = load i16* %out_addr_7, align 2" [block_mmult.cc:14]   --->   Operation 175 'load' 'out_load_7' <Predicate = (!icmp_ln14)> <Delay = 3.25> <Core = "RAM">   --->   Core 37 'RAM' <Latency = 1> <II = 1> <Delay = 3.25> <Storage> <Opcode : 'load' 'store'> <Ports = 2> <Width = 16> <Depth = 10000> <RAM>

State 6 <SV = 5> <Delay = 6.38>
ST_6 : Operation 176 [1/1] (0.80ns)   --->   "%select_ln14_4 = select i1 %icmp_ln14, i16 0, i16 %out_load_4" [block_mmult.cc:14]   --->   Operation 176 'select' 'select_ln14_4' <Predicate = true> <Delay = 0.80> <Core = "Sel">   --->   Core 26 'Sel' <Latency = 0> <II = 1> <Delay = 0.80> <FuncUnit> <Opcode : 'select'> <InPorts = 3> <OutPorts = 1>
ST_6 : Operation 177 [1/1] (3.36ns) (grouped into DSP with root node add_ln17_4)   --->   "%mul_ln17_4 = mul i16 %select_ln15_1, %B_load" [block_mmult.cc:17]   --->   Operation 177 'mul' 'mul_ln17_4' <Predicate = true> <Delay = 3.36> <Core = "DSP48">   --->   Core 88 'DSP48' <Latency = 0> <II = 1> <Delay = 6.38> <IPBlock> <Opcode : 'mul' 'add' 'sub' 'select'> <InPorts = 0> <OutPorts = 1> <Sync> <CReg>
ST_6 : Operation 178 [1/1] (3.02ns) (root node of the DSP)   --->   "%add_ln17_4 = add i16 %select_ln14_4, %mul_ln17_4" [block_mmult.cc:17]   --->   Operation 178 'add' 'add_ln17_4' <Predicate = true> <Delay = 3.02> <Core = "DSP48">   --->   Core 88 'DSP48' <Latency = 0> <II = 1> <Delay = 6.38> <IPBlock> <Opcode : 'mul' 'add' 'sub' 'select'> <InPorts = 0> <OutPorts = 1> <Sync> <CReg>
ST_6 : Operation 179 [1/1] (0.80ns)   --->   "%select_ln14_5 = select i1 %icmp_ln14, i16 0, i16 %out_load_5" [block_mmult.cc:14]   --->   Operation 179 'select' 'select_ln14_5' <Predicate = true> <Delay = 0.80> <Core = "Sel">   --->   Core 26 'Sel' <Latency = 0> <II = 1> <Delay = 0.80> <FuncUnit> <Opcode : 'select'> <InPorts = 3> <OutPorts = 1>
ST_6 : Operation 180 [1/1] (3.36ns) (grouped into DSP with root node add_ln17_5)   --->   "%mul_ln17_5 = mul i16 %select_ln15_1, %select_ln16" [block_mmult.cc:17]   --->   Operation 180 'mul' 'mul_ln17_5' <Predicate = true> <Delay = 3.36> <Core = "DSP48">   --->   Core 88 'DSP48' <Latency = 0> <II = 1> <Delay = 6.38> <IPBlock> <Opcode : 'mul' 'add' 'sub' 'select'> <InPorts = 0> <OutPorts = 1> <Sync> <CReg>
ST_6 : Operation 181 [1/1] (3.02ns) (root node of the DSP)   --->   "%add_ln17_5 = add i16 %select_ln14_5, %mul_ln17_5" [block_mmult.cc:17]   --->   Operation 181 'add' 'add_ln17_5' <Predicate = true> <Delay = 3.02> <Core = "DSP48">   --->   Core 88 'DSP48' <Latency = 0> <II = 1> <Delay = 6.38> <IPBlock> <Opcode : 'mul' 'add' 'sub' 'select'> <InPorts = 0> <OutPorts = 1> <Sync> <CReg>
ST_6 : Operation 182 [1/2] (3.25ns)   --->   "%out_load_6 = load i16* %out_addr_6, align 2" [block_mmult.cc:14]   --->   Operation 182 'load' 'out_load_6' <Predicate = (!icmp_ln14)> <Delay = 3.25> <Core = "RAM">   --->   Core 37 'RAM' <Latency = 1> <II = 1> <Delay = 3.25> <Storage> <Opcode : 'load' 'store'> <Ports = 2> <Width = 16> <Depth = 10000> <RAM>
ST_6 : Operation 183 [1/2] (3.25ns)   --->   "%out_load_7 = load i16* %out_addr_7, align 2" [block_mmult.cc:14]   --->   Operation 183 'load' 'out_load_7' <Predicate = (!icmp_ln14)> <Delay = 3.25> <Core = "RAM">   --->   Core 37 'RAM' <Latency = 1> <II = 1> <Delay = 3.25> <Storage> <Opcode : 'load' 'store'> <Ports = 2> <Width = 16> <Depth = 10000> <RAM>
ST_6 : Operation 184 [2/2] (3.25ns)   --->   "%out_load_8 = load i16* %out_addr_8, align 2" [block_mmult.cc:14]   --->   Operation 184 'load' 'out_load_8' <Predicate = (!icmp_ln14)> <Delay = 3.25> <Core = "RAM">   --->   Core 37 'RAM' <Latency = 1> <II = 1> <Delay = 3.25> <Storage> <Opcode : 'load' 'store'> <Ports = 2> <Width = 16> <Depth = 10000> <RAM>
ST_6 : Operation 185 [2/2] (3.25ns)   --->   "%out_load_9 = load i16* %out_addr_9, align 2" [block_mmult.cc:14]   --->   Operation 185 'load' 'out_load_9' <Predicate = (!icmp_ln14)> <Delay = 3.25> <Core = "RAM">   --->   Core 37 'RAM' <Latency = 1> <II = 1> <Delay = 3.25> <Storage> <Opcode : 'load' 'store'> <Ports = 2> <Width = 16> <Depth = 10000> <RAM>

State 7 <SV = 6> <Delay = 6.38>
ST_7 : Operation 186 [1/1] (0.80ns)   --->   "%select_ln14_6 = select i1 %icmp_ln14, i16 0, i16 %out_load_6" [block_mmult.cc:14]   --->   Operation 186 'select' 'select_ln14_6' <Predicate = true> <Delay = 0.80> <Core = "Sel">   --->   Core 26 'Sel' <Latency = 0> <II = 1> <Delay = 0.80> <FuncUnit> <Opcode : 'select'> <InPorts = 3> <OutPorts = 1>
ST_7 : Operation 187 [1/1] (3.36ns) (grouped into DSP with root node add_ln17_6)   --->   "%mul_ln17_6 = mul i16 %select_ln15_1, %select_ln16_1" [block_mmult.cc:17]   --->   Operation 187 'mul' 'mul_ln17_6' <Predicate = true> <Delay = 3.36> <Core = "DSP48">   --->   Core 88 'DSP48' <Latency = 0> <II = 1> <Delay = 6.38> <IPBlock> <Opcode : 'mul' 'add' 'sub' 'select'> <InPorts = 0> <OutPorts = 1> <Sync> <CReg>
ST_7 : Operation 188 [1/1] (3.02ns) (root node of the DSP)   --->   "%add_ln17_6 = add i16 %select_ln14_6, %mul_ln17_6" [block_mmult.cc:17]   --->   Operation 188 'add' 'add_ln17_6' <Predicate = true> <Delay = 3.02> <Core = "DSP48">   --->   Core 88 'DSP48' <Latency = 0> <II = 1> <Delay = 6.38> <IPBlock> <Opcode : 'mul' 'add' 'sub' 'select'> <InPorts = 0> <OutPorts = 1> <Sync> <CReg>
ST_7 : Operation 189 [1/1] (0.80ns)   --->   "%select_ln14_7 = select i1 %icmp_ln14, i16 0, i16 %out_load_7" [block_mmult.cc:14]   --->   Operation 189 'select' 'select_ln14_7' <Predicate = true> <Delay = 0.80> <Core = "Sel">   --->   Core 26 'Sel' <Latency = 0> <II = 1> <Delay = 0.80> <FuncUnit> <Opcode : 'select'> <InPorts = 3> <OutPorts = 1>
ST_7 : Operation 190 [1/1] (3.36ns) (grouped into DSP with root node add_ln17_7)   --->   "%mul_ln17_7 = mul i16 %select_ln15_1, %select_ln16_2" [block_mmult.cc:17]   --->   Operation 190 'mul' 'mul_ln17_7' <Predicate = true> <Delay = 3.36> <Core = "DSP48">   --->   Core 88 'DSP48' <Latency = 0> <II = 1> <Delay = 6.38> <IPBlock> <Opcode : 'mul' 'add' 'sub' 'select'> <InPorts = 0> <OutPorts = 1> <Sync> <CReg>
ST_7 : Operation 191 [1/1] (3.02ns) (root node of the DSP)   --->   "%add_ln17_7 = add i16 %select_ln14_7, %mul_ln17_7" [block_mmult.cc:17]   --->   Operation 191 'add' 'add_ln17_7' <Predicate = true> <Delay = 3.02> <Core = "DSP48">   --->   Core 88 'DSP48' <Latency = 0> <II = 1> <Delay = 6.38> <IPBlock> <Opcode : 'mul' 'add' 'sub' 'select'> <InPorts = 0> <OutPorts = 1> <Sync> <CReg>
ST_7 : Operation 192 [1/2] (3.25ns)   --->   "%out_load_8 = load i16* %out_addr_8, align 2" [block_mmult.cc:14]   --->   Operation 192 'load' 'out_load_8' <Predicate = (!icmp_ln14)> <Delay = 3.25> <Core = "RAM">   --->   Core 37 'RAM' <Latency = 1> <II = 1> <Delay = 3.25> <Storage> <Opcode : 'load' 'store'> <Ports = 2> <Width = 16> <Depth = 10000> <RAM>
ST_7 : Operation 193 [1/2] (3.25ns)   --->   "%out_load_9 = load i16* %out_addr_9, align 2" [block_mmult.cc:14]   --->   Operation 193 'load' 'out_load_9' <Predicate = (!icmp_ln14)> <Delay = 3.25> <Core = "RAM">   --->   Core 37 'RAM' <Latency = 1> <II = 1> <Delay = 3.25> <Storage> <Opcode : 'load' 'store'> <Ports = 2> <Width = 16> <Depth = 10000> <RAM>
ST_7 : Operation 194 [2/2] (3.25ns)   --->   "%out_load_10 = load i16* %out_addr_10, align 2" [block_mmult.cc:14]   --->   Operation 194 'load' 'out_load_10' <Predicate = (!icmp_ln14)> <Delay = 3.25> <Core = "RAM">   --->   Core 37 'RAM' <Latency = 1> <II = 1> <Delay = 3.25> <Storage> <Opcode : 'load' 'store'> <Ports = 2> <Width = 16> <Depth = 10000> <RAM>
ST_7 : Operation 195 [2/2] (3.25ns)   --->   "%out_load_11 = load i16* %out_addr_11, align 2" [block_mmult.cc:14]   --->   Operation 195 'load' 'out_load_11' <Predicate = (!icmp_ln14)> <Delay = 3.25> <Core = "RAM">   --->   Core 37 'RAM' <Latency = 1> <II = 1> <Delay = 3.25> <Storage> <Opcode : 'load' 'store'> <Ports = 2> <Width = 16> <Depth = 10000> <RAM>

State 8 <SV = 7> <Delay = 6.38>
ST_8 : Operation 196 [1/1] (0.80ns)   --->   "%select_ln14_8 = select i1 %icmp_ln14, i16 0, i16 %out_load_8" [block_mmult.cc:14]   --->   Operation 196 'select' 'select_ln14_8' <Predicate = true> <Delay = 0.80> <Core = "Sel">   --->   Core 26 'Sel' <Latency = 0> <II = 1> <Delay = 0.80> <FuncUnit> <Opcode : 'select'> <InPorts = 3> <OutPorts = 1>
ST_8 : Operation 197 [1/1] (3.36ns) (grouped into DSP with root node add_ln17_8)   --->   "%mul_ln17_8 = mul i16 %select_ln15_2, %B_load" [block_mmult.cc:17]   --->   Operation 197 'mul' 'mul_ln17_8' <Predicate = true> <Delay = 3.36> <Core = "DSP48">   --->   Core 88 'DSP48' <Latency = 0> <II = 1> <Delay = 6.38> <IPBlock> <Opcode : 'mul' 'add' 'sub' 'select'> <InPorts = 0> <OutPorts = 1> <Sync> <CReg>
ST_8 : Operation 198 [1/1] (3.02ns) (root node of the DSP)   --->   "%add_ln17_8 = add i16 %select_ln14_8, %mul_ln17_8" [block_mmult.cc:17]   --->   Operation 198 'add' 'add_ln17_8' <Predicate = true> <Delay = 3.02> <Core = "DSP48">   --->   Core 88 'DSP48' <Latency = 0> <II = 1> <Delay = 6.38> <IPBlock> <Opcode : 'mul' 'add' 'sub' 'select'> <InPorts = 0> <OutPorts = 1> <Sync> <CReg>
ST_8 : Operation 199 [1/1] (0.80ns)   --->   "%select_ln14_9 = select i1 %icmp_ln14, i16 0, i16 %out_load_9" [block_mmult.cc:14]   --->   Operation 199 'select' 'select_ln14_9' <Predicate = true> <Delay = 0.80> <Core = "Sel">   --->   Core 26 'Sel' <Latency = 0> <II = 1> <Delay = 0.80> <FuncUnit> <Opcode : 'select'> <InPorts = 3> <OutPorts = 1>
ST_8 : Operation 200 [1/1] (3.36ns) (grouped into DSP with root node add_ln17_9)   --->   "%mul_ln17_9 = mul i16 %select_ln15_2, %select_ln16" [block_mmult.cc:17]   --->   Operation 200 'mul' 'mul_ln17_9' <Predicate = true> <Delay = 3.36> <Core = "DSP48">   --->   Core 88 'DSP48' <Latency = 0> <II = 1> <Delay = 6.38> <IPBlock> <Opcode : 'mul' 'add' 'sub' 'select'> <InPorts = 0> <OutPorts = 1> <Sync> <CReg>
ST_8 : Operation 201 [1/1] (3.02ns) (root node of the DSP)   --->   "%add_ln17_9 = add i16 %select_ln14_9, %mul_ln17_9" [block_mmult.cc:17]   --->   Operation 201 'add' 'add_ln17_9' <Predicate = true> <Delay = 3.02> <Core = "DSP48">   --->   Core 88 'DSP48' <Latency = 0> <II = 1> <Delay = 6.38> <IPBlock> <Opcode : 'mul' 'add' 'sub' 'select'> <InPorts = 0> <OutPorts = 1> <Sync> <CReg>
ST_8 : Operation 202 [1/2] (3.25ns)   --->   "%out_load_10 = load i16* %out_addr_10, align 2" [block_mmult.cc:14]   --->   Operation 202 'load' 'out_load_10' <Predicate = (!icmp_ln14)> <Delay = 3.25> <Core = "RAM">   --->   Core 37 'RAM' <Latency = 1> <II = 1> <Delay = 3.25> <Storage> <Opcode : 'load' 'store'> <Ports = 2> <Width = 16> <Depth = 10000> <RAM>
ST_8 : Operation 203 [1/2] (3.25ns)   --->   "%out_load_11 = load i16* %out_addr_11, align 2" [block_mmult.cc:14]   --->   Operation 203 'load' 'out_load_11' <Predicate = (!icmp_ln14)> <Delay = 3.25> <Core = "RAM">   --->   Core 37 'RAM' <Latency = 1> <II = 1> <Delay = 3.25> <Storage> <Opcode : 'load' 'store'> <Ports = 2> <Width = 16> <Depth = 10000> <RAM>
ST_8 : Operation 204 [2/2] (3.25ns)   --->   "%out_load_12 = load i16* %out_addr_12, align 2" [block_mmult.cc:14]   --->   Operation 204 'load' 'out_load_12' <Predicate = (!icmp_ln14)> <Delay = 3.25> <Core = "RAM">   --->   Core 37 'RAM' <Latency = 1> <II = 1> <Delay = 3.25> <Storage> <Opcode : 'load' 'store'> <Ports = 2> <Width = 16> <Depth = 10000> <RAM>
ST_8 : Operation 205 [2/2] (3.25ns)   --->   "%out_load_13 = load i16* %out_addr_13, align 2" [block_mmult.cc:14]   --->   Operation 205 'load' 'out_load_13' <Predicate = (!icmp_ln14)> <Delay = 3.25> <Core = "RAM">   --->   Core 37 'RAM' <Latency = 1> <II = 1> <Delay = 3.25> <Storage> <Opcode : 'load' 'store'> <Ports = 2> <Width = 16> <Depth = 10000> <RAM>

State 9 <SV = 8> <Delay = 6.38>
ST_9 : Operation 206 [1/1] (0.80ns)   --->   "%select_ln14_10 = select i1 %icmp_ln14, i16 0, i16 %out_load_10" [block_mmult.cc:14]   --->   Operation 206 'select' 'select_ln14_10' <Predicate = true> <Delay = 0.80> <Core = "Sel">   --->   Core 26 'Sel' <Latency = 0> <II = 1> <Delay = 0.80> <FuncUnit> <Opcode : 'select'> <InPorts = 3> <OutPorts = 1>
ST_9 : Operation 207 [1/1] (3.36ns) (grouped into DSP with root node add_ln17_10)   --->   "%mul_ln17_10 = mul i16 %select_ln15_2, %select_ln16_1" [block_mmult.cc:17]   --->   Operation 207 'mul' 'mul_ln17_10' <Predicate = true> <Delay = 3.36> <Core = "DSP48">   --->   Core 88 'DSP48' <Latency = 0> <II = 1> <Delay = 6.38> <IPBlock> <Opcode : 'mul' 'add' 'sub' 'select'> <InPorts = 0> <OutPorts = 1> <Sync> <CReg>
ST_9 : Operation 208 [1/1] (3.02ns) (root node of the DSP)   --->   "%add_ln17_10 = add i16 %select_ln14_10, %mul_ln17_10" [block_mmult.cc:17]   --->   Operation 208 'add' 'add_ln17_10' <Predicate = true> <Delay = 3.02> <Core = "DSP48">   --->   Core 88 'DSP48' <Latency = 0> <II = 1> <Delay = 6.38> <IPBlock> <Opcode : 'mul' 'add' 'sub' 'select'> <InPorts = 0> <OutPorts = 1> <Sync> <CReg>
ST_9 : Operation 209 [1/1] (0.80ns)   --->   "%select_ln14_11 = select i1 %icmp_ln14, i16 0, i16 %out_load_11" [block_mmult.cc:14]   --->   Operation 209 'select' 'select_ln14_11' <Predicate = true> <Delay = 0.80> <Core = "Sel">   --->   Core 26 'Sel' <Latency = 0> <II = 1> <Delay = 0.80> <FuncUnit> <Opcode : 'select'> <InPorts = 3> <OutPorts = 1>
ST_9 : Operation 210 [1/1] (3.36ns) (grouped into DSP with root node add_ln17_11)   --->   "%mul_ln17_11 = mul i16 %select_ln15_2, %select_ln16_2" [block_mmult.cc:17]   --->   Operation 210 'mul' 'mul_ln17_11' <Predicate = true> <Delay = 3.36> <Core = "DSP48">   --->   Core 88 'DSP48' <Latency = 0> <II = 1> <Delay = 6.38> <IPBlock> <Opcode : 'mul' 'add' 'sub' 'select'> <InPorts = 0> <OutPorts = 1> <Sync> <CReg>
ST_9 : Operation 211 [1/1] (3.02ns) (root node of the DSP)   --->   "%add_ln17_11 = add i16 %select_ln14_11, %mul_ln17_11" [block_mmult.cc:17]   --->   Operation 211 'add' 'add_ln17_11' <Predicate = true> <Delay = 3.02> <Core = "DSP48">   --->   Core 88 'DSP48' <Latency = 0> <II = 1> <Delay = 6.38> <IPBlock> <Opcode : 'mul' 'add' 'sub' 'select'> <InPorts = 0> <OutPorts = 1> <Sync> <CReg>
ST_9 : Operation 212 [1/2] (3.25ns)   --->   "%out_load_12 = load i16* %out_addr_12, align 2" [block_mmult.cc:14]   --->   Operation 212 'load' 'out_load_12' <Predicate = (!icmp_ln14)> <Delay = 3.25> <Core = "RAM">   --->   Core 37 'RAM' <Latency = 1> <II = 1> <Delay = 3.25> <Storage> <Opcode : 'load' 'store'> <Ports = 2> <Width = 16> <Depth = 10000> <RAM>
ST_9 : Operation 213 [1/2] (3.25ns)   --->   "%out_load_13 = load i16* %out_addr_13, align 2" [block_mmult.cc:14]   --->   Operation 213 'load' 'out_load_13' <Predicate = (!icmp_ln14)> <Delay = 3.25> <Core = "RAM">   --->   Core 37 'RAM' <Latency = 1> <II = 1> <Delay = 3.25> <Storage> <Opcode : 'load' 'store'> <Ports = 2> <Width = 16> <Depth = 10000> <RAM>
ST_9 : Operation 214 [2/2] (3.25ns)   --->   "%out_load_14 = load i16* %out_addr_14, align 2" [block_mmult.cc:14]   --->   Operation 214 'load' 'out_load_14' <Predicate = (!icmp_ln14)> <Delay = 3.25> <Core = "RAM">   --->   Core 37 'RAM' <Latency = 1> <II = 1> <Delay = 3.25> <Storage> <Opcode : 'load' 'store'> <Ports = 2> <Width = 16> <Depth = 10000> <RAM>
ST_9 : Operation 215 [2/2] (3.25ns)   --->   "%out_load_15 = load i16* %out_addr_15, align 2" [block_mmult.cc:14]   --->   Operation 215 'load' 'out_load_15' <Predicate = (!icmp_ln14)> <Delay = 3.25> <Core = "RAM">   --->   Core 37 'RAM' <Latency = 1> <II = 1> <Delay = 3.25> <Storage> <Opcode : 'load' 'store'> <Ports = 2> <Width = 16> <Depth = 10000> <RAM>

State 10 <SV = 9> <Delay = 6.38>
ST_10 : Operation 216 [1/1] (3.25ns)   --->   "store i16 %add_ln17, i16* %out_addr, align 2" [block_mmult.cc:18]   --->   Operation 216 'store' <Predicate = true> <Delay = 3.25> <Core = "RAM">   --->   Core 37 'RAM' <Latency = 1> <II = 1> <Delay = 3.25> <Storage> <Opcode : 'load' 'store'> <Ports = 2> <Width = 16> <Depth = 10000> <RAM>
ST_10 : Operation 217 [1/1] (3.25ns)   --->   "store i16 %add_ln17_1, i16* %out_addr_1, align 2" [block_mmult.cc:18]   --->   Operation 217 'store' <Predicate = true> <Delay = 3.25> <Core = "RAM">   --->   Core 37 'RAM' <Latency = 1> <II = 1> <Delay = 3.25> <Storage> <Opcode : 'load' 'store'> <Ports = 2> <Width = 16> <Depth = 10000> <RAM>
ST_10 : Operation 218 [1/1] (0.80ns)   --->   "%select_ln14_12 = select i1 %icmp_ln14, i16 0, i16 %out_load_12" [block_mmult.cc:14]   --->   Operation 218 'select' 'select_ln14_12' <Predicate = true> <Delay = 0.80> <Core = "Sel">   --->   Core 26 'Sel' <Latency = 0> <II = 1> <Delay = 0.80> <FuncUnit> <Opcode : 'select'> <InPorts = 3> <OutPorts = 1>
ST_10 : Operation 219 [1/1] (3.36ns) (grouped into DSP with root node add_ln17_12)   --->   "%mul_ln17_12 = mul i16 %select_ln15_3, %B_load" [block_mmult.cc:17]   --->   Operation 219 'mul' 'mul_ln17_12' <Predicate = true> <Delay = 3.36> <Core = "DSP48">   --->   Core 88 'DSP48' <Latency = 0> <II = 1> <Delay = 6.38> <IPBlock> <Opcode : 'mul' 'add' 'sub' 'select'> <InPorts = 0> <OutPorts = 1> <Sync> <CReg>
ST_10 : Operation 220 [1/1] (3.02ns) (root node of the DSP)   --->   "%add_ln17_12 = add i16 %select_ln14_12, %mul_ln17_12" [block_mmult.cc:17]   --->   Operation 220 'add' 'add_ln17_12' <Predicate = true> <Delay = 3.02> <Core = "DSP48">   --->   Core 88 'DSP48' <Latency = 0> <II = 1> <Delay = 6.38> <IPBlock> <Opcode : 'mul' 'add' 'sub' 'select'> <InPorts = 0> <OutPorts = 1> <Sync> <CReg>
ST_10 : Operation 221 [1/1] (0.80ns)   --->   "%select_ln14_13 = select i1 %icmp_ln14, i16 0, i16 %out_load_13" [block_mmult.cc:14]   --->   Operation 221 'select' 'select_ln14_13' <Predicate = true> <Delay = 0.80> <Core = "Sel">   --->   Core 26 'Sel' <Latency = 0> <II = 1> <Delay = 0.80> <FuncUnit> <Opcode : 'select'> <InPorts = 3> <OutPorts = 1>
ST_10 : Operation 222 [1/1] (3.36ns) (grouped into DSP with root node add_ln17_13)   --->   "%mul_ln17_13 = mul i16 %select_ln15_3, %select_ln16" [block_mmult.cc:17]   --->   Operation 222 'mul' 'mul_ln17_13' <Predicate = true> <Delay = 3.36> <Core = "DSP48">   --->   Core 88 'DSP48' <Latency = 0> <II = 1> <Delay = 6.38> <IPBlock> <Opcode : 'mul' 'add' 'sub' 'select'> <InPorts = 0> <OutPorts = 1> <Sync> <CReg>
ST_10 : Operation 223 [1/1] (3.02ns) (root node of the DSP)   --->   "%add_ln17_13 = add i16 %select_ln14_13, %mul_ln17_13" [block_mmult.cc:17]   --->   Operation 223 'add' 'add_ln17_13' <Predicate = true> <Delay = 3.02> <Core = "DSP48">   --->   Core 88 'DSP48' <Latency = 0> <II = 1> <Delay = 6.38> <IPBlock> <Opcode : 'mul' 'add' 'sub' 'select'> <InPorts = 0> <OutPorts = 1> <Sync> <CReg>
ST_10 : Operation 224 [1/2] (3.25ns)   --->   "%out_load_14 = load i16* %out_addr_14, align 2" [block_mmult.cc:14]   --->   Operation 224 'load' 'out_load_14' <Predicate = (!icmp_ln14)> <Delay = 3.25> <Core = "RAM">   --->   Core 37 'RAM' <Latency = 1> <II = 1> <Delay = 3.25> <Storage> <Opcode : 'load' 'store'> <Ports = 2> <Width = 16> <Depth = 10000> <RAM>
ST_10 : Operation 225 [1/1] (0.80ns)   --->   "%select_ln14_14 = select i1 %icmp_ln14, i16 0, i16 %out_load_14" [block_mmult.cc:14]   --->   Operation 225 'select' 'select_ln14_14' <Predicate = true> <Delay = 0.80> <Core = "Sel">   --->   Core 26 'Sel' <Latency = 0> <II = 1> <Delay = 0.80> <FuncUnit> <Opcode : 'select'> <InPorts = 3> <OutPorts = 1>
ST_10 : Operation 226 [1/2] (3.25ns)   --->   "%out_load_15 = load i16* %out_addr_15, align 2" [block_mmult.cc:14]   --->   Operation 226 'load' 'out_load_15' <Predicate = (!icmp_ln14)> <Delay = 3.25> <Core = "RAM">   --->   Core 37 'RAM' <Latency = 1> <II = 1> <Delay = 3.25> <Storage> <Opcode : 'load' 'store'> <Ports = 2> <Width = 16> <Depth = 10000> <RAM>
ST_10 : Operation 227 [1/1] (0.80ns)   --->   "%select_ln14_15 = select i1 %icmp_ln14, i16 0, i16 %out_load_15" [block_mmult.cc:14]   --->   Operation 227 'select' 'select_ln14_15' <Predicate = true> <Delay = 0.80> <Core = "Sel">   --->   Core 26 'Sel' <Latency = 0> <II = 1> <Delay = 0.80> <FuncUnit> <Opcode : 'select'> <InPorts = 3> <OutPorts = 1>

State 11 <SV = 10> <Delay = 6.38>
ST_11 : Operation 228 [1/1] (3.25ns)   --->   "store i16 %add_ln17_2, i16* %out_addr_2, align 2" [block_mmult.cc:18]   --->   Operation 228 'store' <Predicate = true> <Delay = 3.25> <Core = "RAM">   --->   Core 37 'RAM' <Latency = 1> <II = 1> <Delay = 3.25> <Storage> <Opcode : 'load' 'store'> <Ports = 2> <Width = 16> <Depth = 10000> <RAM>
ST_11 : Operation 229 [1/1] (3.25ns)   --->   "store i16 %add_ln17_3, i16* %out_addr_3, align 2" [block_mmult.cc:18]   --->   Operation 229 'store' <Predicate = true> <Delay = 3.25> <Core = "RAM">   --->   Core 37 'RAM' <Latency = 1> <II = 1> <Delay = 3.25> <Storage> <Opcode : 'load' 'store'> <Ports = 2> <Width = 16> <Depth = 10000> <RAM>
ST_11 : Operation 230 [1/1] (3.36ns) (grouped into DSP with root node add_ln17_14)   --->   "%mul_ln17_14 = mul i16 %select_ln15_3, %select_ln16_1" [block_mmult.cc:17]   --->   Operation 230 'mul' 'mul_ln17_14' <Predicate = true> <Delay = 3.36> <Core = "DSP48">   --->   Core 88 'DSP48' <Latency = 0> <II = 1> <Delay = 6.38> <IPBlock> <Opcode : 'mul' 'add' 'sub' 'select'> <InPorts = 0> <OutPorts = 1> <Sync> <CReg>
ST_11 : Operation 231 [1/1] (3.02ns) (root node of the DSP)   --->   "%add_ln17_14 = add i16 %select_ln14_14, %mul_ln17_14" [block_mmult.cc:17]   --->   Operation 231 'add' 'add_ln17_14' <Predicate = true> <Delay = 3.02> <Core = "DSP48">   --->   Core 88 'DSP48' <Latency = 0> <II = 1> <Delay = 6.38> <IPBlock> <Opcode : 'mul' 'add' 'sub' 'select'> <InPorts = 0> <OutPorts = 1> <Sync> <CReg>
ST_11 : Operation 232 [1/1] (3.36ns) (grouped into DSP with root node add_ln17_15)   --->   "%mul_ln17_15 = mul i16 %select_ln15_3, %select_ln16_2" [block_mmult.cc:17]   --->   Operation 232 'mul' 'mul_ln17_15' <Predicate = true> <Delay = 3.36> <Core = "DSP48">   --->   Core 88 'DSP48' <Latency = 0> <II = 1> <Delay = 6.38> <IPBlock> <Opcode : 'mul' 'add' 'sub' 'select'> <InPorts = 0> <OutPorts = 1> <Sync> <CReg>
ST_11 : Operation 233 [1/1] (3.02ns) (root node of the DSP)   --->   "%add_ln17_15 = add i16 %select_ln14_15, %mul_ln17_15" [block_mmult.cc:17]   --->   Operation 233 'add' 'add_ln17_15' <Predicate = true> <Delay = 3.02> <Core = "DSP48">   --->   Core 88 'DSP48' <Latency = 0> <II = 1> <Delay = 6.38> <IPBlock> <Opcode : 'mul' 'add' 'sub' 'select'> <InPorts = 0> <OutPorts = 1> <Sync> <CReg>

State 12 <SV = 11> <Delay = 3.25>
ST_12 : Operation 234 [1/1] (3.25ns)   --->   "store i16 %add_ln17_4, i16* %out_addr_4, align 2" [block_mmult.cc:18]   --->   Operation 234 'store' <Predicate = true> <Delay = 3.25> <Core = "RAM">   --->   Core 37 'RAM' <Latency = 1> <II = 1> <Delay = 3.25> <Storage> <Opcode : 'load' 'store'> <Ports = 2> <Width = 16> <Depth = 10000> <RAM>
ST_12 : Operation 235 [1/1] (3.25ns)   --->   "store i16 %add_ln17_5, i16* %out_addr_5, align 2" [block_mmult.cc:18]   --->   Operation 235 'store' <Predicate = true> <Delay = 3.25> <Core = "RAM">   --->   Core 37 'RAM' <Latency = 1> <II = 1> <Delay = 3.25> <Storage> <Opcode : 'load' 'store'> <Ports = 2> <Width = 16> <Depth = 10000> <RAM>

State 13 <SV = 12> <Delay = 3.25>
ST_13 : Operation 236 [1/1] (3.25ns)   --->   "store i16 %add_ln17_6, i16* %out_addr_6, align 2" [block_mmult.cc:18]   --->   Operation 236 'store' <Predicate = true> <Delay = 3.25> <Core = "RAM">   --->   Core 37 'RAM' <Latency = 1> <II = 1> <Delay = 3.25> <Storage> <Opcode : 'load' 'store'> <Ports = 2> <Width = 16> <Depth = 10000> <RAM>
ST_13 : Operation 237 [1/1] (3.25ns)   --->   "store i16 %add_ln17_7, i16* %out_addr_7, align 2" [block_mmult.cc:18]   --->   Operation 237 'store' <Predicate = true> <Delay = 3.25> <Core = "RAM">   --->   Core 37 'RAM' <Latency = 1> <II = 1> <Delay = 3.25> <Storage> <Opcode : 'load' 'store'> <Ports = 2> <Width = 16> <Depth = 10000> <RAM>

State 14 <SV = 13> <Delay = 3.25>
ST_14 : Operation 238 [1/1] (3.25ns)   --->   "store i16 %add_ln17_8, i16* %out_addr_8, align 2" [block_mmult.cc:18]   --->   Operation 238 'store' <Predicate = true> <Delay = 3.25> <Core = "RAM">   --->   Core 37 'RAM' <Latency = 1> <II = 1> <Delay = 3.25> <Storage> <Opcode : 'load' 'store'> <Ports = 2> <Width = 16> <Depth = 10000> <RAM>
ST_14 : Operation 239 [1/1] (3.25ns)   --->   "store i16 %add_ln17_9, i16* %out_addr_9, align 2" [block_mmult.cc:18]   --->   Operation 239 'store' <Predicate = true> <Delay = 3.25> <Core = "RAM">   --->   Core 37 'RAM' <Latency = 1> <II = 1> <Delay = 3.25> <Storage> <Opcode : 'load' 'store'> <Ports = 2> <Width = 16> <Depth = 10000> <RAM>

State 15 <SV = 14> <Delay = 3.25>
ST_15 : Operation 240 [1/1] (3.25ns)   --->   "store i16 %add_ln17_10, i16* %out_addr_10, align 2" [block_mmult.cc:18]   --->   Operation 240 'store' <Predicate = true> <Delay = 3.25> <Core = "RAM">   --->   Core 37 'RAM' <Latency = 1> <II = 1> <Delay = 3.25> <Storage> <Opcode : 'load' 'store'> <Ports = 2> <Width = 16> <Depth = 10000> <RAM>
ST_15 : Operation 241 [1/1] (3.25ns)   --->   "store i16 %add_ln17_11, i16* %out_addr_11, align 2" [block_mmult.cc:18]   --->   Operation 241 'store' <Predicate = true> <Delay = 3.25> <Core = "RAM">   --->   Core 37 'RAM' <Latency = 1> <II = 1> <Delay = 3.25> <Storage> <Opcode : 'load' 'store'> <Ports = 2> <Width = 16> <Depth = 10000> <RAM>

State 16 <SV = 15> <Delay = 3.25>
ST_16 : Operation 242 [1/1] (3.25ns)   --->   "store i16 %add_ln17_12, i16* %out_addr_12, align 2" [block_mmult.cc:18]   --->   Operation 242 'store' <Predicate = true> <Delay = 3.25> <Core = "RAM">   --->   Core 37 'RAM' <Latency = 1> <II = 1> <Delay = 3.25> <Storage> <Opcode : 'load' 'store'> <Ports = 2> <Width = 16> <Depth = 10000> <RAM>
ST_16 : Operation 243 [1/1] (3.25ns)   --->   "store i16 %add_ln17_13, i16* %out_addr_13, align 2" [block_mmult.cc:18]   --->   Operation 243 'store' <Predicate = true> <Delay = 3.25> <Core = "RAM">   --->   Core 37 'RAM' <Latency = 1> <II = 1> <Delay = 3.25> <Storage> <Opcode : 'load' 'store'> <Ports = 2> <Width = 16> <Depth = 10000> <RAM>

State 17 <SV = 16> <Delay = 3.25>
ST_17 : Operation 244 [1/1] (0.00ns)   --->   "%tmp = call i32 (...)* @_ssdm_op_SpecRegionBegin([12 x i8]* @p_str)" [block_mmult.cc:10]   --->   Operation 244 'specregionbegin' 'tmp' <Predicate = true> <Delay = 0.00>
ST_17 : Operation 245 [1/1] (0.00ns)   --->   "call void (...)* @_ssdm_op_SpecPipeline(i32 1, i32 1, i32 1, i32 0, [1 x i8]* @p_str1) nounwind" [block_mmult.cc:11]   --->   Operation 245 'specpipeline' <Predicate = true> <Delay = 0.00>
ST_17 : Operation 246 [1/1] (1.81ns)   --->   "%add_ln16_7 = add i14 %phi_mul, 100" [block_mmult.cc:16]   --->   Operation 246 'add' 'add_ln16_7' <Predicate = true> <Delay = 1.81> <Core = "AddSub">   --->   Core 14 'AddSub' <Latency = 0> <II = 1> <Delay = 1.81> <FuncUnit> <Opcode : 'add' 'sub'> <InPorts = 2> <OutPorts = 1>
ST_17 : Operation 247 [1/1] (3.25ns)   --->   "store i16 %add_ln17_14, i16* %out_addr_14, align 2" [block_mmult.cc:18]   --->   Operation 247 'store' <Predicate = true> <Delay = 3.25> <Core = "RAM">   --->   Core 37 'RAM' <Latency = 1> <II = 1> <Delay = 3.25> <Storage> <Opcode : 'load' 'store'> <Ports = 2> <Width = 16> <Depth = 10000> <RAM>
ST_17 : Operation 248 [1/1] (3.25ns)   --->   "store i16 %add_ln17_15, i16* %out_addr_15, align 2" [block_mmult.cc:18]   --->   Operation 248 'store' <Predicate = true> <Delay = 3.25> <Core = "RAM">   --->   Core 37 'RAM' <Latency = 1> <II = 1> <Delay = 3.25> <Storage> <Opcode : 'load' 'store'> <Ports = 2> <Width = 16> <Depth = 10000> <RAM>
ST_17 : Operation 249 [1/1] (0.00ns)   --->   "%empty_2 = call i32 (...)* @_ssdm_op_SpecRegionEnd([12 x i8]* @p_str, i32 %tmp)" [block_mmult.cc:21]   --->   Operation 249 'specregionend' 'empty_2' <Predicate = true> <Delay = 0.00>
ST_17 : Operation 250 [1/1] (0.00ns)   --->   "br label %1" [block_mmult.cc:10]   --->   Operation 250 'br' <Predicate = true> <Delay = 0.00>

State 18 <SV = 2> <Delay = 0.00>
ST_18 : Operation 251 [1/1] (0.00ns)   --->   "ret void" [block_mmult.cc:22]   --->   Operation 251 'ret' <Predicate = true> <Delay = 0.00>


============================================================
+ Verbose Summary: Timing violations
============================================================
Target clock period: 10ns, clock uncertainty: 1.25ns.

 <State 1>: 7.85ns
The critical path consists of the following:
	wire read on port 'ii' (block_mmult.cc:4) [7]  (0 ns)
	'add' operation ('add_ln15', block_mmult.cc:15) [33]  (1.87 ns)
	'mul' operation ('mul_ln15_1', block_mmult.cc:15) [36]  (4.17 ns)
	'add' operation ('add_ln18_4', block_mmult.cc:18) [37]  (1.81 ns)

 <State 2>: 5.07ns
The critical path consists of the following:
	'phi' operation ('k') with incoming values : ('k', block_mmult.cc:10) [83]  (0 ns)
	'add' operation ('add_ln15_3', block_mmult.cc:15) [94]  (1.81 ns)
	'getelementptr' operation ('A_addr', block_mmult.cc:15) [96]  (0 ns)
	'load' operation ('A_load', block_mmult.cc:15) on array 'A' [121]  (3.25 ns)

 <State 3>: 4.06ns
The critical path consists of the following:
	'load' operation ('A_load', block_mmult.cc:15) on array 'A' [121]  (3.25 ns)
	'select' operation ('select_ln15', block_mmult.cc:15) [122]  (0.805 ns)

 <State 4>: 6.38ns
The critical path consists of the following:
	'mul' operation of DSP[125] ('mul_ln17', block_mmult.cc:17) [124]  (3.36 ns)
	'add' operation of DSP[125] ('add_ln17', block_mmult.cc:17) [125]  (3.02 ns)

 <State 5>: 6.38ns
The critical path consists of the following:
	'mul' operation of DSP[139] ('mul_ln17_2', block_mmult.cc:17) [138]  (3.36 ns)
	'add' operation of DSP[139] ('add_ln17_2', block_mmult.cc:17) [139]  (3.02 ns)

 <State 6>: 6.38ns
The critical path consists of the following:
	'mul' operation of DSP[153] ('mul_ln17_4', block_mmult.cc:17) [152]  (3.36 ns)
	'add' operation of DSP[153] ('add_ln17_4', block_mmult.cc:17) [153]  (3.02 ns)

 <State 7>: 6.38ns
The critical path consists of the following:
	'mul' operation of DSP[163] ('mul_ln17_6', block_mmult.cc:17) [162]  (3.36 ns)
	'add' operation of DSP[163] ('add_ln17_6', block_mmult.cc:17) [163]  (3.02 ns)

 <State 8>: 6.38ns
The critical path consists of the following:
	'mul' operation of DSP[175] ('mul_ln17_8', block_mmult.cc:17) [174]  (3.36 ns)
	'add' operation of DSP[175] ('add_ln17_8', block_mmult.cc:17) [175]  (3.02 ns)

 <State 9>: 6.38ns
The critical path consists of the following:
	'mul' operation of DSP[185] ('mul_ln17_10', block_mmult.cc:17) [184]  (3.36 ns)
	'add' operation of DSP[185] ('add_ln17_10', block_mmult.cc:17) [185]  (3.02 ns)

 <State 10>: 6.38ns
The critical path consists of the following:
	'mul' operation of DSP[197] ('mul_ln17_12', block_mmult.cc:17) [196]  (3.36 ns)
	'add' operation of DSP[197] ('add_ln17_12', block_mmult.cc:17) [197]  (3.02 ns)

 <State 11>: 6.38ns
The critical path consists of the following:
	'mul' operation of DSP[207] ('mul_ln17_14', block_mmult.cc:17) [206]  (3.36 ns)
	'add' operation of DSP[207] ('add_ln17_14', block_mmult.cc:17) [207]  (3.02 ns)

 <State 12>: 3.25ns
The critical path consists of the following:
	'store' operation ('store_ln18', block_mmult.cc:18) of variable 'add_ln17_4', block_mmult.cc:17 on array 'out_r' [154]  (3.25 ns)

 <State 13>: 3.25ns
The critical path consists of the following:
	'store' operation ('store_ln18', block_mmult.cc:18) of variable 'add_ln17_6', block_mmult.cc:17 on array 'out_r' [164]  (3.25 ns)

 <State 14>: 3.25ns
The critical path consists of the following:
	'store' operation ('store_ln18', block_mmult.cc:18) of variable 'add_ln17_8', block_mmult.cc:17 on array 'out_r' [176]  (3.25 ns)

 <State 15>: 3.25ns
The critical path consists of the following:
	'store' operation ('store_ln18', block_mmult.cc:18) of variable 'add_ln17_10', block_mmult.cc:17 on array 'out_r' [186]  (3.25 ns)

 <State 16>: 3.25ns
The critical path consists of the following:
	'store' operation ('store_ln18', block_mmult.cc:18) of variable 'add_ln17_12', block_mmult.cc:17 on array 'out_r' [198]  (3.25 ns)

 <State 17>: 3.25ns
The critical path consists of the following:
	'store' operation ('store_ln18', block_mmult.cc:18) of variable 'add_ln17_14', block_mmult.cc:17 on array 'out_r' [208]  (3.25 ns)

 <State 18>: 0ns
The critical path consists of the following:


============================================================
+ Verbose Summary: Binding
============================================================
N/A
* FSMD analyzer results:
  - Output states:
 - Input state : 
  - Chain level:
	State 1
	State 2
	State 3
	State 4
	State 5
	State 6
	State 7
	State 8
	State 9
	State 10
	State 11
	State 12
	State 13
	State 14
	State 15
	State 16
	State 17
	State 18


============================================================
+ Verbose Summary: Datapath Resource usage 
============================================================
N/A
