

================================================================
== Vivado HLS Report for 'matrix_mult'
================================================================
* Date:           Tue Nov 21 02:10:28 2023

* Version:        2019.2.1 (Build 2724168 on Thu Dec 05 05:19:09 MST 2019)
* Project:        mm.prj
* Solution:       solution1
* Product family: zynq
* Target device:  xc7z020-clg484-1


================================================================
== Performance Estimates
================================================================
+ Timing: 
    * Summary: 
    +--------+----------+----------+------------+
    |  Clock |  Target  | Estimated| Uncertainty|
    +--------+----------+----------+------------+
    |ap_clk  | 10.00 ns | 8.742 ns |   1.25 ns  |
    +--------+----------+----------+------------+

+ Latency: 
    * Summary: 
    +---------+---------+-----------+-----------+------+------+---------+
    |  Latency (cycles) |   Latency (absolute)  |   Interval  | Pipeline|
    |   min   |   max   |    min    |    max    |  min |  max |   Type  |
    +---------+---------+-----------+-----------+------+------+---------+
    |     2697|     2697| 26.970 us | 26.970 us |  2697|  2697|   none  |
    +---------+---------+-----------+-----------+------+------+---------+

    + Detail: 
        * Instance: 
        N/A

        * Loop: 
        +----------+---------+---------+----------+-----------+-----------+------+----------+
        |          |  Latency (cycles) | Iteration|  Initiation Interval  | Trip |          |
        | Loop Name|   min   |   max   |  Latency |  achieved |   target  | Count| Pipelined|
        +----------+---------+---------+----------+-----------+-----------+------+----------+
        |- Loop 1  |      212|      212|        23|         10|          1|    20|    yes   |
        |- Loop 2  |      212|      212|        23|         10|          1|    20|    yes   |
        |- Loop 3  |     2014|     2014|        18|          5|          1|   400|    yes   |
        |- Loop 4  |      251|      251|        24|         12|          1|    20|    yes   |
        +----------+---------+---------+----------+-----------+-----------+------+----------+



================================================================
== Utilization Estimates
================================================================
* Summary: 
+-----------------+---------+-------+--------+-------+-----+
|       Name      | BRAM_18K| DSP48E|   FF   |  LUT  | URAM|
+-----------------+---------+-------+--------+-------+-----+
|DSP              |        -|      -|       -|      -|    -|
|Expression       |        -|     60|       0|   6981|    -|
|FIFO             |        -|      -|       -|      -|    -|
|Instance         |        -|      -|   14538|   9710|    -|
|Memory           |        8|      -|    2560|    200|    0|
|Multiplexer      |        -|      -|       -|   2553|    -|
|Register         |        0|      -|    3947|    160|    -|
+-----------------+---------+-------+--------+-------+-----+
|Total            |        8|     60|   21045|  19604|    0|
+-----------------+---------+-------+--------+-------+-----+
|Available        |      280|    220|  106400|  53200|    0|
+-----------------+---------+-------+--------+-------+-----+
|Utilization (%)  |        2|     27|      19|     36|    0|
+-----------------+---------+-------+--------+-------+-----+

+ Detail: 
    * Instance: 
    +--------------------------+----------------------+---------+-------+-----+-----+-----+
    |         Instance         |        Module        | BRAM_18K| DSP48E|  FF | LUT | URAM|
    +--------------------------+----------------------+---------+-------+-----+-----+-----+
    |matrix_mult_urem_Thq_U1   |matrix_mult_urem_Thq  |        0|      0|  239|  160|    0|
    |matrix_mult_urem_Thq_U2   |matrix_mult_urem_Thq  |        0|      0|  239|  160|    0|
    |matrix_mult_urem_Thq_U3   |matrix_mult_urem_Thq  |        0|      0|  239|  160|    0|
    |matrix_mult_urem_Thq_U4   |matrix_mult_urem_Thq  |        0|      0|  239|  160|    0|
    |matrix_mult_urem_Thq_U5   |matrix_mult_urem_Thq  |        0|      0|  239|  160|    0|
    |matrix_mult_urem_Thq_U6   |matrix_mult_urem_Thq  |        0|      0|  239|  160|    0|
    |matrix_mult_urem_Thq_U7   |matrix_mult_urem_Thq  |        0|      0|  239|  160|    0|
    |matrix_mult_urem_Thq_U8   |matrix_mult_urem_Thq  |        0|      0|  239|  160|    0|
    |matrix_mult_urem_Thq_U9   |matrix_mult_urem_Thq  |        0|      0|  239|  160|    0|
    |matrix_mult_urem_Thq_U10  |matrix_mult_urem_Thq  |        0|      0|  239|  160|    0|
    |matrix_mult_urem_Thq_U11  |matrix_mult_urem_Thq  |        0|      0|  239|  160|    0|
    |matrix_mult_urem_Thq_U12  |matrix_mult_urem_Thq  |        0|      0|  239|  160|    0|
    |matrix_mult_urem_Thq_U13  |matrix_mult_urem_Thq  |        0|      0|  239|  160|    0|
    |matrix_mult_urem_Thq_U14  |matrix_mult_urem_Thq  |        0|      0|  239|  160|    0|
    |matrix_mult_urem_Thq_U15  |matrix_mult_urem_Thq  |        0|      0|  239|  160|    0|
    |matrix_mult_urem_Thq_U16  |matrix_mult_urem_Thq  |        0|      0|  239|  160|    0|
    |matrix_mult_urem_Thq_U17  |matrix_mult_urem_Thq  |        0|      0|  239|  160|    0|
    |matrix_mult_urem_Thq_U18  |matrix_mult_urem_Thq  |        0|      0|  239|  160|    0|
    |matrix_mult_urem_Thq_U19  |matrix_mult_urem_Thq  |        0|      0|  239|  160|    0|
    |matrix_mult_urem_Thq_U20  |matrix_mult_urem_Thq  |        0|      0|  239|  160|    0|
    |matrix_mult_urem_Thq_U21  |matrix_mult_urem_Thq  |        0|      0|  239|  160|    0|
    |matrix_mult_urem_Thq_U22  |matrix_mult_urem_Thq  |        0|      0|  239|  160|    0|
    |matrix_mult_urem_Thq_U23  |matrix_mult_urem_Thq  |        0|      0|  239|  160|    0|
    |matrix_mult_urem_Thq_U24  |matrix_mult_urem_Thq  |        0|      0|  239|  160|    0|
    |matrix_mult_urem_Thq_U25  |matrix_mult_urem_Thq  |        0|      0|  239|  160|    0|
    |matrix_mult_urem_Thq_U26  |matrix_mult_urem_Thq  |        0|      0|  239|  160|    0|
    |matrix_mult_urem_Thq_U27  |matrix_mult_urem_Thq  |        0|      0|  239|  160|    0|
    |matrix_mult_urem_Thq_U28  |matrix_mult_urem_Thq  |        0|      0|  239|  160|    0|
    |matrix_mult_urem_Thq_U29  |matrix_mult_urem_Thq  |        0|      0|  239|  160|    0|
    |matrix_mult_urem_Thq_U30  |matrix_mult_urem_Thq  |        0|      0|  239|  160|    0|
    |matrix_mult_urem_Thq_U31  |matrix_mult_urem_Thq  |        0|      0|  239|  160|    0|
    |matrix_mult_urem_Thq_U32  |matrix_mult_urem_Thq  |        0|      0|  239|  160|    0|
    |matrix_mult_urem_Thq_U33  |matrix_mult_urem_Thq  |        0|      0|  239|  160|    0|
    |matrix_mult_urem_Thq_U34  |matrix_mult_urem_Thq  |        0|      0|  239|  160|    0|
    |matrix_mult_urem_Thq_U35  |matrix_mult_urem_Thq  |        0|      0|  239|  160|    0|
    |matrix_mult_urem_Thq_U36  |matrix_mult_urem_Thq  |        0|      0|  239|  160|    0|
    |matrix_mult_urem_Thq_U37  |matrix_mult_urem_Thq  |        0|      0|  239|  160|    0|
    |matrix_mult_urem_Thq_U38  |matrix_mult_urem_Thq  |        0|      0|  239|  160|    0|
    |matrix_mult_urem_Thq_U39  |matrix_mult_urem_Thq  |        0|      0|  239|  160|    0|
    |matrix_mult_urem_Thq_U40  |matrix_mult_urem_Thq  |        0|      0|  239|  160|    0|
    |matrix_mult_urem_Thq_U43  |matrix_mult_urem_Thq  |        0|      0|  239|  160|    0|
    |matrix_mult_urem_Thq_U44  |matrix_mult_urem_Thq  |        0|      0|  239|  160|    0|
    |matrix_mult_urem_Thq_U45  |matrix_mult_urem_Thq  |        0|      0|  239|  160|    0|
    |matrix_mult_urem_Thq_U46  |matrix_mult_urem_Thq  |        0|      0|  239|  160|    0|
    |matrix_mult_urem_Thq_U47  |matrix_mult_urem_Thq  |        0|      0|  239|  160|    0|
    |matrix_mult_urem_Thq_U48  |matrix_mult_urem_Thq  |        0|      0|  239|  160|    0|
    |matrix_mult_urem_Thq_U49  |matrix_mult_urem_Thq  |        0|      0|  239|  160|    0|
    |matrix_mult_urem_Thq_U50  |matrix_mult_urem_Thq  |        0|      0|  239|  160|    0|
    |matrix_mult_urem_Thq_U51  |matrix_mult_urem_Thq  |        0|      0|  239|  160|    0|
    |matrix_mult_urem_Thq_U52  |matrix_mult_urem_Thq  |        0|      0|  239|  160|    0|
    |matrix_mult_urem_Thq_U53  |matrix_mult_urem_Thq  |        0|      0|  239|  160|    0|
    |matrix_mult_urem_Thq_U54  |matrix_mult_urem_Thq  |        0|      0|  239|  160|    0|
    |matrix_mult_urem_Thq_U55  |matrix_mult_urem_Thq  |        0|      0|  239|  160|    0|
    |matrix_mult_urem_Thq_U56  |matrix_mult_urem_Thq  |        0|      0|  239|  160|    0|
    |matrix_mult_urem_Thq_U57  |matrix_mult_urem_Thq  |        0|      0|  239|  160|    0|
    |matrix_mult_urem_Thq_U58  |matrix_mult_urem_Thq  |        0|      0|  239|  160|    0|
    |matrix_mult_urem_Thq_U59  |matrix_mult_urem_Thq  |        0|      0|  239|  160|    0|
    |matrix_mult_urem_Thq_U60  |matrix_mult_urem_Thq  |        0|      0|  239|  160|    0|
    |matrix_mult_urem_Thq_U61  |matrix_mult_urem_Thq  |        0|      0|  239|  160|    0|
    |matrix_mult_urem_Thq_U62  |matrix_mult_urem_Thq  |        0|      0|  239|  160|    0|
    |matrix_mult_urem_UhA_U41  |matrix_mult_urem_UhA  |        0|      0|   99|   55|    0|
    |matrix_mult_urem_UhA_U42  |matrix_mult_urem_UhA  |        0|      0|   99|   55|    0|
    +--------------------------+----------------------+---------+-------+-----+-----+-----+
    |Total                     |                      |        0|      0|14538| 9710|    0|
    +--------------------------+----------------------+---------+-------+-----+-----+-----+

    * DSP48E: 
    N/A

    * Memory: 
    +---------------+----------------------+---------+----+----+-----+------+-----+------+-------------+
    |     Memory    |        Module        | BRAM_18K| FF | LUT| URAM| Words| Bits| Banks| W*Bits*Banks|
    +---------------+----------------------+---------+----+----+-----+------+-----+------+-------------+
    |a_buff_0_0_U   |matrix_mult_a_bufbkb  |        0|  64|   5|    0|    10|   32|     1|          320|
    |a_buff_0_1_U   |matrix_mult_a_bufbkb  |        0|  64|   5|    0|    10|   32|     1|          320|
    |a_buff_0_2_U   |matrix_mult_a_bufbkb  |        0|  64|   5|    0|    10|   32|     1|          320|
    |a_buff_0_3_U   |matrix_mult_a_bufbkb  |        0|  64|   5|    0|    10|   32|     1|          320|
    |a_buff_0_4_U   |matrix_mult_a_bufbkb  |        0|  64|   5|    0|    10|   32|     1|          320|
    |a_buff_0_5_U   |matrix_mult_a_bufbkb  |        0|  64|   5|    0|    10|   32|     1|          320|
    |a_buff_0_6_U   |matrix_mult_a_bufbkb  |        0|  64|   5|    0|    10|   32|     1|          320|
    |a_buff_0_7_U   |matrix_mult_a_bufbkb  |        0|  64|   5|    0|    10|   32|     1|          320|
    |a_buff_0_8_U   |matrix_mult_a_bufbkb  |        0|  64|   5|    0|    10|   32|     1|          320|
    |a_buff_0_9_U   |matrix_mult_a_bufbkb  |        0|  64|   5|    0|    10|   32|     1|          320|
    |a_buff_0_10_U  |matrix_mult_a_bufbkb  |        0|  64|   5|    0|    10|   32|     1|          320|
    |a_buff_0_11_U  |matrix_mult_a_bufbkb  |        0|  64|   5|    0|    10|   32|     1|          320|
    |a_buff_0_12_U  |matrix_mult_a_bufbkb  |        0|  64|   5|    0|    10|   32|     1|          320|
    |a_buff_0_13_U  |matrix_mult_a_bufbkb  |        0|  64|   5|    0|    10|   32|     1|          320|
    |a_buff_0_14_U  |matrix_mult_a_bufbkb  |        0|  64|   5|    0|    10|   32|     1|          320|
    |a_buff_0_15_U  |matrix_mult_a_bufbkb  |        0|  64|   5|    0|    10|   32|     1|          320|
    |a_buff_0_16_U  |matrix_mult_a_bufbkb  |        0|  64|   5|    0|    10|   32|     1|          320|
    |a_buff_0_17_U  |matrix_mult_a_bufbkb  |        0|  64|   5|    0|    10|   32|     1|          320|
    |a_buff_0_18_U  |matrix_mult_a_bufbkb  |        0|  64|   5|    0|    10|   32|     1|          320|
    |a_buff_0_19_U  |matrix_mult_a_bufbkb  |        0|  64|   5|    0|    10|   32|     1|          320|
    |a_buff_1_0_U   |matrix_mult_a_bufbkb  |        0|  64|   5|    0|    10|   32|     1|          320|
    |a_buff_1_1_U   |matrix_mult_a_bufbkb  |        0|  64|   5|    0|    10|   32|     1|          320|
    |a_buff_1_2_U   |matrix_mult_a_bufbkb  |        0|  64|   5|    0|    10|   32|     1|          320|
    |a_buff_1_3_U   |matrix_mult_a_bufbkb  |        0|  64|   5|    0|    10|   32|     1|          320|
    |a_buff_1_4_U   |matrix_mult_a_bufbkb  |        0|  64|   5|    0|    10|   32|     1|          320|
    |a_buff_1_5_U   |matrix_mult_a_bufbkb  |        0|  64|   5|    0|    10|   32|     1|          320|
    |a_buff_1_6_U   |matrix_mult_a_bufbkb  |        0|  64|   5|    0|    10|   32|     1|          320|
    |a_buff_1_7_U   |matrix_mult_a_bufbkb  |        0|  64|   5|    0|    10|   32|     1|          320|
    |a_buff_1_8_U   |matrix_mult_a_bufbkb  |        0|  64|   5|    0|    10|   32|     1|          320|
    |a_buff_1_9_U   |matrix_mult_a_bufbkb  |        0|  64|   5|    0|    10|   32|     1|          320|
    |a_buff_1_10_U  |matrix_mult_a_bufbkb  |        0|  64|   5|    0|    10|   32|     1|          320|
    |a_buff_1_11_U  |matrix_mult_a_bufbkb  |        0|  64|   5|    0|    10|   32|     1|          320|
    |a_buff_1_12_U  |matrix_mult_a_bufbkb  |        0|  64|   5|    0|    10|   32|     1|          320|
    |a_buff_1_13_U  |matrix_mult_a_bufbkb  |        0|  64|   5|    0|    10|   32|     1|          320|
    |a_buff_1_14_U  |matrix_mult_a_bufbkb  |        0|  64|   5|    0|    10|   32|     1|          320|
    |a_buff_1_15_U  |matrix_mult_a_bufbkb  |        0|  64|   5|    0|    10|   32|     1|          320|
    |a_buff_1_16_U  |matrix_mult_a_bufbkb  |        0|  64|   5|    0|    10|   32|     1|          320|
    |a_buff_1_17_U  |matrix_mult_a_bufbkb  |        0|  64|   5|    0|    10|   32|     1|          320|
    |a_buff_1_18_U  |matrix_mult_a_bufbkb  |        0|  64|   5|    0|    10|   32|     1|          320|
    |a_buff_1_19_U  |matrix_mult_a_bufbkb  |        0|  64|   5|    0|    10|   32|     1|          320|
    |b_buff_0_U     |matrix_mult_b_bufPgM  |        2|   0|   0|    0|   200|   32|     1|         6400|
    |b_buff_1_U     |matrix_mult_b_bufPgM  |        2|   0|   0|    0|   200|   32|     1|         6400|
    |c_buff_0_U     |matrix_mult_c_bufRg6  |        2|   0|   0|    0|   200|   32|     1|         6400|
    |c_buff_1_U     |matrix_mult_c_bufRg6  |        2|   0|   0|    0|   200|   32|     1|         6400|
    +---------------+----------------------+---------+----+----+-----+------+-----+------+-------------+
    |Total          |                      |        8|2560| 200|    0|  1200| 1408|    44|        38400|
    +---------------+----------------------+---------+----+----+-----+------+-----+------+-------------+

    * FIFO: 
    N/A

    * Expression: 
    +---------------------------+----------+-------+---+----+------------+------------+
    |       Variable Name       | Operation| DSP48E| FF| LUT| Bitwidth P0| Bitwidth P1|
    +---------------------------+----------+-------+---+----+------------+------------+
    |mul_ln47_10_fu_5578_p2     |     *    |      3|  0|  20|          32|          32|
    |mul_ln47_11_fu_5583_p2     |     *    |      3|  0|  20|          32|          32|
    |mul_ln47_12_fu_5606_p2     |     *    |      3|  0|  20|          32|          32|
    |mul_ln47_13_fu_5611_p2     |     *    |      3|  0|  20|          32|          32|
    |mul_ln47_14_fu_5429_p2     |     *    |      3|  0|  20|          32|          32|
    |mul_ln47_15_fu_5433_p2     |     *    |      3|  0|  20|          32|          32|
    |mul_ln47_16_fu_5616_p2     |     *    |      3|  0|  20|          32|          32|
    |mul_ln47_17_fu_5437_p2     |     *    |      3|  0|  20|          32|          32|
    |mul_ln47_18_fu_5441_p2     |     *    |      3|  0|  20|          32|          32|
    |mul_ln47_19_fu_5620_p2     |     *    |      3|  0|  20|          32|          32|
    |mul_ln47_1_fu_5449_p2      |     *    |      3|  0|  20|          32|          32|
    |mul_ln47_2_fu_5453_p2      |     *    |      3|  0|  20|          32|          32|
    |mul_ln47_3_fu_5457_p2      |     *    |      3|  0|  20|          32|          32|
    |mul_ln47_4_fu_5469_p2      |     *    |      3|  0|  20|          32|          32|
    |mul_ln47_5_fu_5473_p2      |     *    |      3|  0|  20|          32|          32|
    |mul_ln47_6_fu_5477_p2      |     *    |      3|  0|  20|          32|          32|
    |mul_ln47_7_fu_5481_p2      |     *    |      3|  0|  20|          32|          32|
    |mul_ln47_8_fu_5570_p2      |     *    |      3|  0|  20|          32|          32|
    |mul_ln47_9_fu_5574_p2      |     *    |      3|  0|  20|          32|          32|
    |mul_ln47_fu_5445_p2        |     *    |      3|  0|  20|          32|          32|
    |add_ln28_10_fu_3479_p2     |     +    |      0|  0|  15|           9|           4|
    |add_ln28_11_fu_3496_p2     |     +    |      0|  0|  15|           9|           4|
    |add_ln28_12_fu_3513_p2     |     +    |      0|  0|  15|           9|           4|
    |add_ln28_13_fu_3530_p2     |     +    |      0|  0|  15|           9|           5|
    |add_ln28_14_fu_3547_p2     |     +    |      0|  0|  15|           9|           5|
    |add_ln28_15_fu_3569_p2     |     +    |      0|  0|  15|           9|           5|
    |add_ln28_16_fu_3586_p2     |     +    |      0|  0|  15|           9|           5|
    |add_ln28_17_fu_3260_p2     |     +    |      0|  0|  15|           5|           5|
    |add_ln28_1_fu_3326_p2      |     +    |      0|  0|  15|           9|           3|
    |add_ln28_2_fu_3343_p2      |     +    |      0|  0|  15|           9|           3|
    |add_ln28_3_fu_3360_p2      |     +    |      0|  0|  15|           9|           3|
    |add_ln28_4_fu_3377_p2      |     +    |      0|  0|  15|           9|           3|
    |add_ln28_5_fu_3394_p2      |     +    |      0|  0|  15|           9|           4|
    |add_ln28_6_fu_3411_p2      |     +    |      0|  0|  15|           9|           4|
    |add_ln28_7_fu_3428_p2      |     +    |      0|  0|  15|           9|           4|
    |add_ln28_8_fu_3445_p2      |     +    |      0|  0|  15|           9|           4|
    |add_ln28_9_fu_3462_p2      |     +    |      0|  0|  15|           9|           4|
    |add_ln28_fu_3242_p2        |     +    |      0|  0|  15|           9|           9|
    |add_ln35_10_fu_4179_p2     |     +    |      0|  0|  15|           9|           4|
    |add_ln35_11_fu_4196_p2     |     +    |      0|  0|  15|           9|           4|
    |add_ln35_12_fu_4213_p2     |     +    |      0|  0|  15|           9|           4|
    |add_ln35_13_fu_4230_p2     |     +    |      0|  0|  15|           9|           5|
    |add_ln35_14_fu_4247_p2     |     +    |      0|  0|  15|           9|           5|
    |add_ln35_15_fu_4269_p2     |     +    |      0|  0|  15|           9|           5|
    |add_ln35_16_fu_4286_p2     |     +    |      0|  0|  15|           9|           5|
    |add_ln35_17_fu_3960_p2     |     +    |      0|  0|  15|           5|           5|
    |add_ln35_18_fu_4342_p2     |     +    |      0|  0|  15|           9|           9|
    |add_ln35_19_fu_4439_p2     |     +    |      0|  0|  15|           9|           3|
    |add_ln35_1_fu_4026_p2      |     +    |      0|  0|  15|           9|           3|
    |add_ln35_20_fu_4450_p2     |     +    |      0|  0|  15|           9|           3|
    |add_ln35_21_fu_4491_p2     |     +    |      0|  0|  15|           9|           3|
    |add_ln35_22_fu_4502_p2     |     +    |      0|  0|  15|           9|           3|
    |add_ln35_23_fu_4543_p2     |     +    |      0|  0|  15|           9|           4|
    |add_ln35_24_fu_4554_p2     |     +    |      0|  0|  15|           9|           4|
    |add_ln35_25_fu_4595_p2     |     +    |      0|  0|  15|           9|           4|
    |add_ln35_26_fu_4606_p2     |     +    |      0|  0|  15|           9|           4|
    |add_ln35_27_fu_4647_p2     |     +    |      0|  0|  15|           9|           4|
    |add_ln35_28_fu_4658_p2     |     +    |      0|  0|  15|           9|           4|
    |add_ln35_29_fu_4699_p2     |     +    |      0|  0|  15|           9|           4|
    |add_ln35_2_fu_4043_p2      |     +    |      0|  0|  15|           9|           3|
    |add_ln35_30_fu_4710_p2     |     +    |      0|  0|  15|           9|           4|
    |add_ln35_31_fu_4751_p2     |     +    |      0|  0|  15|           9|           5|
    |add_ln35_32_fu_4762_p2     |     +    |      0|  0|  15|           9|           5|
    |add_ln35_33_fu_4803_p2     |     +    |      0|  0|  15|           9|           5|
    |add_ln35_34_fu_4814_p2     |     +    |      0|  0|  15|           9|           5|
    |add_ln35_3_fu_4060_p2      |     +    |      0|  0|  15|           9|           3|
    |add_ln35_4_fu_4077_p2      |     +    |      0|  0|  15|           9|           3|
    |add_ln35_5_fu_4094_p2      |     +    |      0|  0|  15|           9|           4|
    |add_ln35_6_fu_4111_p2      |     +    |      0|  0|  15|           9|           4|
    |add_ln35_7_fu_4128_p2      |     +    |      0|  0|  15|           9|           4|
    |add_ln35_8_fu_4145_p2      |     +    |      0|  0|  15|           9|           4|
    |add_ln35_9_fu_4162_p2      |     +    |      0|  0|  15|           9|           4|
    |add_ln35_fu_3942_p2        |     +    |      0|  0|  15|           9|           9|
    |add_ln40_fu_4899_p2        |     +    |      0|  0|  15|           9|           1|
    |add_ln44_1_fu_5702_p2      |     +    |      0|  0|  32|           9|           9|
    |add_ln44_fu_5693_p2        |     +    |      0|  0|  32|           9|           9|
    |add_ln47_10_fu_5588_p2     |     +    |      0|  0|  39|          32|          32|
    |add_ln47_11_fu_5592_p2     |     +    |      0|  0|  32|          32|          32|
    |add_ln47_12_fu_5597_p2     |     +    |      0|  0|  32|          32|          32|
    |add_ln47_13_fu_5602_p2     |     +    |      0|  0|  39|          32|          32|
    |add_ln47_14_fu_5657_p2     |     +    |      0|  0|  39|          32|          32|
    |add_ln47_15_fu_5661_p2     |     +    |      0|  0|  32|          32|          32|
    |add_ln47_16_fu_5666_p2     |     +    |      0|  0|  32|          32|          32|
    |add_ln47_17_fu_5714_p2     |     +    |      0|  0|  32|          32|          32|
    |add_ln47_18_fu_5718_p2     |     +    |      0|  0|  32|          32|          32|
    |add_ln47_19_fu_5418_p2     |     +    |      0|  0|  15|           5|           6|
    |add_ln47_1_fu_5465_p2      |     +    |      0|  0|  39|          32|          32|
    |add_ln47_20_fu_4933_p2     |     +    |      0|  0|  15|           6|           7|
    |add_ln47_21_fu_4943_p2     |     +    |      0|  0|  15|           6|           7|
    |add_ln47_22_fu_4911_p2     |     +    |      0|  0|  15|           7|           7|
    |add_ln47_23_fu_4922_p2     |     +    |      0|  0|  15|           7|           8|
    |add_ln47_24_fu_5011_p2     |     +    |      0|  0|  15|           7|           8|
    |add_ln47_25_fu_4953_p2     |     +    |      0|  0|  15|           8|           8|
    |add_ln47_26_fu_5192_p2     |     +    |      0|  0|  15|           8|           8|
    |add_ln47_2_fu_5628_p2      |     +    |      0|  0|  32|          32|          32|
    |add_ln47_3_fu_5632_p2      |     +    |      0|  0|  32|          32|          32|
    |add_ln47_4_fu_5624_p2      |     +    |      0|  0|  39|          32|          32|
    |add_ln47_5_fu_5637_p2      |     +    |      0|  0|  32|          32|          32|
    |add_ln47_6_fu_5641_p2      |     +    |      0|  0|  32|          32|          32|
    |add_ln47_7_fu_5646_p2      |     +    |      0|  0|  32|          32|          32|
    |add_ln47_8_fu_5651_p2      |     +    |      0|  0|  32|          32|          32|
    |add_ln47_9_fu_5485_p2      |     +    |      0|  0|  39|          32|          32|
    |add_ln47_fu_5461_p2        |     +    |      0|  0|  39|          32|          32|
    |add_ln56_10_fu_6026_p2     |     +    |      0|  0|  15|           9|           4|
    |add_ln56_11_fu_6043_p2     |     +    |      0|  0|  15|           9|           4|
    |add_ln56_12_fu_6060_p2     |     +    |      0|  0|  15|           9|           4|
    |add_ln56_13_fu_6077_p2     |     +    |      0|  0|  15|           9|           5|
    |add_ln56_14_fu_6094_p2     |     +    |      0|  0|  15|           9|           5|
    |add_ln56_15_fu_6116_p2     |     +    |      0|  0|  15|           9|           5|
    |add_ln56_16_fu_6133_p2     |     +    |      0|  0|  15|           9|           5|
    |add_ln56_17_fu_5769_p2     |     +    |      0|  0|  15|           5|           5|
    |add_ln56_18_fu_5803_p2     |     +    |      0|  0|  15|           9|           9|
    |add_ln56_19_fu_6194_p2     |     +    |      0|  0|  15|           9|           3|
    |add_ln56_1_fu_5873_p2      |     +    |      0|  0|  15|           9|           3|
    |add_ln56_20_fu_6205_p2     |     +    |      0|  0|  15|           9|           3|
    |add_ln56_21_fu_6221_p2     |     +    |      0|  0|  15|           9|           3|
    |add_ln56_22_fu_6232_p2     |     +    |      0|  0|  15|           9|           3|
    |add_ln56_23_fu_6248_p2     |     +    |      0|  0|  15|           9|           4|
    |add_ln56_24_fu_6259_p2     |     +    |      0|  0|  15|           9|           4|
    |add_ln56_25_fu_6280_p2     |     +    |      0|  0|  15|           9|           4|
    |add_ln56_26_fu_6291_p2     |     +    |      0|  0|  15|           9|           4|
    |add_ln56_27_fu_6312_p2     |     +    |      0|  0|  15|           9|           4|
    |add_ln56_28_fu_6323_p2     |     +    |      0|  0|  15|           9|           4|
    |add_ln56_29_fu_6344_p2     |     +    |      0|  0|  15|           9|           4|
    |add_ln56_2_fu_5890_p2      |     +    |      0|  0|  15|           9|           3|
    |add_ln56_30_fu_6355_p2     |     +    |      0|  0|  15|           9|           4|
    |add_ln56_31_fu_6376_p2     |     +    |      0|  0|  15|           9|           5|
    |add_ln56_32_fu_6387_p2     |     +    |      0|  0|  15|           9|           5|
    |add_ln56_33_fu_6408_p2     |     +    |      0|  0|  15|           9|           5|
    |add_ln56_34_fu_6419_p2     |     +    |      0|  0|  15|           9|           5|
    |add_ln56_3_fu_5907_p2      |     +    |      0|  0|  15|           9|           3|
    |add_ln56_4_fu_5924_p2      |     +    |      0|  0|  15|           9|           3|
    |add_ln56_5_fu_5941_p2      |     +    |      0|  0|  15|           9|           4|
    |add_ln56_6_fu_5958_p2      |     +    |      0|  0|  15|           9|           4|
    |add_ln56_7_fu_5975_p2      |     +    |      0|  0|  15|           9|           4|
    |add_ln56_8_fu_5992_p2      |     +    |      0|  0|  15|           9|           4|
    |add_ln56_9_fu_6009_p2      |     +    |      0|  0|  15|           9|           4|
    |add_ln56_fu_5757_p2        |     +    |      0|  0|  15|           9|           9|
    |grp_fu_4867_p0             |     +    |      0|  0|  15|           1|           5|
    |i_1_fu_3916_p2             |     +    |      0|  0|  15|           5|           1|
    |i_2_fu_5731_p2             |     +    |      0|  0|  15|           5|           1|
    |i_fu_3216_p2               |     +    |      0|  0|  15|           5|           1|
    |o_fu_5021_p2               |     +    |      0|  0|  15|           5|           1|
    |icmp_ln25_fu_3210_p2       |   icmp   |      0|  0|  11|           5|           5|
    |icmp_ln28_10_fu_3422_p2    |   icmp   |      0|  0|  13|           9|           8|
    |icmp_ln28_11_fu_3439_p2    |   icmp   |      0|  0|  13|           9|           8|
    |icmp_ln28_12_fu_3456_p2    |   icmp   |      0|  0|  13|           9|           8|
    |icmp_ln28_13_fu_3473_p2    |   icmp   |      0|  0|  13|           9|           8|
    |icmp_ln28_14_fu_3490_p2    |   icmp   |      0|  0|  13|           9|           8|
    |icmp_ln28_15_fu_3507_p2    |   icmp   |      0|  0|  13|           9|           8|
    |icmp_ln28_16_fu_3524_p2    |   icmp   |      0|  0|  13|           9|           8|
    |icmp_ln28_17_fu_3541_p2    |   icmp   |      0|  0|  13|           9|           8|
    |icmp_ln28_18_fu_3558_p2    |   icmp   |      0|  0|  13|           9|           8|
    |icmp_ln28_19_fu_3580_p2    |   icmp   |      0|  0|  13|           9|           8|
    |icmp_ln28_1_fu_3254_p2     |   icmp   |      0|  0|  11|           5|           4|
    |icmp_ln28_20_fu_3597_p2    |   icmp   |      0|  0|  13|           9|           8|
    |icmp_ln28_2_fu_3286_p2     |   icmp   |      0|  0|  13|           9|           8|
    |icmp_ln28_3_fu_3303_p2     |   icmp   |      0|  0|  13|           9|           8|
    |icmp_ln28_4_fu_3320_p2     |   icmp   |      0|  0|  13|           9|           8|
    |icmp_ln28_5_fu_3337_p2     |   icmp   |      0|  0|  13|           9|           8|
    |icmp_ln28_6_fu_3354_p2     |   icmp   |      0|  0|  13|           9|           8|
    |icmp_ln28_7_fu_3371_p2     |   icmp   |      0|  0|  13|           9|           8|
    |icmp_ln28_8_fu_3388_p2     |   icmp   |      0|  0|  13|           9|           8|
    |icmp_ln28_9_fu_3405_p2     |   icmp   |      0|  0|  13|           9|           8|
    |icmp_ln28_fu_3564_p2       |   icmp   |      0|  0|  13|           9|           8|
    |icmp_ln32_fu_3910_p2       |   icmp   |      0|  0|  11|           5|           5|
    |icmp_ln35_10_fu_4122_p2    |   icmp   |      0|  0|  13|           9|           8|
    |icmp_ln35_11_fu_4139_p2    |   icmp   |      0|  0|  13|           9|           8|
    |icmp_ln35_12_fu_4156_p2    |   icmp   |      0|  0|  13|           9|           8|
    |icmp_ln35_13_fu_4173_p2    |   icmp   |      0|  0|  13|           9|           8|
    |icmp_ln35_14_fu_4190_p2    |   icmp   |      0|  0|  13|           9|           8|
    |icmp_ln35_15_fu_4207_p2    |   icmp   |      0|  0|  13|           9|           8|
    |icmp_ln35_16_fu_4224_p2    |   icmp   |      0|  0|  13|           9|           8|
    |icmp_ln35_17_fu_4241_p2    |   icmp   |      0|  0|  13|           9|           8|
    |icmp_ln35_18_fu_4258_p2    |   icmp   |      0|  0|  13|           9|           8|
    |icmp_ln35_19_fu_4280_p2    |   icmp   |      0|  0|  13|           9|           8|
    |icmp_ln35_1_fu_3954_p2     |   icmp   |      0|  0|  11|           5|           4|
    |icmp_ln35_20_fu_4297_p2    |   icmp   |      0|  0|  13|           9|           8|
    |icmp_ln35_2_fu_3986_p2     |   icmp   |      0|  0|  13|           9|           8|
    |icmp_ln35_3_fu_4003_p2     |   icmp   |      0|  0|  13|           9|           8|
    |icmp_ln35_4_fu_4020_p2     |   icmp   |      0|  0|  13|           9|           8|
    |icmp_ln35_5_fu_4037_p2     |   icmp   |      0|  0|  13|           9|           8|
    |icmp_ln35_6_fu_4054_p2     |   icmp   |      0|  0|  13|           9|           8|
    |icmp_ln35_7_fu_4071_p2     |   icmp   |      0|  0|  13|           9|           8|
    |icmp_ln35_8_fu_4088_p2     |   icmp   |      0|  0|  13|           9|           8|
    |icmp_ln35_9_fu_4105_p2     |   icmp   |      0|  0|  13|           9|           8|
    |icmp_ln35_fu_4264_p2       |   icmp   |      0|  0|  13|           9|           8|
    |icmp_ln40_fu_4855_p2       |   icmp   |      0|  0|  13|           9|           8|
    |icmp_ln42_fu_4873_p2       |   icmp   |      0|  0|  11|           5|           5|
    |icmp_ln47_1_fu_4887_p2     |   icmp   |      0|  0|  11|           5|           4|
    |icmp_ln47_fu_4849_p2       |   icmp   |      0|  0|  11|           5|           4|
    |icmp_ln53_fu_5725_p2       |   icmp   |      0|  0|  11|           5|           5|
    |icmp_ln56_10_fu_5969_p2    |   icmp   |      0|  0|  13|           9|           8|
    |icmp_ln56_11_fu_5986_p2    |   icmp   |      0|  0|  13|           9|           8|
    |icmp_ln56_12_fu_6003_p2    |   icmp   |      0|  0|  13|           9|           8|
    |icmp_ln56_13_fu_6020_p2    |   icmp   |      0|  0|  13|           9|           8|
    |icmp_ln56_14_fu_6037_p2    |   icmp   |      0|  0|  13|           9|           8|
    |icmp_ln56_15_fu_6054_p2    |   icmp   |      0|  0|  13|           9|           8|
    |icmp_ln56_16_fu_6071_p2    |   icmp   |      0|  0|  13|           9|           8|
    |icmp_ln56_17_fu_6088_p2    |   icmp   |      0|  0|  13|           9|           8|
    |icmp_ln56_18_fu_6105_p2    |   icmp   |      0|  0|  13|           9|           8|
    |icmp_ln56_19_fu_6127_p2    |   icmp   |      0|  0|  13|           9|           8|
    |icmp_ln56_1_fu_6111_p2     |   icmp   |      0|  0|  13|           9|           8|
    |icmp_ln56_20_fu_6144_p2    |   icmp   |      0|  0|  13|           9|           8|
    |icmp_ln56_2_fu_5833_p2     |   icmp   |      0|  0|  13|           9|           8|
    |icmp_ln56_3_fu_5850_p2     |   icmp   |      0|  0|  13|           9|           8|
    |icmp_ln56_4_fu_5867_p2     |   icmp   |      0|  0|  13|           9|           8|
    |icmp_ln56_5_fu_5884_p2     |   icmp   |      0|  0|  13|           9|           8|
    |icmp_ln56_6_fu_5901_p2     |   icmp   |      0|  0|  13|           9|           8|
    |icmp_ln56_7_fu_5918_p2     |   icmp   |      0|  0|  13|           9|           8|
    |icmp_ln56_8_fu_5935_p2     |   icmp   |      0|  0|  13|           9|           8|
    |icmp_ln56_9_fu_5952_p2     |   icmp   |      0|  0|  13|           9|           8|
    |icmp_ln56_fu_5763_p2       |   icmp   |      0|  0|  11|           5|           4|
    |or_ln28_1_fu_3292_p2       |    or    |      0|  0|   9|           2|           9|
    |or_ln28_2_fu_3309_p2       |    or    |      0|  0|   9|           2|           9|
    |or_ln28_fu_3274_p2         |    or    |      0|  0|   9|           1|           9|
    |or_ln35_1_fu_3992_p2       |    or    |      0|  0|   9|           2|           9|
    |or_ln35_2_fu_4009_p2       |    or    |      0|  0|   9|           2|           9|
    |or_ln35_3_fu_4354_p2       |    or    |      0|  0|   9|           1|           9|
    |or_ln35_4_fu_4387_p2       |    or    |      0|  0|   9|           2|           9|
    |or_ln35_5_fu_4398_p2       |    or    |      0|  0|   9|           2|           9|
    |or_ln35_fu_3974_p2         |    or    |      0|  0|   9|           1|           9|
    |or_ln56_1_fu_5839_p2       |    or    |      0|  0|   9|           2|           9|
    |or_ln56_2_fu_5856_p2       |    or    |      0|  0|   9|           2|           9|
    |or_ln56_3_fu_6150_p2       |    or    |      0|  0|   9|           1|           9|
    |or_ln56_4_fu_6167_p2       |    or    |      0|  0|   9|           2|           9|
    |or_ln56_5_fu_6178_p2       |    or    |      0|  0|   9|           2|           9|
    |or_ln56_fu_5821_p2         |    or    |      0|  0|   9|           1|           9|
    |grp_fu_3170_p3             |  select  |      0|  0|  32|           1|          32|
    |grp_fu_3177_p3             |  select  |      0|  0|  32|           1|          32|
    |select_ln28_10_fu_3772_p3  |  select  |      0|  0|  32|           1|          32|
    |select_ln28_11_fu_3781_p3  |  select  |      0|  0|  32|           1|          32|
    |select_ln28_12_fu_3802_p3  |  select  |      0|  0|  32|           1|          32|
    |select_ln28_13_fu_3811_p3  |  select  |      0|  0|  32|           1|          32|
    |select_ln28_14_fu_3832_p3  |  select  |      0|  0|  32|           1|          32|
    |select_ln28_15_fu_3841_p3  |  select  |      0|  0|  32|           1|          32|
    |select_ln28_16_fu_3862_p3  |  select  |      0|  0|  32|           1|          32|
    |select_ln28_17_fu_3871_p3  |  select  |      0|  0|  32|           1|          32|
    |select_ln28_18_fu_3892_p3  |  select  |      0|  0|  32|           1|          32|
    |select_ln28_19_fu_3901_p3  |  select  |      0|  0|  32|           1|          32|
    |select_ln28_1_fu_3631_p3   |  select  |      0|  0|  32|           1|          32|
    |select_ln28_20_fu_3266_p3  |  select  |      0|  0|   5|           1|           5|
    |select_ln28_2_fu_3652_p3   |  select  |      0|  0|  32|           1|          32|
    |select_ln28_3_fu_3661_p3   |  select  |      0|  0|  32|           1|          32|
    |select_ln28_4_fu_3682_p3   |  select  |      0|  0|  32|           1|          32|
    |select_ln28_5_fu_3691_p3   |  select  |      0|  0|  32|           1|          32|
    |select_ln28_6_fu_3712_p3   |  select  |      0|  0|  32|           1|          32|
    |select_ln28_7_fu_3721_p3   |  select  |      0|  0|  32|           1|          32|
    |select_ln28_8_fu_3742_p3   |  select  |      0|  0|  32|           1|          32|
    |select_ln28_9_fu_3751_p3   |  select  |      0|  0|  32|           1|          32|
    |select_ln28_fu_3615_p3     |  select  |      0|  0|  32|           1|          32|
    |select_ln35_10_fu_4617_p3  |  select  |      0|  0|  32|           1|          32|
    |select_ln35_11_fu_4626_p3  |  select  |      0|  0|  32|           1|          32|
    |select_ln35_12_fu_4669_p3  |  select  |      0|  0|  32|           1|          32|
    |select_ln35_13_fu_4678_p3  |  select  |      0|  0|  32|           1|          32|
    |select_ln35_14_fu_4721_p3  |  select  |      0|  0|  32|           1|          32|
    |select_ln35_15_fu_4730_p3  |  select  |      0|  0|  32|           1|          32|
    |select_ln35_16_fu_4773_p3  |  select  |      0|  0|  32|           1|          32|
    |select_ln35_17_fu_4782_p3  |  select  |      0|  0|  32|           1|          32|
    |select_ln35_18_fu_4825_p3  |  select  |      0|  0|  32|           1|          32|
    |select_ln35_19_fu_4834_p3  |  select  |      0|  0|  32|           1|          32|
    |select_ln35_1_fu_4366_p3   |  select  |      0|  0|  32|           1|          32|
    |select_ln35_20_fu_3966_p3  |  select  |      0|  0|   5|           1|           5|
    |select_ln35_2_fu_4409_p3   |  select  |      0|  0|  32|           1|          32|
    |select_ln35_3_fu_4418_p3   |  select  |      0|  0|  32|           1|          32|
    |select_ln35_4_fu_4461_p3   |  select  |      0|  0|  32|           1|          32|
    |select_ln35_5_fu_4470_p3   |  select  |      0|  0|  32|           1|          32|
    |select_ln35_6_fu_4513_p3   |  select  |      0|  0|  32|           1|          32|
    |select_ln35_7_fu_4522_p3   |  select  |      0|  0|  32|           1|          32|
    |select_ln35_8_fu_4565_p3   |  select  |      0|  0|  32|           1|          32|
    |select_ln35_9_fu_4574_p3   |  select  |      0|  0|  32|           1|          32|
    |select_ln35_fu_4315_p3     |  select  |      0|  0|  32|           1|          32|
    |select_ln40_fu_4892_p3     |  select  |      0|  0|   5|           1|           5|
    |select_ln44_10_fu_5301_p3  |  select  |      0|  0|  32|           1|          32|
    |select_ln44_11_fu_5314_p3  |  select  |      0|  0|  32|           1|          32|
    |select_ln44_12_fu_5327_p3  |  select  |      0|  0|  32|           1|          32|
    |select_ln44_13_fu_5340_p3  |  select  |      0|  0|  32|           1|          32|
    |select_ln44_14_fu_5353_p3  |  select  |      0|  0|  32|           1|          32|
    |select_ln44_15_fu_5527_p3  |  select  |      0|  0|  32|           1|          32|
    |select_ln44_16_fu_5539_p3  |  select  |      0|  0|  32|           1|          32|
    |select_ln44_17_fu_5366_p3  |  select  |      0|  0|  32|           1|          32|
    |select_ln44_18_fu_5379_p3  |  select  |      0|  0|  32|           1|          32|
    |select_ln44_19_fu_5551_p3  |  select  |      0|  0|  32|           1|          32|
    |select_ln44_1_fu_5186_p3   |  select  |      0|  0|   4|           1|           4|
    |select_ln44_20_fu_5392_p3  |  select  |      0|  0|  32|           1|          32|
    |select_ln44_21_fu_5405_p3  |  select  |      0|  0|  32|           1|          32|
    |select_ln44_22_fu_5563_p3  |  select  |      0|  0|  32|           1|          32|
    |select_ln44_2_fu_5517_p3   |  select  |      0|  0|   2|           1|           1|
    |select_ln44_3_fu_5210_p3   |  select  |      0|  0|  32|           1|          32|
    |select_ln44_4_fu_5223_p3   |  select  |      0|  0|  32|           1|          32|
    |select_ln44_5_fu_5236_p3   |  select  |      0|  0|  32|           1|          32|
    |select_ln44_6_fu_5249_p3   |  select  |      0|  0|  32|           1|          32|
    |select_ln44_7_fu_5262_p3   |  select  |      0|  0|  32|           1|          32|
    |select_ln44_8_fu_5275_p3   |  select  |      0|  0|  32|           1|          32|
    |select_ln44_9_fu_5288_p3   |  select  |      0|  0|  32|           1|          32|
    |select_ln44_fu_4879_p3     |  select  |      0|  0|   5|           1|           1|
    |select_ln47_10_fu_5096_p3  |  select  |      0|  0|  32|           1|          32|
    |select_ln47_11_fu_5103_p3  |  select  |      0|  0|  32|           1|          32|
    |select_ln47_12_fu_5489_p3  |  select  |      0|  0|  32|           1|          32|
    |select_ln47_13_fu_5496_p3  |  select  |      0|  0|  32|           1|          32|
    |select_ln47_14_fu_5110_p3  |  select  |      0|  0|  32|           1|          32|
    |select_ln47_15_fu_5117_p3  |  select  |      0|  0|  32|           1|          32|
    |select_ln47_16_fu_5503_p3  |  select  |      0|  0|  32|           1|          32|
    |select_ln47_17_fu_5124_p3  |  select  |      0|  0|  32|           1|          32|
    |select_ln47_18_fu_5131_p3  |  select  |      0|  0|  32|           1|          32|
    |select_ln47_19_fu_5510_p3  |  select  |      0|  0|  32|           1|          32|
    |select_ln47_1_fu_5033_p3   |  select  |      0|  0|  32|           1|          32|
    |select_ln47_20_fu_5203_p3  |  select  |      0|  0|  32|           1|          32|
    |select_ln47_21_fu_5216_p3  |  select  |      0|  0|  32|           1|          32|
    |select_ln47_22_fu_5229_p3  |  select  |      0|  0|  32|           1|          32|
    |select_ln47_23_fu_5242_p3  |  select  |      0|  0|  32|           1|          32|
    |select_ln47_24_fu_5255_p3  |  select  |      0|  0|  32|           1|          32|
    |select_ln47_25_fu_5268_p3  |  select  |      0|  0|  32|           1|          32|
    |select_ln47_26_fu_5281_p3  |  select  |      0|  0|  32|           1|          32|
    |select_ln47_27_fu_5294_p3  |  select  |      0|  0|  32|           1|          32|
    |select_ln47_28_fu_5307_p3  |  select  |      0|  0|  32|           1|          32|
    |select_ln47_29_fu_5320_p3  |  select  |      0|  0|  32|           1|          32|
    |select_ln47_2_fu_5040_p3   |  select  |      0|  0|  32|           1|          32|
    |select_ln47_30_fu_5333_p3  |  select  |      0|  0|  32|           1|          32|
    |select_ln47_31_fu_5346_p3  |  select  |      0|  0|  32|           1|          32|
    |select_ln47_32_fu_5522_p3  |  select  |      0|  0|  32|           1|          32|
    |select_ln47_33_fu_5534_p3  |  select  |      0|  0|  32|           1|          32|
    |select_ln47_34_fu_5359_p3  |  select  |      0|  0|  32|           1|          32|
    |select_ln47_35_fu_5372_p3  |  select  |      0|  0|  32|           1|          32|
    |select_ln47_36_fu_5546_p3  |  select  |      0|  0|  32|           1|          32|
    |select_ln47_37_fu_5385_p3  |  select  |      0|  0|  32|           1|          32|
    |select_ln47_38_fu_5398_p3  |  select  |      0|  0|  32|           1|          32|
    |select_ln47_39_fu_5558_p3  |  select  |      0|  0|  32|           1|          32|
    |select_ln47_3_fu_5047_p3   |  select  |      0|  0|  32|           1|          32|
    |select_ln47_4_fu_5054_p3   |  select  |      0|  0|  32|           1|          32|
    |select_ln47_5_fu_5061_p3   |  select  |      0|  0|  32|           1|          32|
    |select_ln47_6_fu_5068_p3   |  select  |      0|  0|  32|           1|          32|
    |select_ln47_7_fu_5075_p3   |  select  |      0|  0|  32|           1|          32|
    |select_ln47_8_fu_5082_p3   |  select  |      0|  0|  32|           1|          32|
    |select_ln47_9_fu_5089_p3   |  select  |      0|  0|  32|           1|          32|
    |select_ln47_fu_5026_p3     |  select  |      0|  0|  32|           1|          32|
    |select_ln56_20_fu_5775_p3  |  select  |      0|  0|   5|           1|           5|
    |ap_enable_pp0              |    xor   |      0|  0|   2|           1|           2|
    |ap_enable_pp1              |    xor   |      0|  0|   2|           1|           2|
    |ap_enable_pp2              |    xor   |      0|  0|   2|           1|           2|
    |ap_enable_pp3              |    xor   |      0|  0|   2|           1|           2|
    +---------------------------+----------+-------+---+----+------------+------------+
    |Total                      |          |     60|  0|6981|        2862|        5676|
    +---------------------------+----------+-------+---+----+------------+------------+

    * Multiplexer: 
    +------------------------------------------+-----+-----------+-----+-----------+
    |                   Name                   | LUT | Input Size| Bits| Total Bits|
    +------------------------------------------+-----+-----------+-----+-----------+
    |a_0_address0                              |   50|         11|    8|         88|
    |a_0_address1                              |   50|         11|    8|         88|
    |a_1_address0                              |   50|         11|    8|         88|
    |a_1_address1                              |   50|         11|    8|         88|
    |a_buff_0_0_address0                       |   21|          4|    4|         16|
    |a_buff_0_10_address0                      |   21|          4|    4|         16|
    |a_buff_0_11_address0                      |   21|          4|    4|         16|
    |a_buff_0_12_address0                      |   21|          4|    4|         16|
    |a_buff_0_13_address0                      |   21|          4|    4|         16|
    |a_buff_0_14_address0                      |   21|          4|    4|         16|
    |a_buff_0_15_address0                      |   21|          4|    4|         16|
    |a_buff_0_16_address0                      |   21|          4|    4|         16|
    |a_buff_0_17_address0                      |   21|          4|    4|         16|
    |a_buff_0_18_address0                      |   21|          4|    4|         16|
    |a_buff_0_19_address0                      |   21|          4|    4|         16|
    |a_buff_0_1_address0                       |   21|          4|    4|         16|
    |a_buff_0_2_address0                       |   21|          4|    4|         16|
    |a_buff_0_3_address0                       |   21|          4|    4|         16|
    |a_buff_0_4_address0                       |   21|          4|    4|         16|
    |a_buff_0_5_address0                       |   21|          4|    4|         16|
    |a_buff_0_6_address0                       |   21|          4|    4|         16|
    |a_buff_0_7_address0                       |   21|          4|    4|         16|
    |a_buff_0_8_address0                       |   21|          4|    4|         16|
    |a_buff_0_9_address0                       |   21|          4|    4|         16|
    |a_buff_1_0_address0                       |   21|          4|    4|         16|
    |a_buff_1_10_address0                      |   21|          4|    4|         16|
    |a_buff_1_11_address0                      |   21|          4|    4|         16|
    |a_buff_1_12_address0                      |   21|          4|    4|         16|
    |a_buff_1_13_address0                      |   21|          4|    4|         16|
    |a_buff_1_14_address0                      |   21|          4|    4|         16|
    |a_buff_1_15_address0                      |   21|          4|    4|         16|
    |a_buff_1_16_address0                      |   21|          4|    4|         16|
    |a_buff_1_17_address0                      |   21|          4|    4|         16|
    |a_buff_1_18_address0                      |   21|          4|    4|         16|
    |a_buff_1_19_address0                      |   21|          4|    4|         16|
    |a_buff_1_1_address0                       |   21|          4|    4|         16|
    |a_buff_1_2_address0                       |   21|          4|    4|         16|
    |a_buff_1_3_address0                       |   21|          4|    4|         16|
    |a_buff_1_4_address0                       |   21|          4|    4|         16|
    |a_buff_1_5_address0                       |   21|          4|    4|         16|
    |a_buff_1_6_address0                       |   21|          4|    4|         16|
    |a_buff_1_7_address0                       |   21|          4|    4|         16|
    |a_buff_1_8_address0                       |   21|          4|    4|         16|
    |a_buff_1_9_address0                       |   21|          4|    4|         16|
    |ap_NS_fsm                                 |  189|         43|    1|         43|
    |ap_enable_reg_pp0_iter2                   |    9|          2|    1|          2|
    |ap_enable_reg_pp1_iter2                   |    9|          2|    1|          2|
    |ap_enable_reg_pp2_iter2                   |    9|          2|    1|          2|
    |ap_enable_reg_pp2_iter3                   |   15|          3|    1|          3|
    |ap_enable_reg_pp3_iter1                   |    9|          2|    1|          2|
    |ap_phi_mux_i1_0_phi_fu_3117_p4            |    9|          2|    5|         10|
    |ap_phi_mux_i3_0_phi_fu_3163_p4            |    9|          2|    5|         10|
    |ap_phi_mux_i_0_phi_fu_3106_p4             |    9|          2|    5|         10|
    |ap_phi_mux_indvar_flatten_phi_fu_3140_p4  |    9|          2|    9|         18|
    |ap_phi_mux_m_0_phi_fu_3128_p4             |    9|          2|    5|         10|
    |ap_phi_mux_o_0_phi_fu_3152_p4             |    9|          2|    5|         10|
    |b_0_address0                              |   50|         11|    8|         88|
    |b_0_address1                              |   50|         11|    8|         88|
    |b_1_address0                              |   50|         11|    8|         88|
    |b_1_address1                              |   50|         11|    8|         88|
    |b_buff_0_address0                         |   65|         16|    8|        128|
    |b_buff_0_address1                         |   65|         16|    8|        128|
    |b_buff_0_d0                               |   50|         11|   32|        352|
    |b_buff_0_d1                               |   50|         11|   32|        352|
    |b_buff_1_address0                         |   65|         16|    8|        128|
    |b_buff_1_address1                         |   65|         16|    8|        128|
    |b_buff_1_d0                               |   50|         11|   32|        352|
    |b_buff_1_d1                               |   50|         11|   32|        352|
    |c_0_address0                              |   56|         13|    8|        104|
    |c_0_address1                              |   44|          9|    8|         72|
    |c_0_d0                                    |   27|          5|   32|        160|
    |c_0_d1                                    |   15|          3|   32|         96|
    |c_1_address0                              |   56|         13|    8|        104|
    |c_1_address1                              |   44|          9|    8|         72|
    |c_1_d0                                    |   27|          5|   32|        160|
    |c_1_d1                                    |   15|          3|   32|         96|
    |c_buff_0_address0                         |   53|         12|    8|         96|
    |c_buff_0_address1                         |   50|         11|    8|         88|
    |c_buff_1_address0                         |   53|         12|    8|         96|
    |c_buff_1_address1                         |   50|         11|    8|         88|
    |grp_fu_3170_p0                            |   15|          3|    1|          3|
    |i1_0_reg_3113                             |    9|          2|    5|         10|
    |i3_0_reg_3159                             |    9|          2|    5|         10|
    |i_0_reg_3102                              |    9|          2|    5|         10|
    |indvar_flatten_reg_3136                   |    9|          2|    9|         18|
    |m_0_reg_3124                              |    9|          2|    5|         10|
    |o_0_reg_3148                              |    9|          2|    5|         10|
    +------------------------------------------+-----+-----------+-----+-----------+
    |Total                                     | 2553|        543|  651|       4689|
    +------------------------------------------+-----+-----------+-----+-----------+

    * Register: 
    +---------------------------------------+----+----+-----+-----------+
    |                  Name                 | FF | LUT| Bits| Const Bits|
    +---------------------------------------+----+----+-----+-----------+
    |a_buff_0_12_load_1_reg_8201            |  32|   0|   32|          0|
    |a_buff_0_13_load_1_reg_8206            |  32|   0|   32|          0|
    |a_buff_0_14_addr_1_reg_6887            |   4|   0|    4|          0|
    |a_buff_0_15_addr_1_reg_6907            |   4|   0|    4|          0|
    |a_buff_0_16_addr_1_reg_6917            |   4|   0|    4|          0|
    |a_buff_0_16_load_1_reg_8211            |  32|   0|   32|          0|
    |a_buff_0_17_addr_1_reg_6927            |   4|   0|    4|          0|
    |a_buff_0_18_addr_1_reg_6937            |   4|   0|    4|          0|
    |a_buff_0_19_addr_1_reg_6947            |   4|   0|    4|          0|
    |a_buff_0_19_load_1_reg_8216            |  32|   0|   32|          0|
    |a_buff_1_12_load_1_reg_8236            |  32|   0|   32|          0|
    |a_buff_1_13_load_1_reg_8231            |  32|   0|   32|          0|
    |a_buff_1_14_addr_1_reg_6892            |   4|   0|    4|          0|
    |a_buff_1_15_addr_1_reg_6912            |   4|   0|    4|          0|
    |a_buff_1_16_addr_1_reg_6922            |   4|   0|    4|          0|
    |a_buff_1_16_load_1_reg_8226            |  32|   0|   32|          0|
    |a_buff_1_17_addr_1_reg_6932            |   4|   0|    4|          0|
    |a_buff_1_18_addr_1_reg_6942            |   4|   0|    4|          0|
    |a_buff_1_19_addr_1_reg_6952            |   4|   0|    4|          0|
    |a_buff_1_19_load_1_reg_8221            |  32|   0|   32|          0|
    |add_ln28_reg_6469                      |   7|   0|    9|          2|
    |add_ln35_18_reg_7255                   |   7|   0|    9|          2|
    |add_ln35_reg_7006                      |   7|   0|    9|          2|
    |add_ln40_reg_7560                      |   9|   0|    9|          0|
    |add_ln47_12_reg_8550                   |  32|   0|   32|          0|
    |add_ln47_13_reg_8555                   |  32|   0|   32|          0|
    |add_ln47_16_reg_8590                   |  32|   0|   32|          0|
    |add_ln47_1_reg_8426                    |  32|   0|   32|          0|
    |add_ln47_4_reg_8580                    |  32|   0|   32|          0|
    |add_ln47_8_reg_8585                    |  32|   0|   32|          0|
    |add_ln47_9_reg_8501                    |  32|   0|   32|          0|
    |add_ln47_reg_8421                      |  32|   0|   32|          0|
    |add_ln56_18_reg_8634                   |   7|   0|    9|          2|
    |add_ln56_18_reg_8634_pp3_iter1_reg     |   7|   0|    9|          2|
    |add_ln56_reg_8604                      |   7|   0|    9|          2|
    |ap_CS_fsm                              |  42|   0|   42|          0|
    |ap_enable_reg_pp0_iter0                |   1|   0|    1|          0|
    |ap_enable_reg_pp0_iter1                |   1|   0|    1|          0|
    |ap_enable_reg_pp0_iter2                |   1|   0|    1|          0|
    |ap_enable_reg_pp1_iter0                |   1|   0|    1|          0|
    |ap_enable_reg_pp1_iter1                |   1|   0|    1|          0|
    |ap_enable_reg_pp1_iter2                |   1|   0|    1|          0|
    |ap_enable_reg_pp2_iter0                |   1|   0|    1|          0|
    |ap_enable_reg_pp2_iter1                |   1|   0|    1|          0|
    |ap_enable_reg_pp2_iter2                |   1|   0|    1|          0|
    |ap_enable_reg_pp2_iter3                |   1|   0|    1|          0|
    |ap_enable_reg_pp3_iter0                |   1|   0|    1|          0|
    |ap_enable_reg_pp3_iter1                |   1|   0|    1|          0|
    |b_buff_0_load_1_reg_8366               |  32|   0|   32|          0|
    |b_buff_0_load_2_reg_7658               |  32|   0|   32|          0|
    |b_buff_0_load_3_reg_7663               |  32|   0|   32|          0|
    |b_buff_0_load_4_reg_7870               |  32|   0|   32|          0|
    |b_buff_0_load_5_reg_7875               |  32|   0|   32|          0|
    |b_buff_0_load_6_reg_8191               |  32|   0|   32|          0|
    |b_buff_0_load_7_reg_8196               |  32|   0|   32|          0|
    |b_buff_0_load_8_reg_8341               |  32|   0|   32|          0|
    |b_buff_0_load_9_reg_8346               |  32|   0|   32|          0|
    |b_buff_0_load_reg_8361                 |  32|   0|   32|          0|
    |b_buff_1_load_4_reg_7638               |  32|   0|   32|          0|
    |b_buff_1_load_5_reg_7643               |  32|   0|   32|          0|
    |b_buff_1_load_6_reg_8351               |  32|   0|   32|          0|
    |b_buff_1_load_7_reg_7668               |  32|   0|   32|          0|
    |b_buff_1_load_8_reg_7673               |  32|   0|   32|          0|
    |b_buff_1_load_9_reg_8356               |  32|   0|   32|          0|
    |i1_0_reg_3113                          |   5|   0|    5|          0|
    |i3_0_reg_3159                          |   5|   0|    5|          0|
    |i_0_reg_3102                           |   5|   0|    5|          0|
    |i_1_reg_7001                           |   5|   0|    5|          0|
    |i_2_reg_8599                           |   5|   0|    5|          0|
    |i_reg_6464                             |   5|   0|    5|          0|
    |icmp_ln25_reg_6460                     |   1|   0|    1|          0|
    |icmp_ln28_10_reg_6587                  |   1|   0|    1|          0|
    |icmp_ln28_10_reg_6587_pp0_iter1_reg    |   1|   0|    1|          0|
    |icmp_ln28_11_reg_6597                  |   1|   0|    1|          0|
    |icmp_ln28_11_reg_6597_pp0_iter1_reg    |   1|   0|    1|          0|
    |icmp_ln28_12_reg_6607                  |   1|   0|    1|          0|
    |icmp_ln28_12_reg_6607_pp0_iter1_reg    |   1|   0|    1|          0|
    |icmp_ln28_13_reg_6617                  |   1|   0|    1|          0|
    |icmp_ln28_13_reg_6617_pp0_iter1_reg    |   1|   0|    1|          0|
    |icmp_ln28_14_reg_6627                  |   1|   0|    1|          0|
    |icmp_ln28_14_reg_6627_pp0_iter1_reg    |   1|   0|    1|          0|
    |icmp_ln28_15_reg_6637                  |   1|   0|    1|          0|
    |icmp_ln28_15_reg_6637_pp0_iter1_reg    |   1|   0|    1|          0|
    |icmp_ln28_16_reg_6647                  |   1|   0|    1|          0|
    |icmp_ln28_16_reg_6647_pp0_iter1_reg    |   1|   0|    1|          0|
    |icmp_ln28_17_reg_6657                  |   1|   0|    1|          0|
    |icmp_ln28_17_reg_6657_pp0_iter1_reg    |   1|   0|    1|          0|
    |icmp_ln28_18_reg_6667                  |   1|   0|    1|          0|
    |icmp_ln28_18_reg_6667_pp0_iter1_reg    |   1|   0|    1|          0|
    |icmp_ln28_19_reg_6682                  |   1|   0|    1|          0|
    |icmp_ln28_19_reg_6682_pp0_iter1_reg    |   1|   0|    1|          0|
    |icmp_ln28_1_reg_6493                   |   1|   0|    1|          0|
    |icmp_ln28_20_reg_6692                  |   1|   0|    1|          0|
    |icmp_ln28_20_reg_6692_pp0_iter1_reg    |   1|   0|    1|          0|
    |icmp_ln28_2_reg_6507                   |   1|   0|    1|          0|
    |icmp_ln28_2_reg_6507_pp0_iter1_reg     |   1|   0|    1|          0|
    |icmp_ln28_3_reg_6517                   |   1|   0|    1|          0|
    |icmp_ln28_3_reg_6517_pp0_iter1_reg     |   1|   0|    1|          0|
    |icmp_ln28_4_reg_6527                   |   1|   0|    1|          0|
    |icmp_ln28_4_reg_6527_pp0_iter1_reg     |   1|   0|    1|          0|
    |icmp_ln28_5_reg_6537                   |   1|   0|    1|          0|
    |icmp_ln28_5_reg_6537_pp0_iter1_reg     |   1|   0|    1|          0|
    |icmp_ln28_6_reg_6547                   |   1|   0|    1|          0|
    |icmp_ln28_6_reg_6547_pp0_iter1_reg     |   1|   0|    1|          0|
    |icmp_ln28_7_reg_6557                   |   1|   0|    1|          0|
    |icmp_ln28_7_reg_6557_pp0_iter1_reg     |   1|   0|    1|          0|
    |icmp_ln28_8_reg_6567                   |   1|   0|    1|          0|
    |icmp_ln28_8_reg_6567_pp0_iter1_reg     |   1|   0|    1|          0|
    |icmp_ln28_9_reg_6577                   |   1|   0|    1|          0|
    |icmp_ln28_9_reg_6577_pp0_iter1_reg     |   1|   0|    1|          0|
    |icmp_ln28_reg_6672                     |   1|   0|    1|          0|
    |icmp_ln32_reg_6997                     |   1|   0|    1|          0|
    |icmp_ln35_10_reg_7125                  |   1|   0|    1|          0|
    |icmp_ln35_10_reg_7125_pp1_iter1_reg    |   1|   0|    1|          0|
    |icmp_ln35_11_reg_7135                  |   1|   0|    1|          0|
    |icmp_ln35_11_reg_7135_pp1_iter1_reg    |   1|   0|    1|          0|
    |icmp_ln35_12_reg_7145                  |   1|   0|    1|          0|
    |icmp_ln35_12_reg_7145_pp1_iter1_reg    |   1|   0|    1|          0|
    |icmp_ln35_13_reg_7155                  |   1|   0|    1|          0|
    |icmp_ln35_13_reg_7155_pp1_iter1_reg    |   1|   0|    1|          0|
    |icmp_ln35_14_reg_7165                  |   1|   0|    1|          0|
    |icmp_ln35_14_reg_7165_pp1_iter1_reg    |   1|   0|    1|          0|
    |icmp_ln35_15_reg_7175                  |   1|   0|    1|          0|
    |icmp_ln35_15_reg_7175_pp1_iter1_reg    |   1|   0|    1|          0|
    |icmp_ln35_16_reg_7185                  |   1|   0|    1|          0|
    |icmp_ln35_16_reg_7185_pp1_iter1_reg    |   1|   0|    1|          0|
    |icmp_ln35_17_reg_7195                  |   1|   0|    1|          0|
    |icmp_ln35_17_reg_7195_pp1_iter1_reg    |   1|   0|    1|          0|
    |icmp_ln35_18_reg_7205                  |   1|   0|    1|          0|
    |icmp_ln35_18_reg_7205_pp1_iter1_reg    |   1|   0|    1|          0|
    |icmp_ln35_19_reg_7220                  |   1|   0|    1|          0|
    |icmp_ln35_19_reg_7220_pp1_iter1_reg    |   1|   0|    1|          0|
    |icmp_ln35_1_reg_7030                   |   1|   0|    1|          0|
    |icmp_ln35_20_reg_7230                  |   1|   0|    1|          0|
    |icmp_ln35_20_reg_7230_pp1_iter1_reg    |   1|   0|    1|          0|
    |icmp_ln35_2_reg_7045                   |   1|   0|    1|          0|
    |icmp_ln35_2_reg_7045_pp1_iter1_reg     |   1|   0|    1|          0|
    |icmp_ln35_3_reg_7055                   |   1|   0|    1|          0|
    |icmp_ln35_3_reg_7055_pp1_iter1_reg     |   1|   0|    1|          0|
    |icmp_ln35_4_reg_7065                   |   1|   0|    1|          0|
    |icmp_ln35_4_reg_7065_pp1_iter1_reg     |   1|   0|    1|          0|
    |icmp_ln35_5_reg_7075                   |   1|   0|    1|          0|
    |icmp_ln35_5_reg_7075_pp1_iter1_reg     |   1|   0|    1|          0|
    |icmp_ln35_6_reg_7085                   |   1|   0|    1|          0|
    |icmp_ln35_6_reg_7085_pp1_iter1_reg     |   1|   0|    1|          0|
    |icmp_ln35_7_reg_7095                   |   1|   0|    1|          0|
    |icmp_ln35_7_reg_7095_pp1_iter1_reg     |   1|   0|    1|          0|
    |icmp_ln35_8_reg_7105                   |   1|   0|    1|          0|
    |icmp_ln35_8_reg_7105_pp1_iter1_reg     |   1|   0|    1|          0|
    |icmp_ln35_9_reg_7115                   |   1|   0|    1|          0|
    |icmp_ln35_9_reg_7115_pp1_iter1_reg     |   1|   0|    1|          0|
    |icmp_ln35_reg_7210                     |   1|   0|    1|          0|
    |icmp_ln40_reg_7482                     |   1|   0|    1|          0|
    |icmp_ln42_reg_7493                     |   1|   0|    1|          0|
    |icmp_ln42_reg_7493_pp2_iter1_reg       |   1|   0|    1|          0|
    |icmp_ln47_1_reg_7530                   |   1|   0|    1|          0|
    |icmp_ln47_1_reg_7530_pp2_iter1_reg     |   1|   0|    1|          0|
    |icmp_ln47_reg_7457                     |   1|   0|    1|          0|
    |icmp_ln53_reg_8595                     |   1|   0|    1|          0|
    |icmp_ln56_10_reg_8750                  |   1|   0|    1|          0|
    |icmp_ln56_10_reg_8750_pp3_iter1_reg    |   1|   0|    1|          0|
    |icmp_ln56_11_reg_8759                  |   1|   0|    1|          0|
    |icmp_ln56_11_reg_8759_pp3_iter1_reg    |   1|   0|    1|          0|
    |icmp_ln56_12_reg_8768                  |   1|   0|    1|          0|
    |icmp_ln56_12_reg_8768_pp3_iter1_reg    |   1|   0|    1|          0|
    |icmp_ln56_13_reg_8777                  |   1|   0|    1|          0|
    |icmp_ln56_13_reg_8777_pp3_iter1_reg    |   1|   0|    1|          0|
    |icmp_ln56_14_reg_8786                  |   1|   0|    1|          0|
    |icmp_ln56_14_reg_8786_pp3_iter1_reg    |   1|   0|    1|          0|
    |icmp_ln56_15_reg_8795                  |   1|   0|    1|          0|
    |icmp_ln56_15_reg_8795_pp3_iter1_reg    |   1|   0|    1|          0|
    |icmp_ln56_16_reg_8804                  |   1|   0|    1|          0|
    |icmp_ln56_16_reg_8804_pp3_iter1_reg    |   1|   0|    1|          0|
    |icmp_ln56_17_reg_8813                  |   1|   0|    1|          0|
    |icmp_ln56_17_reg_8813_pp3_iter1_reg    |   1|   0|    1|          0|
    |icmp_ln56_18_reg_8822                  |   1|   0|    1|          0|
    |icmp_ln56_18_reg_8822_pp3_iter1_reg    |   1|   0|    1|          0|
    |icmp_ln56_19_reg_8835                  |   1|   0|    1|          0|
    |icmp_ln56_19_reg_8835_pp3_iter1_reg    |   1|   0|    1|          0|
    |icmp_ln56_1_reg_8826                   |   1|   0|    1|          0|
    |icmp_ln56_20_reg_8844                  |   1|   0|    1|          0|
    |icmp_ln56_20_reg_8844_pp3_iter1_reg    |   1|   0|    1|          0|
    |icmp_ln56_2_reg_8672                   |   1|   0|    1|          0|
    |icmp_ln56_2_reg_8672_pp3_iter1_reg     |   1|   0|    1|          0|
    |icmp_ln56_3_reg_8687                   |   1|   0|    1|          0|
    |icmp_ln56_3_reg_8687_pp3_iter1_reg     |   1|   0|    1|          0|
    |icmp_ln56_4_reg_8696                   |   1|   0|    1|          0|
    |icmp_ln56_4_reg_8696_pp3_iter1_reg     |   1|   0|    1|          0|
    |icmp_ln56_5_reg_8705                   |   1|   0|    1|          0|
    |icmp_ln56_5_reg_8705_pp3_iter1_reg     |   1|   0|    1|          0|
    |icmp_ln56_6_reg_8714                   |   1|   0|    1|          0|
    |icmp_ln56_6_reg_8714_pp3_iter1_reg     |   1|   0|    1|          0|
    |icmp_ln56_7_reg_8723                   |   1|   0|    1|          0|
    |icmp_ln56_7_reg_8723_pp3_iter1_reg     |   1|   0|    1|          0|
    |icmp_ln56_8_reg_8732                   |   1|   0|    1|          0|
    |icmp_ln56_8_reg_8732_pp3_iter1_reg     |   1|   0|    1|          0|
    |icmp_ln56_9_reg_8741                   |   1|   0|    1|          0|
    |icmp_ln56_9_reg_8741_pp3_iter1_reg     |   1|   0|    1|          0|
    |icmp_ln56_reg_8628                     |   1|   0|    1|          0|
    |icmp_ln56_reg_8628_pp3_iter1_reg       |   1|   0|    1|          0|
    |indvar_flatten_reg_3136                |   9|   0|    9|          0|
    |m_0_reg_3124                           |   5|   0|    5|          0|
    |m_reg_7486                             |   5|   0|    5|          0|
    |mul_ln47_10_reg_8540                   |  32|   0|   32|          0|
    |mul_ln47_11_reg_8545                   |  32|   0|   32|          0|
    |mul_ln47_12_reg_8560                   |  32|   0|   32|          0|
    |mul_ln47_13_reg_8565                   |  32|   0|   32|          0|
    |mul_ln47_14_reg_8371                   |  32|   0|   32|          0|
    |mul_ln47_15_reg_8376                   |  32|   0|   32|          0|
    |mul_ln47_16_reg_8570                   |  32|   0|   32|          0|
    |mul_ln47_17_reg_8381                   |  32|   0|   32|          0|
    |mul_ln47_18_reg_8386                   |  32|   0|   32|          0|
    |mul_ln47_19_reg_8575                   |  32|   0|   32|          0|
    |mul_ln47_1_reg_8406                    |  32|   0|   32|          0|
    |mul_ln47_2_reg_8411                    |  32|   0|   32|          0|
    |mul_ln47_3_reg_8416                    |  32|   0|   32|          0|
    |mul_ln47_4_reg_8481                    |  32|   0|   32|          0|
    |mul_ln47_5_reg_8486                    |  32|   0|   32|          0|
    |mul_ln47_6_reg_8491                    |  32|   0|   32|          0|
    |mul_ln47_7_reg_8496                    |  32|   0|   32|          0|
    |mul_ln47_8_reg_8530                    |  32|   0|   32|          0|
    |mul_ln47_9_reg_8535                    |  32|   0|   32|          0|
    |mul_ln47_reg_8401                      |  32|   0|   32|          0|
    |o_0_reg_3148                           |   5|   0|    5|          0|
    |o_reg_7880                             |   5|   0|    5|          0|
    |reg_3186                               |  32|   0|   32|          0|
    |reg_3190                               |  32|   0|   32|          0|
    |reg_3194                               |  32|   0|   32|          0|
    |reg_3202                               |  32|   0|   32|          0|
    |select_ln28_20_reg_6497                |   5|   0|    5|          0|
    |select_ln28_20_reg_6497_pp0_iter1_reg  |   5|   0|    5|          0|
    |select_ln35_20_reg_7034                |   5|   0|    5|          0|
    |select_ln35_20_reg_7034_pp1_iter1_reg  |   5|   0|    5|          0|
    |select_ln40_reg_7555                   |   5|   0|    5|          0|
    |select_ln44_10_reg_8276                |  32|   0|   32|          0|
    |select_ln44_11_reg_8281                |  32|   0|   32|          0|
    |select_ln44_12_reg_8286                |  32|   0|   32|          0|
    |select_ln44_13_reg_8291                |  32|   0|   32|          0|
    |select_ln44_14_reg_8296                |  32|   0|   32|          0|
    |select_ln44_15_reg_8510                |  32|   0|   32|          0|
    |select_ln44_16_reg_8515                |  32|   0|   32|          0|
    |select_ln44_17_reg_8301                |  32|   0|   32|          0|
    |select_ln44_18_reg_8306                |  32|   0|   32|          0|
    |select_ln44_19_reg_8520                |  32|   0|   32|          0|
    |select_ln44_1_reg_7965                 |   4|   0|    4|          0|
    |select_ln44_1_reg_7965_pp2_iter2_reg   |   4|   0|    4|          0|
    |select_ln44_20_reg_8311                |  32|   0|   32|          0|
    |select_ln44_21_reg_8316                |  32|   0|   32|          0|
    |select_ln44_22_reg_8525                |  32|   0|   32|          0|
    |select_ln44_2_reg_8506                 |   1|   0|    1|          0|
    |select_ln44_3_reg_8241                 |  32|   0|   32|          0|
    |select_ln44_4_reg_8246                 |  32|   0|   32|          0|
    |select_ln44_5_reg_8251                 |  32|   0|   32|          0|
    |select_ln44_6_reg_8256                 |  32|   0|   32|          0|
    |select_ln44_7_reg_8261                 |  32|   0|   32|          0|
    |select_ln44_8_reg_8266                 |  32|   0|   32|          0|
    |select_ln44_9_reg_8271                 |  32|   0|   32|          0|
    |select_ln44_reg_7519                   |   5|   0|    5|          0|
    |select_ln47_10_reg_7935                |  32|   0|   32|          0|
    |select_ln47_11_reg_7940                |  32|   0|   32|          0|
    |select_ln47_14_reg_7945                |  32|   0|   32|          0|
    |select_ln47_15_reg_7950                |  32|   0|   32|          0|
    |select_ln47_17_reg_7955                |  32|   0|   32|          0|
    |select_ln47_18_reg_7960                |  32|   0|   32|          0|
    |select_ln47_1_reg_7890                 |  32|   0|   32|          0|
    |select_ln47_2_reg_7895                 |  32|   0|   32|          0|
    |select_ln47_3_reg_7900                 |  32|   0|   32|          0|
    |select_ln47_4_reg_7905                 |  32|   0|   32|          0|
    |select_ln47_5_reg_7910                 |  32|   0|   32|          0|
    |select_ln47_6_reg_7915                 |  32|   0|   32|          0|
    |select_ln47_7_reg_7920                 |  32|   0|   32|          0|
    |select_ln47_8_reg_7925                 |  32|   0|   32|          0|
    |select_ln47_9_reg_7930                 |  32|   0|   32|          0|
    |select_ln47_reg_7885                   |  32|   0|   32|          0|
    |select_ln56_reg_8676                   |  32|   0|   32|          0|
    |tmp_8_reg_7623                         |   5|   0|   64|         59|
    |trunc_ln44_1_reg_7850                  |   4|   0|    4|          0|
    |urem_ln56_10_reg_9003                  |   9|   0|    9|          0|
    |urem_ln56_11_reg_9008                  |   9|   0|    9|          0|
    |urem_ln56_12_reg_9033                  |   9|   0|    9|          0|
    |urem_ln56_13_reg_9038                  |   9|   0|    9|          0|
    |urem_ln56_14_reg_9063                  |   9|   0|    9|          0|
    |urem_ln56_15_reg_9068                  |   9|   0|    9|          0|
    |urem_ln56_16_reg_9093                  |   9|   0|    9|          0|
    |urem_ln56_17_reg_9098                  |   9|   0|    9|          0|
    |urem_ln56_18_reg_9123                  |   9|   0|    9|          0|
    |urem_ln56_19_reg_9128                  |   9|   0|    9|          0|
    |urem_ln56_1_reg_8858                   |   9|   0|    9|          0|
    |urem_ln56_2_reg_8883                   |   9|   0|    9|          0|
    |urem_ln56_3_reg_8888                   |   9|   0|    9|          0|
    |urem_ln56_4_reg_8913                   |   9|   0|    9|          0|
    |urem_ln56_5_reg_8918                   |   9|   0|    9|          0|
    |urem_ln56_6_reg_8943                   |   9|   0|    9|          0|
    |urem_ln56_7_reg_8948                   |   9|   0|    9|          0|
    |urem_ln56_8_reg_8973                   |   9|   0|    9|          0|
    |urem_ln56_9_reg_8978                   |   9|   0|    9|          0|
    |zext_ln28_1_reg_6717                   |   5|   0|   64|         59|
    |zext_ln44_1_reg_7678                   |   5|   0|   64|         59|
    |zext_ln44_reg_8321                     |   5|   0|   64|         59|
    |zext_ln47_10_reg_7618                  |   8|   0|   64|         56|
    |zext_ln47_1_reg_7565                   |   5|   0|    8|          3|
    |zext_ln47_2_reg_7572                   |   5|   0|    7|          2|
    |zext_ln47_4_reg_8331                   |   6|   0|   64|         58|
    |zext_ln47_5_reg_7598                   |   7|   0|   64|         57|
    |zext_ln47_5_reg_7598_pp2_iter2_reg     |   7|   0|   64|         57|
    |zext_ln47_6_reg_7608                   |   7|   0|   64|         57|
    |zext_ln47_6_reg_7608_pp2_iter2_reg     |   7|   0|   64|         57|
    |zext_ln47_7_reg_7578                   |   7|   0|   64|         57|
    |zext_ln47_8_reg_7583                   |   8|   0|   64|         56|
    |zext_ln47_9_reg_7855                   |   8|   0|   64|         56|
    |icmp_ln28_1_reg_6493                   |  64|  32|    1|          0|
    |icmp_ln35_1_reg_7030                   |  64|  32|    1|          0|
    |icmp_ln40_reg_7482                     |  64|  32|    1|          0|
    |icmp_ln47_reg_7457                     |  64|  32|    1|          0|
    |select_ln44_reg_7519                   |  64|  32|    5|          0|
    +---------------------------------------+----+----+-----+-----------+
    |Total                                  |3947| 160| 4400|        764|
    +---------------------------------------+----+----+-----+-----------+



================================================================
== Interface
================================================================
* Summary: 
+--------------+-----+-----+------------+--------------+--------------+
|   RTL Ports  | Dir | Bits|  Protocol  | Source Object|    C Type    |
+--------------+-----+-----+------------+--------------+--------------+
|ap_clk        |  in |    1| ap_ctrl_hs |  matrix_mult | return value |
|ap_rst        |  in |    1| ap_ctrl_hs |  matrix_mult | return value |
|ap_start      |  in |    1| ap_ctrl_hs |  matrix_mult | return value |
|ap_done       | out |    1| ap_ctrl_hs |  matrix_mult | return value |
|ap_idle       | out |    1| ap_ctrl_hs |  matrix_mult | return value |
|ap_ready      | out |    1| ap_ctrl_hs |  matrix_mult | return value |
|a_0_address0  | out |    8|  ap_memory |      a_0     |     array    |
|a_0_ce0       | out |    1|  ap_memory |      a_0     |     array    |
|a_0_q0        |  in |   32|  ap_memory |      a_0     |     array    |
|a_0_address1  | out |    8|  ap_memory |      a_0     |     array    |
|a_0_ce1       | out |    1|  ap_memory |      a_0     |     array    |
|a_0_q1        |  in |   32|  ap_memory |      a_0     |     array    |
|a_1_address0  | out |    8|  ap_memory |      a_1     |     array    |
|a_1_ce0       | out |    1|  ap_memory |      a_1     |     array    |
|a_1_q0        |  in |   32|  ap_memory |      a_1     |     array    |
|a_1_address1  | out |    8|  ap_memory |      a_1     |     array    |
|a_1_ce1       | out |    1|  ap_memory |      a_1     |     array    |
|a_1_q1        |  in |   32|  ap_memory |      a_1     |     array    |
|b_0_address0  | out |    8|  ap_memory |      b_0     |     array    |
|b_0_ce0       | out |    1|  ap_memory |      b_0     |     array    |
|b_0_q0        |  in |   32|  ap_memory |      b_0     |     array    |
|b_0_address1  | out |    8|  ap_memory |      b_0     |     array    |
|b_0_ce1       | out |    1|  ap_memory |      b_0     |     array    |
|b_0_q1        |  in |   32|  ap_memory |      b_0     |     array    |
|b_1_address0  | out |    8|  ap_memory |      b_1     |     array    |
|b_1_ce0       | out |    1|  ap_memory |      b_1     |     array    |
|b_1_q0        |  in |   32|  ap_memory |      b_1     |     array    |
|b_1_address1  | out |    8|  ap_memory |      b_1     |     array    |
|b_1_ce1       | out |    1|  ap_memory |      b_1     |     array    |
|b_1_q1        |  in |   32|  ap_memory |      b_1     |     array    |
|c_0_address0  | out |    8|  ap_memory |      c_0     |     array    |
|c_0_ce0       | out |    1|  ap_memory |      c_0     |     array    |
|c_0_we0       | out |    1|  ap_memory |      c_0     |     array    |
|c_0_d0        | out |   32|  ap_memory |      c_0     |     array    |
|c_0_address1  | out |    8|  ap_memory |      c_0     |     array    |
|c_0_ce1       | out |    1|  ap_memory |      c_0     |     array    |
|c_0_we1       | out |    1|  ap_memory |      c_0     |     array    |
|c_0_d1        | out |   32|  ap_memory |      c_0     |     array    |
|c_1_address0  | out |    8|  ap_memory |      c_1     |     array    |
|c_1_ce0       | out |    1|  ap_memory |      c_1     |     array    |
|c_1_we0       | out |    1|  ap_memory |      c_1     |     array    |
|c_1_d0        | out |   32|  ap_memory |      c_1     |     array    |
|c_1_address1  | out |    8|  ap_memory |      c_1     |     array    |
|c_1_ce1       | out |    1|  ap_memory |      c_1     |     array    |
|c_1_we1       | out |    1|  ap_memory |      c_1     |     array    |
|c_1_d1        | out |   32|  ap_memory |      c_1     |     array    |
+--------------+-----+-----+------------+--------------+--------------+

