

================================================================
== Vivado HLS Report for 'matrix_mult'
================================================================
* Date:           Mon Nov 20 00:24:14 2023

* Version:        2019.2.1 (Build 2724168 on Thu Dec 05 05:19:09 MST 2019)
* Project:        mm.prj
* Solution:       solution1
* Product family: zynq
* Target device:  xc7z020-clg484-1


================================================================
== Performance Estimates
================================================================
+ Timing: 
    * Summary: 
    +--------+----------+----------+------------+
    |  Clock |  Target  | Estimated| Uncertainty|
    +--------+----------+----------+------------+
    |ap_clk  | 10.00 ns | 8.742 ns |   1.25 ns  |
    +--------+----------+----------+------------+

+ Latency: 
    * Summary: 
    +---------+---------+-----------+-----------+------+------+---------+
    |  Latency (cycles) |   Latency (absolute)  |   Interval  | Pipeline|
    |   min   |   max   |    min    |    max    |  min |  max |   Type  |
    +---------+---------+-----------+-----------+------+------+---------+
    |     1095|     1095| 10.950 us | 10.950 us |  1095|  1095|   none  |
    +---------+---------+-----------+-----------+------+------+---------+

    + Detail: 
        * Instance: 
        N/A

        * Loop: 
        +----------+---------+---------+----------+-----------+-----------+------+----------+
        |          |  Latency (cycles) | Iteration|  Initiation Interval  | Trip |          |
        | Loop Name|   min   |   max   |  Latency |  achieved |   target  | Count| Pipelined|
        +----------+---------+---------+----------+-----------+-----------+------+----------+
        |- Loop 1  |      212|      212|        23|         10|          1|    20|    yes   |
        |- Loop 2  |      212|      212|        23|         10|          1|    20|    yes   |
        |- Loop 3  |      412|      412|        14|          1|          1|   400|    yes   |
        |- Loop 4  |      251|      251|        24|         12|          1|    20|    yes   |
        +----------+---------+---------+----------+-----------+-----------+------+----------+



================================================================
== Utilization Estimates
================================================================
* Summary: 
+-----------------+---------+-------+--------+-------+-----+
|       Name      | BRAM_18K| DSP48E|   FF   |  LUT  | URAM|
+-----------------+---------+-------+--------+-------+-----+
|DSP              |        -|      -|       -|      -|    -|
|Expression       |        -|     60|       0|   7230|    -|
|FIFO             |        -|      -|       -|      -|    -|
|Instance         |        -|      -|   14637|   9765|    -|
|Memory           |        4|      -|    5120|    400|    0|
|Multiplexer      |        -|      -|       -|   2653|    -|
|Register         |        0|      -|    3352|    288|    -|
+-----------------+---------+-------+--------+-------+-----+
|Total            |        4|     60|   23109|  20336|    0|
+-----------------+---------+-------+--------+-------+-----+
|Available        |      280|    220|  106400|  53200|    0|
+-----------------+---------+-------+--------+-------+-----+
|Utilization (%)  |        1|     27|      21|     38|    0|
+-----------------+---------+-------+--------+-------+-----+

+ Detail: 
    * Instance: 
    +--------------------------+----------------------+---------+-------+-----+-----+-----+
    |         Instance         |        Module        | BRAM_18K| DSP48E|  FF | LUT | URAM|
    +--------------------------+----------------------+---------+-------+-----+-----+-----+
    |matrix_mult_urem_bvn_U1   |matrix_mult_urem_bvn  |        0|      0|  239|  160|    0|
    |matrix_mult_urem_bvn_U2   |matrix_mult_urem_bvn  |        0|      0|  239|  160|    0|
    |matrix_mult_urem_bvn_U3   |matrix_mult_urem_bvn  |        0|      0|  239|  160|    0|
    |matrix_mult_urem_bvn_U4   |matrix_mult_urem_bvn  |        0|      0|  239|  160|    0|
    |matrix_mult_urem_bvn_U5   |matrix_mult_urem_bvn  |        0|      0|  239|  160|    0|
    |matrix_mult_urem_bvn_U6   |matrix_mult_urem_bvn  |        0|      0|  239|  160|    0|
    |matrix_mult_urem_bvn_U7   |matrix_mult_urem_bvn  |        0|      0|  239|  160|    0|
    |matrix_mult_urem_bvn_U8   |matrix_mult_urem_bvn  |        0|      0|  239|  160|    0|
    |matrix_mult_urem_bvn_U9   |matrix_mult_urem_bvn  |        0|      0|  239|  160|    0|
    |matrix_mult_urem_bvn_U10  |matrix_mult_urem_bvn  |        0|      0|  239|  160|    0|
    |matrix_mult_urem_bvn_U11  |matrix_mult_urem_bvn  |        0|      0|  239|  160|    0|
    |matrix_mult_urem_bvn_U12  |matrix_mult_urem_bvn  |        0|      0|  239|  160|    0|
    |matrix_mult_urem_bvn_U13  |matrix_mult_urem_bvn  |        0|      0|  239|  160|    0|
    |matrix_mult_urem_bvn_U14  |matrix_mult_urem_bvn  |        0|      0|  239|  160|    0|
    |matrix_mult_urem_bvn_U15  |matrix_mult_urem_bvn  |        0|      0|  239|  160|    0|
    |matrix_mult_urem_bvn_U16  |matrix_mult_urem_bvn  |        0|      0|  239|  160|    0|
    |matrix_mult_urem_bvn_U17  |matrix_mult_urem_bvn  |        0|      0|  239|  160|    0|
    |matrix_mult_urem_bvn_U18  |matrix_mult_urem_bvn  |        0|      0|  239|  160|    0|
    |matrix_mult_urem_bvn_U19  |matrix_mult_urem_bvn  |        0|      0|  239|  160|    0|
    |matrix_mult_urem_bvn_U20  |matrix_mult_urem_bvn  |        0|      0|  239|  160|    0|
    |matrix_mult_urem_bvn_U21  |matrix_mult_urem_bvn  |        0|      0|  239|  160|    0|
    |matrix_mult_urem_bvn_U22  |matrix_mult_urem_bvn  |        0|      0|  239|  160|    0|
    |matrix_mult_urem_bvn_U23  |matrix_mult_urem_bvn  |        0|      0|  239|  160|    0|
    |matrix_mult_urem_bvn_U24  |matrix_mult_urem_bvn  |        0|      0|  239|  160|    0|
    |matrix_mult_urem_bvn_U25  |matrix_mult_urem_bvn  |        0|      0|  239|  160|    0|
    |matrix_mult_urem_bvn_U26  |matrix_mult_urem_bvn  |        0|      0|  239|  160|    0|
    |matrix_mult_urem_bvn_U27  |matrix_mult_urem_bvn  |        0|      0|  239|  160|    0|
    |matrix_mult_urem_bvn_U28  |matrix_mult_urem_bvn  |        0|      0|  239|  160|    0|
    |matrix_mult_urem_bvn_U29  |matrix_mult_urem_bvn  |        0|      0|  239|  160|    0|
    |matrix_mult_urem_bvn_U30  |matrix_mult_urem_bvn  |        0|      0|  239|  160|    0|
    |matrix_mult_urem_bvn_U31  |matrix_mult_urem_bvn  |        0|      0|  239|  160|    0|
    |matrix_mult_urem_bvn_U32  |matrix_mult_urem_bvn  |        0|      0|  239|  160|    0|
    |matrix_mult_urem_bvn_U33  |matrix_mult_urem_bvn  |        0|      0|  239|  160|    0|
    |matrix_mult_urem_bvn_U34  |matrix_mult_urem_bvn  |        0|      0|  239|  160|    0|
    |matrix_mult_urem_bvn_U35  |matrix_mult_urem_bvn  |        0|      0|  239|  160|    0|
    |matrix_mult_urem_bvn_U36  |matrix_mult_urem_bvn  |        0|      0|  239|  160|    0|
    |matrix_mult_urem_bvn_U37  |matrix_mult_urem_bvn  |        0|      0|  239|  160|    0|
    |matrix_mult_urem_bvn_U38  |matrix_mult_urem_bvn  |        0|      0|  239|  160|    0|
    |matrix_mult_urem_bvn_U39  |matrix_mult_urem_bvn  |        0|      0|  239|  160|    0|
    |matrix_mult_urem_bvn_U40  |matrix_mult_urem_bvn  |        0|      0|  239|  160|    0|
    |matrix_mult_urem_bvn_U44  |matrix_mult_urem_bvn  |        0|      0|  239|  160|    0|
    |matrix_mult_urem_bvn_U45  |matrix_mult_urem_bvn  |        0|      0|  239|  160|    0|
    |matrix_mult_urem_bvn_U46  |matrix_mult_urem_bvn  |        0|      0|  239|  160|    0|
    |matrix_mult_urem_bvn_U47  |matrix_mult_urem_bvn  |        0|      0|  239|  160|    0|
    |matrix_mult_urem_bvn_U48  |matrix_mult_urem_bvn  |        0|      0|  239|  160|    0|
    |matrix_mult_urem_bvn_U49  |matrix_mult_urem_bvn  |        0|      0|  239|  160|    0|
    |matrix_mult_urem_bvn_U50  |matrix_mult_urem_bvn  |        0|      0|  239|  160|    0|
    |matrix_mult_urem_bvn_U51  |matrix_mult_urem_bvn  |        0|      0|  239|  160|    0|
    |matrix_mult_urem_bvn_U52  |matrix_mult_urem_bvn  |        0|      0|  239|  160|    0|
    |matrix_mult_urem_bvn_U53  |matrix_mult_urem_bvn  |        0|      0|  239|  160|    0|
    |matrix_mult_urem_bvn_U54  |matrix_mult_urem_bvn  |        0|      0|  239|  160|    0|
    |matrix_mult_urem_bvn_U55  |matrix_mult_urem_bvn  |        0|      0|  239|  160|    0|
    |matrix_mult_urem_bvn_U56  |matrix_mult_urem_bvn  |        0|      0|  239|  160|    0|
    |matrix_mult_urem_bvn_U57  |matrix_mult_urem_bvn  |        0|      0|  239|  160|    0|
    |matrix_mult_urem_bvn_U58  |matrix_mult_urem_bvn  |        0|      0|  239|  160|    0|
    |matrix_mult_urem_bvn_U59  |matrix_mult_urem_bvn  |        0|      0|  239|  160|    0|
    |matrix_mult_urem_bvn_U60  |matrix_mult_urem_bvn  |        0|      0|  239|  160|    0|
    |matrix_mult_urem_bvn_U61  |matrix_mult_urem_bvn  |        0|      0|  239|  160|    0|
    |matrix_mult_urem_bvn_U62  |matrix_mult_urem_bvn  |        0|      0|  239|  160|    0|
    |matrix_mult_urem_bvn_U63  |matrix_mult_urem_bvn  |        0|      0|  239|  160|    0|
    |matrix_mult_urem_bwn_U41  |matrix_mult_urem_bwn  |        0|      0|   99|   55|    0|
    |matrix_mult_urem_bwn_U42  |matrix_mult_urem_bwn  |        0|      0|   99|   55|    0|
    |matrix_mult_urem_bwn_U43  |matrix_mult_urem_bwn  |        0|      0|   99|   55|    0|
    +--------------------------+----------------------+---------+-------+-----+-----+-----+
    |Total                     |                      |        0|      0|14637| 9765|    0|
    +--------------------------+----------------------+---------+-------+-----+-----+-----+

    * DSP48E: 
    N/A

    * Memory: 
    +---------------+----------------------+---------+----+----+-----+------+-----+------+-------------+
    |     Memory    |        Module        | BRAM_18K| FF | LUT| URAM| Words| Bits| Banks| W*Bits*Banks|
    +---------------+----------------------+---------+----+----+-----+------+-----+------+-------------+
    |a_buff_0_0_U   |matrix_mult_a_bufbkb  |        0|  64|   5|    0|    10|   32|     1|          320|
    |a_buff_0_1_U   |matrix_mult_a_bufbkb  |        0|  64|   5|    0|    10|   32|     1|          320|
    |a_buff_0_2_U   |matrix_mult_a_bufbkb  |        0|  64|   5|    0|    10|   32|     1|          320|
    |a_buff_0_3_U   |matrix_mult_a_bufbkb  |        0|  64|   5|    0|    10|   32|     1|          320|
    |a_buff_0_4_U   |matrix_mult_a_bufbkb  |        0|  64|   5|    0|    10|   32|     1|          320|
    |a_buff_0_5_U   |matrix_mult_a_bufbkb  |        0|  64|   5|    0|    10|   32|     1|          320|
    |a_buff_0_6_U   |matrix_mult_a_bufbkb  |        0|  64|   5|    0|    10|   32|     1|          320|
    |a_buff_0_7_U   |matrix_mult_a_bufbkb  |        0|  64|   5|    0|    10|   32|     1|          320|
    |a_buff_0_8_U   |matrix_mult_a_bufbkb  |        0|  64|   5|    0|    10|   32|     1|          320|
    |a_buff_0_9_U   |matrix_mult_a_bufbkb  |        0|  64|   5|    0|    10|   32|     1|          320|
    |a_buff_0_10_U  |matrix_mult_a_bufbkb  |        0|  64|   5|    0|    10|   32|     1|          320|
    |a_buff_0_11_U  |matrix_mult_a_bufbkb  |        0|  64|   5|    0|    10|   32|     1|          320|
    |a_buff_0_12_U  |matrix_mult_a_bufbkb  |        0|  64|   5|    0|    10|   32|     1|          320|
    |a_buff_0_13_U  |matrix_mult_a_bufbkb  |        0|  64|   5|    0|    10|   32|     1|          320|
    |a_buff_0_14_U  |matrix_mult_a_bufbkb  |        0|  64|   5|    0|    10|   32|     1|          320|
    |a_buff_0_15_U  |matrix_mult_a_bufbkb  |        0|  64|   5|    0|    10|   32|     1|          320|
    |a_buff_0_16_U  |matrix_mult_a_bufbkb  |        0|  64|   5|    0|    10|   32|     1|          320|
    |a_buff_0_17_U  |matrix_mult_a_bufbkb  |        0|  64|   5|    0|    10|   32|     1|          320|
    |a_buff_0_18_U  |matrix_mult_a_bufbkb  |        0|  64|   5|    0|    10|   32|     1|          320|
    |a_buff_0_19_U  |matrix_mult_a_bufbkb  |        0|  64|   5|    0|    10|   32|     1|          320|
    |a_buff_1_0_U   |matrix_mult_a_bufbkb  |        0|  64|   5|    0|    10|   32|     1|          320|
    |a_buff_1_1_U   |matrix_mult_a_bufbkb  |        0|  64|   5|    0|    10|   32|     1|          320|
    |a_buff_1_2_U   |matrix_mult_a_bufbkb  |        0|  64|   5|    0|    10|   32|     1|          320|
    |a_buff_1_3_U   |matrix_mult_a_bufbkb  |        0|  64|   5|    0|    10|   32|     1|          320|
    |a_buff_1_4_U   |matrix_mult_a_bufbkb  |        0|  64|   5|    0|    10|   32|     1|          320|
    |a_buff_1_5_U   |matrix_mult_a_bufbkb  |        0|  64|   5|    0|    10|   32|     1|          320|
    |a_buff_1_6_U   |matrix_mult_a_bufbkb  |        0|  64|   5|    0|    10|   32|     1|          320|
    |a_buff_1_7_U   |matrix_mult_a_bufbkb  |        0|  64|   5|    0|    10|   32|     1|          320|
    |a_buff_1_8_U   |matrix_mult_a_bufbkb  |        0|  64|   5|    0|    10|   32|     1|          320|
    |a_buff_1_9_U   |matrix_mult_a_bufbkb  |        0|  64|   5|    0|    10|   32|     1|          320|
    |a_buff_1_10_U  |matrix_mult_a_bufbkb  |        0|  64|   5|    0|    10|   32|     1|          320|
    |a_buff_1_11_U  |matrix_mult_a_bufbkb  |        0|  64|   5|    0|    10|   32|     1|          320|
    |a_buff_1_12_U  |matrix_mult_a_bufbkb  |        0|  64|   5|    0|    10|   32|     1|          320|
    |a_buff_1_13_U  |matrix_mult_a_bufbkb  |        0|  64|   5|    0|    10|   32|     1|          320|
    |a_buff_1_14_U  |matrix_mult_a_bufbkb  |        0|  64|   5|    0|    10|   32|     1|          320|
    |a_buff_1_15_U  |matrix_mult_a_bufbkb  |        0|  64|   5|    0|    10|   32|     1|          320|
    |a_buff_1_16_U  |matrix_mult_a_bufbkb  |        0|  64|   5|    0|    10|   32|     1|          320|
    |a_buff_1_17_U  |matrix_mult_a_bufbkb  |        0|  64|   5|    0|    10|   32|     1|          320|
    |a_buff_1_18_U  |matrix_mult_a_bufbkb  |        0|  64|   5|    0|    10|   32|     1|          320|
    |a_buff_1_19_U  |matrix_mult_a_bufbkb  |        0|  64|   5|    0|    10|   32|     1|          320|
    |b_buff_0_0_U   |matrix_mult_a_bufbkb  |        0|  64|   5|    0|    10|   32|     1|          320|
    |b_buff_0_1_U   |matrix_mult_a_bufbkb  |        0|  64|   5|    0|    10|   32|     1|          320|
    |b_buff_0_2_U   |matrix_mult_a_bufbkb  |        0|  64|   5|    0|    10|   32|     1|          320|
    |b_buff_0_3_U   |matrix_mult_a_bufbkb  |        0|  64|   5|    0|    10|   32|     1|          320|
    |b_buff_0_4_U   |matrix_mult_a_bufbkb  |        0|  64|   5|    0|    10|   32|     1|          320|
    |b_buff_0_5_U   |matrix_mult_a_bufbkb  |        0|  64|   5|    0|    10|   32|     1|          320|
    |b_buff_0_6_U   |matrix_mult_a_bufbkb  |        0|  64|   5|    0|    10|   32|     1|          320|
    |b_buff_0_7_U   |matrix_mult_a_bufbkb  |        0|  64|   5|    0|    10|   32|     1|          320|
    |b_buff_0_8_U   |matrix_mult_a_bufbkb  |        0|  64|   5|    0|    10|   32|     1|          320|
    |b_buff_0_9_U   |matrix_mult_a_bufbkb  |        0|  64|   5|    0|    10|   32|     1|          320|
    |b_buff_0_10_U  |matrix_mult_a_bufbkb  |        0|  64|   5|    0|    10|   32|     1|          320|
    |b_buff_0_11_U  |matrix_mult_a_bufbkb  |        0|  64|   5|    0|    10|   32|     1|          320|
    |b_buff_0_12_U  |matrix_mult_a_bufbkb  |        0|  64|   5|    0|    10|   32|     1|          320|
    |b_buff_0_13_U  |matrix_mult_a_bufbkb  |        0|  64|   5|    0|    10|   32|     1|          320|
    |b_buff_0_14_U  |matrix_mult_a_bufbkb  |        0|  64|   5|    0|    10|   32|     1|          320|
    |b_buff_0_15_U  |matrix_mult_a_bufbkb  |        0|  64|   5|    0|    10|   32|     1|          320|
    |b_buff_0_16_U  |matrix_mult_a_bufbkb  |        0|  64|   5|    0|    10|   32|     1|          320|
    |b_buff_0_17_U  |matrix_mult_a_bufbkb  |        0|  64|   5|    0|    10|   32|     1|          320|
    |b_buff_0_18_U  |matrix_mult_a_bufbkb  |        0|  64|   5|    0|    10|   32|     1|          320|
    |b_buff_0_19_U  |matrix_mult_a_bufbkb  |        0|  64|   5|    0|    10|   32|     1|          320|
    |b_buff_1_0_U   |matrix_mult_a_bufbkb  |        0|  64|   5|    0|    10|   32|     1|          320|
    |b_buff_1_1_U   |matrix_mult_a_bufbkb  |        0|  64|   5|    0|    10|   32|     1|          320|
    |b_buff_1_2_U   |matrix_mult_a_bufbkb  |        0|  64|   5|    0|    10|   32|     1|          320|
    |b_buff_1_3_U   |matrix_mult_a_bufbkb  |        0|  64|   5|    0|    10|   32|     1|          320|
    |b_buff_1_4_U   |matrix_mult_a_bufbkb  |        0|  64|   5|    0|    10|   32|     1|          320|
    |b_buff_1_5_U   |matrix_mult_a_bufbkb  |        0|  64|   5|    0|    10|   32|     1|          320|
    |b_buff_1_6_U   |matrix_mult_a_bufbkb  |        0|  64|   5|    0|    10|   32|     1|          320|
    |b_buff_1_7_U   |matrix_mult_a_bufbkb  |        0|  64|   5|    0|    10|   32|     1|          320|
    |b_buff_1_8_U   |matrix_mult_a_bufbkb  |        0|  64|   5|    0|    10|   32|     1|          320|
    |b_buff_1_9_U   |matrix_mult_a_bufbkb  |        0|  64|   5|    0|    10|   32|     1|          320|
    |b_buff_1_10_U  |matrix_mult_a_bufbkb  |        0|  64|   5|    0|    10|   32|     1|          320|
    |b_buff_1_11_U  |matrix_mult_a_bufbkb  |        0|  64|   5|    0|    10|   32|     1|          320|
    |b_buff_1_12_U  |matrix_mult_a_bufbkb  |        0|  64|   5|    0|    10|   32|     1|          320|
    |b_buff_1_13_U  |matrix_mult_a_bufbkb  |        0|  64|   5|    0|    10|   32|     1|          320|
    |b_buff_1_14_U  |matrix_mult_a_bufbkb  |        0|  64|   5|    0|    10|   32|     1|          320|
    |b_buff_1_15_U  |matrix_mult_a_bufbkb  |        0|  64|   5|    0|    10|   32|     1|          320|
    |b_buff_1_16_U  |matrix_mult_a_bufbkb  |        0|  64|   5|    0|    10|   32|     1|          320|
    |b_buff_1_17_U  |matrix_mult_a_bufbkb  |        0|  64|   5|    0|    10|   32|     1|          320|
    |b_buff_1_18_U  |matrix_mult_a_bufbkb  |        0|  64|   5|    0|    10|   32|     1|          320|
    |b_buff_1_19_U  |matrix_mult_a_bufbkb  |        0|  64|   5|    0|    10|   32|     1|          320|
    |c_buff_0_U     |matrix_mult_c_bufbtn  |        2|   0|   0|    0|   200|   32|     1|         6400|
    |c_buff_1_U     |matrix_mult_c_bufbtn  |        2|   0|   0|    0|   200|   32|     1|         6400|
    +---------------+----------------------+---------+----+----+-----+------+-----+------+-------------+
    |Total          |                      |        4|5120| 400|    0|  1200| 2624|    82|        38400|
    +---------------+----------------------+---------+----+----+-----+------+-----+------+-------------+

    * FIFO: 
    N/A

    * Expression: 
    +---------------------------+----------+-------+---+----+------------+------------+
    |       Variable Name       | Operation| DSP48E| FF| LUT| Bitwidth P0| Bitwidth P1|
    +---------------------------+----------+-------+---+----+------------+------------+
    |mul_ln47_10_fu_5800_p2     |     *    |      3|  0|  20|          32|          32|
    |mul_ln47_11_fu_5804_p2     |     *    |      3|  0|  20|          32|          32|
    |mul_ln47_12_fu_5808_p2     |     *    |      3|  0|  20|          32|          32|
    |mul_ln47_13_fu_5812_p2     |     *    |      3|  0|  20|          32|          32|
    |mul_ln47_14_fu_5730_p2     |     *    |      3|  0|  20|          32|          32|
    |mul_ln47_15_fu_5734_p2     |     *    |      3|  0|  20|          32|          32|
    |mul_ln47_16_fu_5816_p2     |     *    |      3|  0|  20|          32|          32|
    |mul_ln47_17_fu_5745_p2     |     *    |      3|  0|  20|          32|          32|
    |mul_ln47_18_fu_5749_p2     |     *    |      3|  0|  20|          32|          32|
    |mul_ln47_19_fu_5820_p2     |     *    |      3|  0|  20|          32|          32|
    |mul_ln47_1_fu_5764_p2      |     *    |      3|  0|  20|          32|          32|
    |mul_ln47_2_fu_5768_p2      |     *    |      3|  0|  20|          32|          32|
    |mul_ln47_3_fu_5772_p2      |     *    |      3|  0|  20|          32|          32|
    |mul_ln47_4_fu_5776_p2      |     *    |      3|  0|  20|          32|          32|
    |mul_ln47_5_fu_5780_p2      |     *    |      3|  0|  20|          32|          32|
    |mul_ln47_6_fu_5784_p2      |     *    |      3|  0|  20|          32|          32|
    |mul_ln47_7_fu_5788_p2      |     *    |      3|  0|  20|          32|          32|
    |mul_ln47_8_fu_5792_p2      |     *    |      3|  0|  20|          32|          32|
    |mul_ln47_9_fu_5796_p2      |     *    |      3|  0|  20|          32|          32|
    |mul_ln47_fu_5760_p2        |     *    |      3|  0|  20|          32|          32|
    |add_ln28_10_fu_3912_p2     |     +    |      0|  0|  15|           9|           4|
    |add_ln28_11_fu_3929_p2     |     +    |      0|  0|  15|           9|           4|
    |add_ln28_12_fu_3946_p2     |     +    |      0|  0|  15|           9|           4|
    |add_ln28_13_fu_3963_p2     |     +    |      0|  0|  15|           9|           5|
    |add_ln28_14_fu_3980_p2     |     +    |      0|  0|  15|           9|           5|
    |add_ln28_15_fu_4002_p2     |     +    |      0|  0|  15|           9|           5|
    |add_ln28_16_fu_4019_p2     |     +    |      0|  0|  15|           9|           5|
    |add_ln28_17_fu_3693_p2     |     +    |      0|  0|  15|           5|           5|
    |add_ln28_1_fu_3759_p2      |     +    |      0|  0|  15|           9|           3|
    |add_ln28_2_fu_3776_p2      |     +    |      0|  0|  15|           9|           3|
    |add_ln28_3_fu_3793_p2      |     +    |      0|  0|  15|           9|           3|
    |add_ln28_4_fu_3810_p2      |     +    |      0|  0|  15|           9|           3|
    |add_ln28_5_fu_3827_p2      |     +    |      0|  0|  15|           9|           4|
    |add_ln28_6_fu_3844_p2      |     +    |      0|  0|  15|           9|           4|
    |add_ln28_7_fu_3861_p2      |     +    |      0|  0|  15|           9|           4|
    |add_ln28_8_fu_3878_p2      |     +    |      0|  0|  15|           9|           4|
    |add_ln28_9_fu_3895_p2      |     +    |      0|  0|  15|           9|           4|
    |add_ln28_fu_3675_p2        |     +    |      0|  0|  15|           9|           9|
    |add_ln35_10_fu_4612_p2     |     +    |      0|  0|  15|           9|           4|
    |add_ln35_11_fu_4629_p2     |     +    |      0|  0|  15|           9|           4|
    |add_ln35_12_fu_4646_p2     |     +    |      0|  0|  15|           9|           4|
    |add_ln35_13_fu_4663_p2     |     +    |      0|  0|  15|           9|           5|
    |add_ln35_14_fu_4680_p2     |     +    |      0|  0|  15|           9|           5|
    |add_ln35_15_fu_4702_p2     |     +    |      0|  0|  15|           9|           5|
    |add_ln35_16_fu_4719_p2     |     +    |      0|  0|  15|           9|           5|
    |add_ln35_17_fu_4393_p2     |     +    |      0|  0|  15|           5|           5|
    |add_ln35_1_fu_4459_p2      |     +    |      0|  0|  15|           9|           3|
    |add_ln35_2_fu_4476_p2      |     +    |      0|  0|  15|           9|           3|
    |add_ln35_3_fu_4493_p2      |     +    |      0|  0|  15|           9|           3|
    |add_ln35_4_fu_4510_p2      |     +    |      0|  0|  15|           9|           3|
    |add_ln35_5_fu_4527_p2      |     +    |      0|  0|  15|           9|           4|
    |add_ln35_6_fu_4544_p2      |     +    |      0|  0|  15|           9|           4|
    |add_ln35_7_fu_4561_p2      |     +    |      0|  0|  15|           9|           4|
    |add_ln35_8_fu_4578_p2      |     +    |      0|  0|  15|           9|           4|
    |add_ln35_9_fu_4595_p2      |     +    |      0|  0|  15|           9|           4|
    |add_ln35_fu_4375_p2        |     +    |      0|  0|  15|           9|           9|
    |add_ln40_fu_5061_p2        |     +    |      0|  0|  15|           9|           1|
    |add_ln44_1_fu_5935_p2      |     +    |      0|  0|  32|           9|           9|
    |add_ln44_fu_5926_p2        |     +    |      0|  0|  32|           9|           9|
    |add_ln47_10_fu_5870_p2     |     +    |      0|  0|  39|          32|          32|
    |add_ln47_11_fu_5874_p2     |     +    |      0|  0|  32|          32|          32|
    |add_ln47_12_fu_5879_p2     |     +    |      0|  0|  32|          32|          32|
    |add_ln47_13_fu_5885_p2     |     +    |      0|  0|  39|          32|          32|
    |add_ln47_14_fu_5889_p2     |     +    |      0|  0|  39|          32|          32|
    |add_ln47_15_fu_5893_p2     |     +    |      0|  0|  32|          32|          32|
    |add_ln47_16_fu_5898_p2     |     +    |      0|  0|  32|          32|          32|
    |add_ln47_17_fu_5947_p2     |     +    |      0|  0|  32|          32|          32|
    |add_ln47_18_fu_5951_p2     |     +    |      0|  0|  32|          32|          32|
    |add_ln47_1_fu_5828_p2      |     +    |      0|  0|  39|          32|          32|
    |add_ln47_2_fu_5832_p2      |     +    |      0|  0|  32|          32|          32|
    |add_ln47_3_fu_5836_p2      |     +    |      0|  0|  32|          32|          32|
    |add_ln47_4_fu_5841_p2      |     +    |      0|  0|  39|          32|          32|
    |add_ln47_5_fu_5845_p2      |     +    |      0|  0|  32|          32|          32|
    |add_ln47_6_fu_5849_p2      |     +    |      0|  0|  32|          32|          32|
    |add_ln47_7_fu_5854_p2      |     +    |      0|  0|  32|          32|          32|
    |add_ln47_8_fu_5860_p2      |     +    |      0|  0|  32|          32|          32|
    |add_ln47_9_fu_5866_p2      |     +    |      0|  0|  39|          32|          32|
    |add_ln47_fu_5824_p2        |     +    |      0|  0|  39|          32|          32|
    |add_ln56_10_fu_6259_p2     |     +    |      0|  0|  15|           9|           4|
    |add_ln56_11_fu_6276_p2     |     +    |      0|  0|  15|           9|           4|
    |add_ln56_12_fu_6293_p2     |     +    |      0|  0|  15|           9|           4|
    |add_ln56_13_fu_6310_p2     |     +    |      0|  0|  15|           9|           5|
    |add_ln56_14_fu_6327_p2     |     +    |      0|  0|  15|           9|           5|
    |add_ln56_15_fu_6349_p2     |     +    |      0|  0|  15|           9|           5|
    |add_ln56_16_fu_6366_p2     |     +    |      0|  0|  15|           9|           5|
    |add_ln56_17_fu_6002_p2     |     +    |      0|  0|  15|           5|           5|
    |add_ln56_18_fu_6036_p2     |     +    |      0|  0|  15|           9|           9|
    |add_ln56_19_fu_6427_p2     |     +    |      0|  0|  15|           9|           3|
    |add_ln56_1_fu_6106_p2      |     +    |      0|  0|  15|           9|           3|
    |add_ln56_20_fu_6438_p2     |     +    |      0|  0|  15|           9|           3|
    |add_ln56_21_fu_6454_p2     |     +    |      0|  0|  15|           9|           3|
    |add_ln56_22_fu_6465_p2     |     +    |      0|  0|  15|           9|           3|
    |add_ln56_23_fu_6481_p2     |     +    |      0|  0|  15|           9|           4|
    |add_ln56_24_fu_6492_p2     |     +    |      0|  0|  15|           9|           4|
    |add_ln56_25_fu_6513_p2     |     +    |      0|  0|  15|           9|           4|
    |add_ln56_26_fu_6524_p2     |     +    |      0|  0|  15|           9|           4|
    |add_ln56_27_fu_6545_p2     |     +    |      0|  0|  15|           9|           4|
    |add_ln56_28_fu_6556_p2     |     +    |      0|  0|  15|           9|           4|
    |add_ln56_29_fu_6577_p2     |     +    |      0|  0|  15|           9|           4|
    |add_ln56_2_fu_6123_p2      |     +    |      0|  0|  15|           9|           3|
    |add_ln56_30_fu_6588_p2     |     +    |      0|  0|  15|           9|           4|
    |add_ln56_31_fu_6609_p2     |     +    |      0|  0|  15|           9|           5|
    |add_ln56_32_fu_6620_p2     |     +    |      0|  0|  15|           9|           5|
    |add_ln56_33_fu_6641_p2     |     +    |      0|  0|  15|           9|           5|
    |add_ln56_34_fu_6652_p2     |     +    |      0|  0|  15|           9|           5|
    |add_ln56_3_fu_6140_p2      |     +    |      0|  0|  15|           9|           3|
    |add_ln56_4_fu_6157_p2      |     +    |      0|  0|  15|           9|           3|
    |add_ln56_5_fu_6174_p2      |     +    |      0|  0|  15|           9|           4|
    |add_ln56_6_fu_6191_p2      |     +    |      0|  0|  15|           9|           4|
    |add_ln56_7_fu_6208_p2      |     +    |      0|  0|  15|           9|           4|
    |add_ln56_8_fu_6225_p2      |     +    |      0|  0|  15|           9|           4|
    |add_ln56_9_fu_6242_p2      |     +    |      0|  0|  15|           9|           4|
    |add_ln56_fu_5990_p2        |     +    |      0|  0|  15|           9|           9|
    |i_1_fu_4349_p2             |     +    |      0|  0|  15|           5|           1|
    |i_2_fu_5964_p2             |     +    |      0|  0|  15|           5|           1|
    |i_fu_3649_p2               |     +    |      0|  0|  15|           5|           1|
    |m_fu_5067_p2               |     +    |      0|  0|  15|           1|           5|
    |o_fu_5113_p2               |     +    |      0|  0|  15|           5|           1|
    |icmp_ln25_fu_3643_p2       |   icmp   |      0|  0|  11|           5|           5|
    |icmp_ln28_10_fu_3855_p2    |   icmp   |      0|  0|  13|           9|           8|
    |icmp_ln28_11_fu_3872_p2    |   icmp   |      0|  0|  13|           9|           8|
    |icmp_ln28_12_fu_3889_p2    |   icmp   |      0|  0|  13|           9|           8|
    |icmp_ln28_13_fu_3906_p2    |   icmp   |      0|  0|  13|           9|           8|
    |icmp_ln28_14_fu_3923_p2    |   icmp   |      0|  0|  13|           9|           8|
    |icmp_ln28_15_fu_3940_p2    |   icmp   |      0|  0|  13|           9|           8|
    |icmp_ln28_16_fu_3957_p2    |   icmp   |      0|  0|  13|           9|           8|
    |icmp_ln28_17_fu_3974_p2    |   icmp   |      0|  0|  13|           9|           8|
    |icmp_ln28_18_fu_3991_p2    |   icmp   |      0|  0|  13|           9|           8|
    |icmp_ln28_19_fu_4013_p2    |   icmp   |      0|  0|  13|           9|           8|
    |icmp_ln28_1_fu_3687_p2     |   icmp   |      0|  0|  11|           5|           4|
    |icmp_ln28_20_fu_4030_p2    |   icmp   |      0|  0|  13|           9|           8|
    |icmp_ln28_2_fu_3719_p2     |   icmp   |      0|  0|  13|           9|           8|
    |icmp_ln28_3_fu_3736_p2     |   icmp   |      0|  0|  13|           9|           8|
    |icmp_ln28_4_fu_3753_p2     |   icmp   |      0|  0|  13|           9|           8|
    |icmp_ln28_5_fu_3770_p2     |   icmp   |      0|  0|  13|           9|           8|
    |icmp_ln28_6_fu_3787_p2     |   icmp   |      0|  0|  13|           9|           8|
    |icmp_ln28_7_fu_3804_p2     |   icmp   |      0|  0|  13|           9|           8|
    |icmp_ln28_8_fu_3821_p2     |   icmp   |      0|  0|  13|           9|           8|
    |icmp_ln28_9_fu_3838_p2     |   icmp   |      0|  0|  13|           9|           8|
    |icmp_ln28_fu_3997_p2       |   icmp   |      0|  0|  13|           9|           8|
    |icmp_ln32_fu_4343_p2       |   icmp   |      0|  0|  11|           5|           5|
    |icmp_ln35_10_fu_4555_p2    |   icmp   |      0|  0|  13|           9|           8|
    |icmp_ln35_11_fu_4572_p2    |   icmp   |      0|  0|  13|           9|           8|
    |icmp_ln35_12_fu_4589_p2    |   icmp   |      0|  0|  13|           9|           8|
    |icmp_ln35_13_fu_4606_p2    |   icmp   |      0|  0|  13|           9|           8|
    |icmp_ln35_14_fu_4623_p2    |   icmp   |      0|  0|  13|           9|           8|
    |icmp_ln35_15_fu_4640_p2    |   icmp   |      0|  0|  13|           9|           8|
    |icmp_ln35_16_fu_4657_p2    |   icmp   |      0|  0|  13|           9|           8|
    |icmp_ln35_17_fu_4674_p2    |   icmp   |      0|  0|  13|           9|           8|
    |icmp_ln35_18_fu_4691_p2    |   icmp   |      0|  0|  13|           9|           8|
    |icmp_ln35_19_fu_4713_p2    |   icmp   |      0|  0|  13|           9|           8|
    |icmp_ln35_1_fu_4387_p2     |   icmp   |      0|  0|  11|           5|           4|
    |icmp_ln35_20_fu_4730_p2    |   icmp   |      0|  0|  13|           9|           8|
    |icmp_ln35_2_fu_4419_p2     |   icmp   |      0|  0|  13|           9|           8|
    |icmp_ln35_3_fu_4436_p2     |   icmp   |      0|  0|  13|           9|           8|
    |icmp_ln35_4_fu_4453_p2     |   icmp   |      0|  0|  13|           9|           8|
    |icmp_ln35_5_fu_4470_p2     |   icmp   |      0|  0|  13|           9|           8|
    |icmp_ln35_6_fu_4487_p2     |   icmp   |      0|  0|  13|           9|           8|
    |icmp_ln35_7_fu_4504_p2     |   icmp   |      0|  0|  13|           9|           8|
    |icmp_ln35_8_fu_4521_p2     |   icmp   |      0|  0|  13|           9|           8|
    |icmp_ln35_9_fu_4538_p2     |   icmp   |      0|  0|  13|           9|           8|
    |icmp_ln35_fu_4697_p2       |   icmp   |      0|  0|  13|           9|           8|
    |icmp_ln40_fu_5055_p2       |   icmp   |      0|  0|  13|           9|           8|
    |icmp_ln42_fu_5073_p2       |   icmp   |      0|  0|  11|           5|           5|
    |icmp_ln47_1_fu_5254_p2     |   icmp   |      0|  0|  11|           5|           4|
    |icmp_ln47_2_fu_5093_p2     |   icmp   |      0|  0|  11|           5|           4|
    |icmp_ln47_fu_5049_p2       |   icmp   |      0|  0|  11|           5|           4|
    |icmp_ln53_fu_5958_p2       |   icmp   |      0|  0|  11|           5|           5|
    |icmp_ln56_10_fu_6202_p2    |   icmp   |      0|  0|  13|           9|           8|
    |icmp_ln56_11_fu_6219_p2    |   icmp   |      0|  0|  13|           9|           8|
    |icmp_ln56_12_fu_6236_p2    |   icmp   |      0|  0|  13|           9|           8|
    |icmp_ln56_13_fu_6253_p2    |   icmp   |      0|  0|  13|           9|           8|
    |icmp_ln56_14_fu_6270_p2    |   icmp   |      0|  0|  13|           9|           8|
    |icmp_ln56_15_fu_6287_p2    |   icmp   |      0|  0|  13|           9|           8|
    |icmp_ln56_16_fu_6304_p2    |   icmp   |      0|  0|  13|           9|           8|
    |icmp_ln56_17_fu_6321_p2    |   icmp   |      0|  0|  13|           9|           8|
    |icmp_ln56_18_fu_6338_p2    |   icmp   |      0|  0|  13|           9|           8|
    |icmp_ln56_19_fu_6360_p2    |   icmp   |      0|  0|  13|           9|           8|
    |icmp_ln56_1_fu_6344_p2     |   icmp   |      0|  0|  13|           9|           8|
    |icmp_ln56_20_fu_6377_p2    |   icmp   |      0|  0|  13|           9|           8|
    |icmp_ln56_2_fu_6066_p2     |   icmp   |      0|  0|  13|           9|           8|
    |icmp_ln56_3_fu_6083_p2     |   icmp   |      0|  0|  13|           9|           8|
    |icmp_ln56_4_fu_6100_p2     |   icmp   |      0|  0|  13|           9|           8|
    |icmp_ln56_5_fu_6117_p2     |   icmp   |      0|  0|  13|           9|           8|
    |icmp_ln56_6_fu_6134_p2     |   icmp   |      0|  0|  13|           9|           8|
    |icmp_ln56_7_fu_6151_p2     |   icmp   |      0|  0|  13|           9|           8|
    |icmp_ln56_8_fu_6168_p2     |   icmp   |      0|  0|  13|           9|           8|
    |icmp_ln56_9_fu_6185_p2     |   icmp   |      0|  0|  13|           9|           8|
    |icmp_ln56_fu_5996_p2       |   icmp   |      0|  0|  11|           5|           4|
    |or_ln28_1_fu_3725_p2       |    or    |      0|  0|   9|           2|           9|
    |or_ln28_2_fu_3742_p2       |    or    |      0|  0|   9|           2|           9|
    |or_ln28_fu_3707_p2         |    or    |      0|  0|   9|           1|           9|
    |or_ln35_1_fu_4425_p2       |    or    |      0|  0|   9|           2|           9|
    |or_ln35_2_fu_4442_p2       |    or    |      0|  0|   9|           2|           9|
    |or_ln35_fu_4407_p2         |    or    |      0|  0|   9|           1|           9|
    |or_ln56_1_fu_6072_p2       |    or    |      0|  0|   9|           2|           9|
    |or_ln56_2_fu_6089_p2       |    or    |      0|  0|   9|           2|           9|
    |or_ln56_3_fu_6383_p2       |    or    |      0|  0|   9|           1|           9|
    |or_ln56_4_fu_6400_p2       |    or    |      0|  0|   9|           2|           9|
    |or_ln56_5_fu_6411_p2       |    or    |      0|  0|   9|           2|           9|
    |or_ln56_fu_6054_p2         |    or    |      0|  0|   9|           1|           9|
    |grp_fu_3611_p3             |  select  |      0|  0|  32|           1|          32|
    |grp_fu_3618_p3             |  select  |      0|  0|  32|           1|          32|
    |select_ln28_10_fu_4205_p3  |  select  |      0|  0|  32|           1|          32|
    |select_ln28_11_fu_4214_p3  |  select  |      0|  0|  32|           1|          32|
    |select_ln28_12_fu_4235_p3  |  select  |      0|  0|  32|           1|          32|
    |select_ln28_13_fu_4244_p3  |  select  |      0|  0|  32|           1|          32|
    |select_ln28_14_fu_4265_p3  |  select  |      0|  0|  32|           1|          32|
    |select_ln28_15_fu_4274_p3  |  select  |      0|  0|  32|           1|          32|
    |select_ln28_16_fu_4295_p3  |  select  |      0|  0|  32|           1|          32|
    |select_ln28_17_fu_4304_p3  |  select  |      0|  0|  32|           1|          32|
    |select_ln28_18_fu_4325_p3  |  select  |      0|  0|  32|           1|          32|
    |select_ln28_19_fu_4334_p3  |  select  |      0|  0|  32|           1|          32|
    |select_ln28_1_fu_4064_p3   |  select  |      0|  0|  32|           1|          32|
    |select_ln28_20_fu_3699_p3  |  select  |      0|  0|   5|           1|           5|
    |select_ln28_2_fu_4085_p3   |  select  |      0|  0|  32|           1|          32|
    |select_ln28_3_fu_4094_p3   |  select  |      0|  0|  32|           1|          32|
    |select_ln28_4_fu_4115_p3   |  select  |      0|  0|  32|           1|          32|
    |select_ln28_5_fu_4124_p3   |  select  |      0|  0|  32|           1|          32|
    |select_ln28_6_fu_4145_p3   |  select  |      0|  0|  32|           1|          32|
    |select_ln28_7_fu_4154_p3   |  select  |      0|  0|  32|           1|          32|
    |select_ln28_8_fu_4175_p3   |  select  |      0|  0|  32|           1|          32|
    |select_ln28_9_fu_4184_p3   |  select  |      0|  0|  32|           1|          32|
    |select_ln28_fu_4048_p3     |  select  |      0|  0|  32|           1|          32|
    |select_ln35_10_fu_4905_p3  |  select  |      0|  0|  32|           1|          32|
    |select_ln35_11_fu_4914_p3  |  select  |      0|  0|  32|           1|          32|
    |select_ln35_12_fu_4935_p3  |  select  |      0|  0|  32|           1|          32|
    |select_ln35_13_fu_4944_p3  |  select  |      0|  0|  32|           1|          32|
    |select_ln35_14_fu_4965_p3  |  select  |      0|  0|  32|           1|          32|
    |select_ln35_15_fu_4974_p3  |  select  |      0|  0|  32|           1|          32|
    |select_ln35_16_fu_4995_p3  |  select  |      0|  0|  32|           1|          32|
    |select_ln35_17_fu_5004_p3  |  select  |      0|  0|  32|           1|          32|
    |select_ln35_18_fu_5025_p3  |  select  |      0|  0|  32|           1|          32|
    |select_ln35_19_fu_5034_p3  |  select  |      0|  0|  32|           1|          32|
    |select_ln35_1_fu_4764_p3   |  select  |      0|  0|  32|           1|          32|
    |select_ln35_20_fu_4399_p3  |  select  |      0|  0|   5|           1|           5|
    |select_ln35_2_fu_4785_p3   |  select  |      0|  0|  32|           1|          32|
    |select_ln35_3_fu_4794_p3   |  select  |      0|  0|  32|           1|          32|
    |select_ln35_4_fu_4815_p3   |  select  |      0|  0|  32|           1|          32|
    |select_ln35_5_fu_4824_p3   |  select  |      0|  0|  32|           1|          32|
    |select_ln35_6_fu_4845_p3   |  select  |      0|  0|  32|           1|          32|
    |select_ln35_7_fu_4854_p3   |  select  |      0|  0|  32|           1|          32|
    |select_ln35_8_fu_4875_p3   |  select  |      0|  0|  32|           1|          32|
    |select_ln35_9_fu_4884_p3   |  select  |      0|  0|  32|           1|          32|
    |select_ln35_fu_4748_p3     |  select  |      0|  0|  32|           1|          32|
    |select_ln40_fu_5099_p3     |  select  |      0|  0|   5|           1|           5|
    |select_ln44_10_fu_5513_p3  |  select  |      0|  0|  32|           1|          32|
    |select_ln44_11_fu_5527_p3  |  select  |      0|  0|  32|           1|          32|
    |select_ln44_12_fu_5541_p3  |  select  |      0|  0|  32|           1|          32|
    |select_ln44_13_fu_5555_p3  |  select  |      0|  0|  32|           1|          32|
    |select_ln44_14_fu_5569_p3  |  select  |      0|  0|  32|           1|          32|
    |select_ln44_15_fu_5583_p3  |  select  |      0|  0|  32|           1|          32|
    |select_ln44_16_fu_5597_p3  |  select  |      0|  0|  32|           1|          32|
    |select_ln44_17_fu_5205_p3  |  select  |      0|  0|  32|           1|          32|
    |select_ln44_18_fu_5219_p3  |  select  |      0|  0|  32|           1|          32|
    |select_ln44_19_fu_5611_p3  |  select  |      0|  0|  32|           1|          32|
    |select_ln44_1_fu_5151_p3   |  select  |      0|  0|   4|           1|           4|
    |select_ln44_20_fu_5233_p3  |  select  |      0|  0|  32|           1|          32|
    |select_ln44_21_fu_5247_p3  |  select  |      0|  0|  32|           1|          32|
    |select_ln44_22_fu_5625_p3  |  select  |      0|  0|  32|           1|          32|
    |select_ln44_2_fu_5403_p3   |  select  |      0|  0|   2|           1|           1|
    |select_ln44_3_fu_5415_p3   |  select  |      0|  0|  32|           1|          32|
    |select_ln44_4_fu_5429_p3   |  select  |      0|  0|  32|           1|          32|
    |select_ln44_5_fu_5443_p3   |  select  |      0|  0|  32|           1|          32|
    |select_ln44_6_fu_5457_p3   |  select  |      0|  0|  32|           1|          32|
    |select_ln44_7_fu_5471_p3   |  select  |      0|  0|  32|           1|          32|
    |select_ln44_8_fu_5485_p3   |  select  |      0|  0|  32|           1|          32|
    |select_ln44_9_fu_5499_p3   |  select  |      0|  0|  32|           1|          32|
    |select_ln44_fu_5079_p3     |  select  |      0|  0|   5|           1|           1|
    |select_ln47_10_fu_5361_p3  |  select  |      0|  0|  32|           1|          32|
    |select_ln47_11_fu_5368_p3  |  select  |      0|  0|  32|           1|          32|
    |select_ln47_12_fu_5375_p3  |  select  |      0|  0|  32|           1|          32|
    |select_ln47_13_fu_5382_p3  |  select  |      0|  0|  32|           1|          32|
    |select_ln47_14_fu_5170_p3  |  select  |      0|  0|  32|           1|          32|
    |select_ln47_15_fu_5177_p3  |  select  |      0|  0|  32|           1|          32|
    |select_ln47_16_fu_5389_p3  |  select  |      0|  0|  32|           1|          32|
    |select_ln47_17_fu_5184_p3  |  select  |      0|  0|  32|           1|          32|
    |select_ln47_18_fu_5191_p3  |  select  |      0|  0|  32|           1|          32|
    |select_ln47_19_fu_5396_p3  |  select  |      0|  0|  32|           1|          32|
    |select_ln47_1_fu_5298_p3   |  select  |      0|  0|  32|           1|          32|
    |select_ln47_20_fu_5632_p3  |  select  |      0|  0|  32|           1|          32|
    |select_ln47_21_fu_5639_p3  |  select  |      0|  0|  32|           1|          32|
    |select_ln47_22_fu_5646_p3  |  select  |      0|  0|  32|           1|          32|
    |select_ln47_23_fu_5653_p3  |  select  |      0|  0|  32|           1|          32|
    |select_ln47_24_fu_5660_p3  |  select  |      0|  0|  32|           1|          32|
    |select_ln47_25_fu_5667_p3  |  select  |      0|  0|  32|           1|          32|
    |select_ln47_26_fu_5674_p3  |  select  |      0|  0|  32|           1|          32|
    |select_ln47_27_fu_5681_p3  |  select  |      0|  0|  32|           1|          32|
    |select_ln47_28_fu_5688_p3  |  select  |      0|  0|  32|           1|          32|
    |select_ln47_29_fu_5695_p3  |  select  |      0|  0|  32|           1|          32|
    |select_ln47_2_fu_5305_p3   |  select  |      0|  0|  32|           1|          32|
    |select_ln47_30_fu_5702_p3  |  select  |      0|  0|  32|           1|          32|
    |select_ln47_31_fu_5709_p3  |  select  |      0|  0|  32|           1|          32|
    |select_ln47_32_fu_5716_p3  |  select  |      0|  0|  32|           1|          32|
    |select_ln47_33_fu_5723_p3  |  select  |      0|  0|  32|           1|          32|
    |select_ln47_34_fu_5259_p3  |  select  |      0|  0|  32|           1|          32|
    |select_ln47_35_fu_5267_p3  |  select  |      0|  0|  32|           1|          32|
    |select_ln47_36_fu_5738_p3  |  select  |      0|  0|  32|           1|          32|
    |select_ln47_37_fu_5275_p3  |  select  |      0|  0|  32|           1|          32|
    |select_ln47_38_fu_5283_p3  |  select  |      0|  0|  32|           1|          32|
    |select_ln47_39_fu_5753_p3  |  select  |      0|  0|  32|           1|          32|
    |select_ln47_3_fu_5312_p3   |  select  |      0|  0|  32|           1|          32|
    |select_ln47_40_fu_5408_p3  |  select  |      0|  0|  32|           1|          32|
    |select_ln47_41_fu_5422_p3  |  select  |      0|  0|  32|           1|          32|
    |select_ln47_42_fu_5436_p3  |  select  |      0|  0|  32|           1|          32|
    |select_ln47_43_fu_5450_p3  |  select  |      0|  0|  32|           1|          32|
    |select_ln47_44_fu_5464_p3  |  select  |      0|  0|  32|           1|          32|
    |select_ln47_45_fu_5478_p3  |  select  |      0|  0|  32|           1|          32|
    |select_ln47_46_fu_5492_p3  |  select  |      0|  0|  32|           1|          32|
    |select_ln47_47_fu_5506_p3  |  select  |      0|  0|  32|           1|          32|
    |select_ln47_48_fu_5520_p3  |  select  |      0|  0|  32|           1|          32|
    |select_ln47_49_fu_5534_p3  |  select  |      0|  0|  32|           1|          32|
    |select_ln47_4_fu_5319_p3   |  select  |      0|  0|  32|           1|          32|
    |select_ln47_50_fu_5548_p3  |  select  |      0|  0|  32|           1|          32|
    |select_ln47_51_fu_5562_p3  |  select  |      0|  0|  32|           1|          32|
    |select_ln47_52_fu_5576_p3  |  select  |      0|  0|  32|           1|          32|
    |select_ln47_53_fu_5590_p3  |  select  |      0|  0|  32|           1|          32|
    |select_ln47_54_fu_5198_p3  |  select  |      0|  0|  32|           1|          32|
    |select_ln47_55_fu_5212_p3  |  select  |      0|  0|  32|           1|          32|
    |select_ln47_56_fu_5604_p3  |  select  |      0|  0|  32|           1|          32|
    |select_ln47_57_fu_5226_p3  |  select  |      0|  0|  32|           1|          32|
    |select_ln47_58_fu_5240_p3  |  select  |      0|  0|  32|           1|          32|
    |select_ln47_59_fu_5618_p3  |  select  |      0|  0|  32|           1|          32|
    |select_ln47_5_fu_5326_p3   |  select  |      0|  0|  32|           1|          32|
    |select_ln47_6_fu_5333_p3   |  select  |      0|  0|  32|           1|          32|
    |select_ln47_7_fu_5340_p3   |  select  |      0|  0|  32|           1|          32|
    |select_ln47_8_fu_5347_p3   |  select  |      0|  0|  32|           1|          32|
    |select_ln47_9_fu_5354_p3   |  select  |      0|  0|  32|           1|          32|
    |select_ln47_fu_5291_p3     |  select  |      0|  0|  32|           1|          32|
    |select_ln56_20_fu_6008_p3  |  select  |      0|  0|   5|           1|           5|
    |ap_enable_pp0              |    xor   |      0|  0|   2|           1|           2|
    |ap_enable_pp1              |    xor   |      0|  0|   2|           1|           2|
    |ap_enable_pp2              |    xor   |      0|  0|   2|           1|           2|
    |ap_enable_pp3              |    xor   |      0|  0|   2|           1|           2|
    +---------------------------+----------+-------+---+----+------------+------------+
    |Total                      |          |     60|  0|7230|        2675|        6161|
    +---------------------------+----------+-------+---+----+------------+------------+

    * Multiplexer: 
    +--------------------------------+-----+-----------+-----+-----------+
    |              Name              | LUT | Input Size| Bits| Total Bits|
    +--------------------------------+-----+-----------+-----+-----------+
    |a_0_address0                    |   50|         11|    8|         88|
    |a_0_address1                    |   50|         11|    8|         88|
    |a_1_address0                    |   50|         11|    8|         88|
    |a_1_address1                    |   50|         11|    8|         88|
    |a_buff_0_0_address0             |   21|          4|    4|         16|
    |a_buff_0_10_address0            |   21|          4|    4|         16|
    |a_buff_0_11_address0            |   21|          4|    4|         16|
    |a_buff_0_12_address0            |   21|          4|    4|         16|
    |a_buff_0_13_address0            |   21|          4|    4|         16|
    |a_buff_0_14_address0            |   21|          4|    4|         16|
    |a_buff_0_15_address0            |   21|          4|    4|         16|
    |a_buff_0_16_address0            |   21|          4|    4|         16|
    |a_buff_0_17_address0            |   21|          4|    4|         16|
    |a_buff_0_18_address0            |   21|          4|    4|         16|
    |a_buff_0_19_address0            |   21|          4|    4|         16|
    |a_buff_0_1_address0             |   21|          4|    4|         16|
    |a_buff_0_2_address0             |   21|          4|    4|         16|
    |a_buff_0_3_address0             |   21|          4|    4|         16|
    |a_buff_0_4_address0             |   21|          4|    4|         16|
    |a_buff_0_5_address0             |   21|          4|    4|         16|
    |a_buff_0_6_address0             |   21|          4|    4|         16|
    |a_buff_0_7_address0             |   21|          4|    4|         16|
    |a_buff_0_8_address0             |   21|          4|    4|         16|
    |a_buff_0_9_address0             |   21|          4|    4|         16|
    |a_buff_1_0_address0             |   21|          4|    4|         16|
    |a_buff_1_10_address0            |   21|          4|    4|         16|
    |a_buff_1_11_address0            |   21|          4|    4|         16|
    |a_buff_1_12_address0            |   21|          4|    4|         16|
    |a_buff_1_13_address0            |   21|          4|    4|         16|
    |a_buff_1_14_address0            |   21|          4|    4|         16|
    |a_buff_1_15_address0            |   21|          4|    4|         16|
    |a_buff_1_16_address0            |   21|          4|    4|         16|
    |a_buff_1_17_address0            |   21|          4|    4|         16|
    |a_buff_1_18_address0            |   21|          4|    4|         16|
    |a_buff_1_19_address0            |   21|          4|    4|         16|
    |a_buff_1_1_address0             |   21|          4|    4|         16|
    |a_buff_1_2_address0             |   21|          4|    4|         16|
    |a_buff_1_3_address0             |   21|          4|    4|         16|
    |a_buff_1_4_address0             |   21|          4|    4|         16|
    |a_buff_1_5_address0             |   21|          4|    4|         16|
    |a_buff_1_6_address0             |   21|          4|    4|         16|
    |a_buff_1_7_address0             |   21|          4|    4|         16|
    |a_buff_1_8_address0             |   21|          4|    4|         16|
    |a_buff_1_9_address0             |   21|          4|    4|         16|
    |ap_NS_fsm                       |  173|         39|    1|         39|
    |ap_enable_reg_pp0_iter2         |    9|          2|    1|          2|
    |ap_enable_reg_pp1_iter2         |    9|          2|    1|          2|
    |ap_enable_reg_pp2_iter11        |    9|          2|    1|          2|
    |ap_enable_reg_pp2_iter13        |    9|          2|    1|          2|
    |ap_enable_reg_pp3_iter1         |    9|          2|    1|          2|
    |ap_phi_mux_i1_0_phi_fu_3559_p4  |    9|          2|    5|         10|
    |ap_phi_mux_i3_0_phi_fu_3604_p4  |    9|          2|    5|         10|
    |ap_phi_mux_i_0_phi_fu_3548_p4   |    9|          2|    5|         10|
    |ap_phi_mux_m_0_phi_fu_3581_p4   |    9|          2|    5|         10|
    |b_0_address0                    |   50|         11|    8|         88|
    |b_0_address1                    |   50|         11|    8|         88|
    |b_1_address0                    |   50|         11|    8|         88|
    |b_1_address1                    |   50|         11|    8|         88|
    |b_buff_0_0_address0             |   15|          3|    4|         12|
    |b_buff_0_10_address0            |   15|          3|    4|         12|
    |b_buff_0_11_address0            |   15|          3|    4|         12|
    |b_buff_0_12_address0            |   15|          3|    4|         12|
    |b_buff_0_13_address0            |   15|          3|    4|         12|
    |b_buff_0_14_address0            |   15|          3|    4|         12|
    |b_buff_0_15_address0            |   15|          3|    4|         12|
    |b_buff_0_16_address0            |   15|          3|    4|         12|
    |b_buff_0_17_address0            |   15|          3|    4|         12|
    |b_buff_0_18_address0            |   15|          3|    4|         12|
    |b_buff_0_19_address0            |   15|          3|    4|         12|
    |b_buff_0_1_address0             |   15|          3|    4|         12|
    |b_buff_0_2_address0             |   15|          3|    4|         12|
    |b_buff_0_3_address0             |   15|          3|    4|         12|
    |b_buff_0_4_address0             |   15|          3|    4|         12|
    |b_buff_0_5_address0             |   15|          3|    4|         12|
    |b_buff_0_6_address0             |   15|          3|    4|         12|
    |b_buff_0_7_address0             |   15|          3|    4|         12|
    |b_buff_0_8_address0             |   15|          3|    4|         12|
    |b_buff_0_9_address0             |   15|          3|    4|         12|
    |b_buff_1_0_address0             |   15|          3|    4|         12|
    |b_buff_1_10_address0            |   15|          3|    4|         12|
    |b_buff_1_11_address0            |   15|          3|    4|         12|
    |b_buff_1_12_address0            |   15|          3|    4|         12|
    |b_buff_1_13_address0            |   15|          3|    4|         12|
    |b_buff_1_14_address0            |   15|          3|    4|         12|
    |b_buff_1_15_address0            |   15|          3|    4|         12|
    |b_buff_1_16_address0            |   15|          3|    4|         12|
    |b_buff_1_17_address0            |   15|          3|    4|         12|
    |b_buff_1_18_address0            |   15|          3|    4|         12|
    |b_buff_1_19_address0            |   15|          3|    4|         12|
    |b_buff_1_1_address0             |   15|          3|    4|         12|
    |b_buff_1_2_address0             |   15|          3|    4|         12|
    |b_buff_1_3_address0             |   15|          3|    4|         12|
    |b_buff_1_4_address0             |   15|          3|    4|         12|
    |b_buff_1_5_address0             |   15|          3|    4|         12|
    |b_buff_1_6_address0             |   15|          3|    4|         12|
    |b_buff_1_7_address0             |   15|          3|    4|         12|
    |b_buff_1_8_address0             |   15|          3|    4|         12|
    |b_buff_1_9_address0             |   15|          3|    4|         12|
    |c_0_address0                    |   56|         13|    8|        104|
    |c_0_address1                    |   44|          9|    8|         72|
    |c_0_d0                          |   27|          5|   32|        160|
    |c_0_d1                          |   15|          3|   32|         96|
    |c_1_address0                    |   56|         13|    8|        104|
    |c_1_address1                    |   44|          9|    8|         72|
    |c_1_d0                          |   27|          5|   32|        160|
    |c_1_d1                          |   15|          3|   32|         96|
    |c_buff_0_address0               |   53|         12|    8|         96|
    |c_buff_0_address1               |   50|         11|    8|         88|
    |c_buff_1_address0               |   53|         12|    8|         96|
    |c_buff_1_address1               |   50|         11|    8|         88|
    |grp_fu_3611_p0                  |   15|          3|    1|          3|
    |i1_0_reg_3555                   |    9|          2|    5|         10|
    |i3_0_reg_3600                   |    9|          2|    5|         10|
    |i_0_reg_3544                    |    9|          2|    5|         10|
    |indvar_flatten_reg_3566         |    9|          2|    9|         18|
    |m_0_reg_3577                    |    9|          2|    5|         10|
    |o_0_reg_3589                    |    9|          2|    5|         10|
    +--------------------------------+-----+-----------+-----+-----------+
    |Total                           | 2653|        546|  637|       3216|
    +--------------------------------+-----+-----------+-----+-----------+

    * Register: 
    +---------------------------------------+----+----+-----+-----------+
    |                  Name                 | FF | LUT| Bits| Const Bits|
    +---------------------------------------+----+----+-----+-----------+
    |a_buff_0_14_addr_reg_7120              |   4|   0|    4|          0|
    |a_buff_0_15_addr_reg_7140              |   4|   0|    4|          0|
    |a_buff_0_16_addr_reg_7150              |   4|   0|    4|          0|
    |a_buff_0_17_addr_reg_7160              |   4|   0|    4|          0|
    |a_buff_0_18_addr_reg_7170              |   4|   0|    4|          0|
    |a_buff_0_19_addr_reg_7180              |   4|   0|    4|          0|
    |a_buff_1_14_addr_reg_7125              |   4|   0|    4|          0|
    |a_buff_1_15_addr_reg_7145              |   4|   0|    4|          0|
    |a_buff_1_16_addr_reg_7155              |   4|   0|    4|          0|
    |a_buff_1_17_addr_reg_7165              |   4|   0|    4|          0|
    |a_buff_1_18_addr_reg_7175              |   4|   0|    4|          0|
    |a_buff_1_19_addr_reg_7185              |   4|   0|    4|          0|
    |add_ln28_reg_6702                      |   7|   0|    9|          2|
    |add_ln35_reg_7239                      |   7|   0|    9|          2|
    |add_ln47_12_reg_8927                   |  32|   0|   32|          0|
    |add_ln47_16_reg_8932                   |  32|   0|   32|          0|
    |add_ln47_1_reg_8917                    |  32|   0|   32|          0|
    |add_ln47_8_reg_8922                    |  32|   0|   32|          0|
    |add_ln47_reg_8912                      |  32|   0|   32|          0|
    |add_ln56_18_reg_8976                   |   7|   0|    9|          2|
    |add_ln56_18_reg_8976_pp3_iter1_reg     |   7|   0|    9|          2|
    |add_ln56_reg_8946                      |   7|   0|    9|          2|
    |ap_CS_fsm                              |  38|   0|   38|          0|
    |ap_enable_reg_pp0_iter0                |   1|   0|    1|          0|
    |ap_enable_reg_pp0_iter1                |   1|   0|    1|          0|
    |ap_enable_reg_pp0_iter2                |   1|   0|    1|          0|
    |ap_enable_reg_pp1_iter0                |   1|   0|    1|          0|
    |ap_enable_reg_pp1_iter1                |   1|   0|    1|          0|
    |ap_enable_reg_pp1_iter2                |   1|   0|    1|          0|
    |ap_enable_reg_pp2_iter0                |   1|   0|    1|          0|
    |ap_enable_reg_pp2_iter1                |   1|   0|    1|          0|
    |ap_enable_reg_pp2_iter10               |   1|   0|    1|          0|
    |ap_enable_reg_pp2_iter11               |   1|   0|    1|          0|
    |ap_enable_reg_pp2_iter12               |   1|   0|    1|          0|
    |ap_enable_reg_pp2_iter13               |   1|   0|    1|          0|
    |ap_enable_reg_pp2_iter2                |   1|   0|    1|          0|
    |ap_enable_reg_pp2_iter3                |   1|   0|    1|          0|
    |ap_enable_reg_pp2_iter4                |   1|   0|    1|          0|
    |ap_enable_reg_pp2_iter5                |   1|   0|    1|          0|
    |ap_enable_reg_pp2_iter6                |   1|   0|    1|          0|
    |ap_enable_reg_pp2_iter7                |   1|   0|    1|          0|
    |ap_enable_reg_pp2_iter8                |   1|   0|    1|          0|
    |ap_enable_reg_pp2_iter9                |   1|   0|    1|          0|
    |ap_enable_reg_pp3_iter0                |   1|   0|    1|          0|
    |ap_enable_reg_pp3_iter1                |   1|   0|    1|          0|
    |b_buff_0_14_addr_reg_7657              |   4|   0|    4|          0|
    |b_buff_0_15_addr_reg_7677              |   4|   0|    4|          0|
    |b_buff_0_16_addr_reg_7687              |   4|   0|    4|          0|
    |b_buff_0_17_addr_reg_7697              |   4|   0|    4|          0|
    |b_buff_0_18_addr_reg_7707              |   4|   0|    4|          0|
    |b_buff_0_19_addr_reg_7717              |   4|   0|    4|          0|
    |b_buff_1_14_addr_reg_7662              |   4|   0|    4|          0|
    |b_buff_1_15_addr_reg_7682              |   4|   0|    4|          0|
    |b_buff_1_16_addr_reg_7692              |   4|   0|    4|          0|
    |b_buff_1_17_addr_reg_7702              |   4|   0|    4|          0|
    |b_buff_1_18_addr_reg_7712              |   4|   0|    4|          0|
    |b_buff_1_19_addr_reg_7722              |   4|   0|    4|          0|
    |i1_0_reg_3555                          |   5|   0|    5|          0|
    |i3_0_reg_3600                          |   5|   0|    5|          0|
    |i_0_reg_3544                           |   5|   0|    5|          0|
    |i_1_reg_7234                           |   5|   0|    5|          0|
    |i_2_reg_8941                           |   5|   0|    5|          0|
    |i_reg_6697                             |   5|   0|    5|          0|
    |icmp_ln25_reg_6693                     |   1|   0|    1|          0|
    |icmp_ln28_10_reg_6820                  |   1|   0|    1|          0|
    |icmp_ln28_10_reg_6820_pp0_iter1_reg    |   1|   0|    1|          0|
    |icmp_ln28_11_reg_6830                  |   1|   0|    1|          0|
    |icmp_ln28_11_reg_6830_pp0_iter1_reg    |   1|   0|    1|          0|
    |icmp_ln28_12_reg_6840                  |   1|   0|    1|          0|
    |icmp_ln28_12_reg_6840_pp0_iter1_reg    |   1|   0|    1|          0|
    |icmp_ln28_13_reg_6850                  |   1|   0|    1|          0|
    |icmp_ln28_13_reg_6850_pp0_iter1_reg    |   1|   0|    1|          0|
    |icmp_ln28_14_reg_6860                  |   1|   0|    1|          0|
    |icmp_ln28_14_reg_6860_pp0_iter1_reg    |   1|   0|    1|          0|
    |icmp_ln28_15_reg_6870                  |   1|   0|    1|          0|
    |icmp_ln28_15_reg_6870_pp0_iter1_reg    |   1|   0|    1|          0|
    |icmp_ln28_16_reg_6880                  |   1|   0|    1|          0|
    |icmp_ln28_16_reg_6880_pp0_iter1_reg    |   1|   0|    1|          0|
    |icmp_ln28_17_reg_6890                  |   1|   0|    1|          0|
    |icmp_ln28_17_reg_6890_pp0_iter1_reg    |   1|   0|    1|          0|
    |icmp_ln28_18_reg_6900                  |   1|   0|    1|          0|
    |icmp_ln28_18_reg_6900_pp0_iter1_reg    |   1|   0|    1|          0|
    |icmp_ln28_19_reg_6915                  |   1|   0|    1|          0|
    |icmp_ln28_19_reg_6915_pp0_iter1_reg    |   1|   0|    1|          0|
    |icmp_ln28_1_reg_6726                   |   1|   0|    1|          0|
    |icmp_ln28_20_reg_6925                  |   1|   0|    1|          0|
    |icmp_ln28_20_reg_6925_pp0_iter1_reg    |   1|   0|    1|          0|
    |icmp_ln28_2_reg_6740                   |   1|   0|    1|          0|
    |icmp_ln28_2_reg_6740_pp0_iter1_reg     |   1|   0|    1|          0|
    |icmp_ln28_3_reg_6750                   |   1|   0|    1|          0|
    |icmp_ln28_3_reg_6750_pp0_iter1_reg     |   1|   0|    1|          0|
    |icmp_ln28_4_reg_6760                   |   1|   0|    1|          0|
    |icmp_ln28_4_reg_6760_pp0_iter1_reg     |   1|   0|    1|          0|
    |icmp_ln28_5_reg_6770                   |   1|   0|    1|          0|
    |icmp_ln28_5_reg_6770_pp0_iter1_reg     |   1|   0|    1|          0|
    |icmp_ln28_6_reg_6780                   |   1|   0|    1|          0|
    |icmp_ln28_6_reg_6780_pp0_iter1_reg     |   1|   0|    1|          0|
    |icmp_ln28_7_reg_6790                   |   1|   0|    1|          0|
    |icmp_ln28_7_reg_6790_pp0_iter1_reg     |   1|   0|    1|          0|
    |icmp_ln28_8_reg_6800                   |   1|   0|    1|          0|
    |icmp_ln28_8_reg_6800_pp0_iter1_reg     |   1|   0|    1|          0|
    |icmp_ln28_9_reg_6810                   |   1|   0|    1|          0|
    |icmp_ln28_9_reg_6810_pp0_iter1_reg     |   1|   0|    1|          0|
    |icmp_ln28_reg_6905                     |   1|   0|    1|          0|
    |icmp_ln32_reg_7230                     |   1|   0|    1|          0|
    |icmp_ln35_10_reg_7357                  |   1|   0|    1|          0|
    |icmp_ln35_10_reg_7357_pp1_iter1_reg    |   1|   0|    1|          0|
    |icmp_ln35_11_reg_7367                  |   1|   0|    1|          0|
    |icmp_ln35_11_reg_7367_pp1_iter1_reg    |   1|   0|    1|          0|
    |icmp_ln35_12_reg_7377                  |   1|   0|    1|          0|
    |icmp_ln35_12_reg_7377_pp1_iter1_reg    |   1|   0|    1|          0|
    |icmp_ln35_13_reg_7387                  |   1|   0|    1|          0|
    |icmp_ln35_13_reg_7387_pp1_iter1_reg    |   1|   0|    1|          0|
    |icmp_ln35_14_reg_7397                  |   1|   0|    1|          0|
    |icmp_ln35_14_reg_7397_pp1_iter1_reg    |   1|   0|    1|          0|
    |icmp_ln35_15_reg_7407                  |   1|   0|    1|          0|
    |icmp_ln35_15_reg_7407_pp1_iter1_reg    |   1|   0|    1|          0|
    |icmp_ln35_16_reg_7417                  |   1|   0|    1|          0|
    |icmp_ln35_16_reg_7417_pp1_iter1_reg    |   1|   0|    1|          0|
    |icmp_ln35_17_reg_7427                  |   1|   0|    1|          0|
    |icmp_ln35_17_reg_7427_pp1_iter1_reg    |   1|   0|    1|          0|
    |icmp_ln35_18_reg_7437                  |   1|   0|    1|          0|
    |icmp_ln35_18_reg_7437_pp1_iter1_reg    |   1|   0|    1|          0|
    |icmp_ln35_19_reg_7452                  |   1|   0|    1|          0|
    |icmp_ln35_19_reg_7452_pp1_iter1_reg    |   1|   0|    1|          0|
    |icmp_ln35_1_reg_7263                   |   1|   0|    1|          0|
    |icmp_ln35_20_reg_7462                  |   1|   0|    1|          0|
    |icmp_ln35_20_reg_7462_pp1_iter1_reg    |   1|   0|    1|          0|
    |icmp_ln35_2_reg_7277                   |   1|   0|    1|          0|
    |icmp_ln35_2_reg_7277_pp1_iter1_reg     |   1|   0|    1|          0|
    |icmp_ln35_3_reg_7287                   |   1|   0|    1|          0|
    |icmp_ln35_3_reg_7287_pp1_iter1_reg     |   1|   0|    1|          0|
    |icmp_ln35_4_reg_7297                   |   1|   0|    1|          0|
    |icmp_ln35_4_reg_7297_pp1_iter1_reg     |   1|   0|    1|          0|
    |icmp_ln35_5_reg_7307                   |   1|   0|    1|          0|
    |icmp_ln35_5_reg_7307_pp1_iter1_reg     |   1|   0|    1|          0|
    |icmp_ln35_6_reg_7317                   |   1|   0|    1|          0|
    |icmp_ln35_6_reg_7317_pp1_iter1_reg     |   1|   0|    1|          0|
    |icmp_ln35_7_reg_7327                   |   1|   0|    1|          0|
    |icmp_ln35_7_reg_7327_pp1_iter1_reg     |   1|   0|    1|          0|
    |icmp_ln35_8_reg_7337                   |   1|   0|    1|          0|
    |icmp_ln35_8_reg_7337_pp1_iter1_reg     |   1|   0|    1|          0|
    |icmp_ln35_9_reg_7347                   |   1|   0|    1|          0|
    |icmp_ln35_9_reg_7347_pp1_iter1_reg     |   1|   0|    1|          0|
    |icmp_ln35_reg_7442                     |   1|   0|    1|          0|
    |icmp_ln40_reg_7792                     |   1|   0|    1|          0|
    |icmp_ln42_reg_7806                     |   1|   0|    1|          0|
    |icmp_ln47_1_reg_8458                   |   1|   0|    1|          0|
    |icmp_ln47_2_reg_7839                   |   1|   0|    1|          0|
    |icmp_ln47_reg_7767                     |   1|   0|    1|          0|
    |icmp_ln53_reg_8937                     |   1|   0|    1|          0|
    |icmp_ln56_10_reg_9092                  |   1|   0|    1|          0|
    |icmp_ln56_10_reg_9092_pp3_iter1_reg    |   1|   0|    1|          0|
    |icmp_ln56_11_reg_9101                  |   1|   0|    1|          0|
    |icmp_ln56_11_reg_9101_pp3_iter1_reg    |   1|   0|    1|          0|
    |icmp_ln56_12_reg_9110                  |   1|   0|    1|          0|
    |icmp_ln56_12_reg_9110_pp3_iter1_reg    |   1|   0|    1|          0|
    |icmp_ln56_13_reg_9119                  |   1|   0|    1|          0|
    |icmp_ln56_13_reg_9119_pp3_iter1_reg    |   1|   0|    1|          0|
    |icmp_ln56_14_reg_9128                  |   1|   0|    1|          0|
    |icmp_ln56_14_reg_9128_pp3_iter1_reg    |   1|   0|    1|          0|
    |icmp_ln56_15_reg_9137                  |   1|   0|    1|          0|
    |icmp_ln56_15_reg_9137_pp3_iter1_reg    |   1|   0|    1|          0|
    |icmp_ln56_16_reg_9146                  |   1|   0|    1|          0|
    |icmp_ln56_16_reg_9146_pp3_iter1_reg    |   1|   0|    1|          0|
    |icmp_ln56_17_reg_9155                  |   1|   0|    1|          0|
    |icmp_ln56_17_reg_9155_pp3_iter1_reg    |   1|   0|    1|          0|
    |icmp_ln56_18_reg_9164                  |   1|   0|    1|          0|
    |icmp_ln56_18_reg_9164_pp3_iter1_reg    |   1|   0|    1|          0|
    |icmp_ln56_19_reg_9177                  |   1|   0|    1|          0|
    |icmp_ln56_19_reg_9177_pp3_iter1_reg    |   1|   0|    1|          0|
    |icmp_ln56_1_reg_9168                   |   1|   0|    1|          0|
    |icmp_ln56_20_reg_9186                  |   1|   0|    1|          0|
    |icmp_ln56_20_reg_9186_pp3_iter1_reg    |   1|   0|    1|          0|
    |icmp_ln56_2_reg_9014                   |   1|   0|    1|          0|
    |icmp_ln56_2_reg_9014_pp3_iter1_reg     |   1|   0|    1|          0|
    |icmp_ln56_3_reg_9029                   |   1|   0|    1|          0|
    |icmp_ln56_3_reg_9029_pp3_iter1_reg     |   1|   0|    1|          0|
    |icmp_ln56_4_reg_9038                   |   1|   0|    1|          0|
    |icmp_ln56_4_reg_9038_pp3_iter1_reg     |   1|   0|    1|          0|
    |icmp_ln56_5_reg_9047                   |   1|   0|    1|          0|
    |icmp_ln56_5_reg_9047_pp3_iter1_reg     |   1|   0|    1|          0|
    |icmp_ln56_6_reg_9056                   |   1|   0|    1|          0|
    |icmp_ln56_6_reg_9056_pp3_iter1_reg     |   1|   0|    1|          0|
    |icmp_ln56_7_reg_9065                   |   1|   0|    1|          0|
    |icmp_ln56_7_reg_9065_pp3_iter1_reg     |   1|   0|    1|          0|
    |icmp_ln56_8_reg_9074                   |   1|   0|    1|          0|
    |icmp_ln56_8_reg_9074_pp3_iter1_reg     |   1|   0|    1|          0|
    |icmp_ln56_9_reg_9083                   |   1|   0|    1|          0|
    |icmp_ln56_9_reg_9083_pp3_iter1_reg     |   1|   0|    1|          0|
    |icmp_ln56_reg_8970                     |   1|   0|    1|          0|
    |icmp_ln56_reg_8970_pp3_iter1_reg       |   1|   0|    1|          0|
    |indvar_flatten_reg_3566                |   9|   0|    9|          0|
    |m_0_reg_3577                           |   5|   0|    5|          0|
    |mul_ln47_10_reg_8882                   |  32|   0|   32|          0|
    |mul_ln47_11_reg_8887                   |  32|   0|   32|          0|
    |mul_ln47_12_reg_8892                   |  32|   0|   32|          0|
    |mul_ln47_13_reg_8897                   |  32|   0|   32|          0|
    |mul_ln47_14_reg_8802                   |  32|   0|   32|          0|
    |mul_ln47_15_reg_8807                   |  32|   0|   32|          0|
    |mul_ln47_16_reg_8902                   |  32|   0|   32|          0|
    |mul_ln47_17_reg_8817                   |  32|   0|   32|          0|
    |mul_ln47_18_reg_8822                   |  32|   0|   32|          0|
    |mul_ln47_19_reg_8907                   |  32|   0|   32|          0|
    |mul_ln47_1_reg_8837                    |  32|   0|   32|          0|
    |mul_ln47_2_reg_8842                    |  32|   0|   32|          0|
    |mul_ln47_3_reg_8847                    |  32|   0|   32|          0|
    |mul_ln47_4_reg_8852                    |  32|   0|   32|          0|
    |mul_ln47_5_reg_8857                    |  32|   0|   32|          0|
    |mul_ln47_6_reg_8862                    |  32|   0|   32|          0|
    |mul_ln47_7_reg_8867                    |  32|   0|   32|          0|
    |mul_ln47_8_reg_8872                    |  32|   0|   32|          0|
    |mul_ln47_9_reg_8877                    |  32|   0|   32|          0|
    |mul_ln47_reg_8832                      |  32|   0|   32|          0|
    |o_0_reg_3589                           |   5|   0|    5|          0|
    |reg_3627                               |  32|   0|   32|          0|
    |reg_3635                               |  32|   0|   32|          0|
    |select_ln28_20_reg_6730                |   5|   0|    5|          0|
    |select_ln28_20_reg_6730_pp0_iter1_reg  |   5|   0|    5|          0|
    |select_ln35_20_reg_7267                |   5|   0|    5|          0|
    |select_ln35_20_reg_7267_pp1_iter1_reg  |   5|   0|    5|          0|
    |select_ln40_reg_7864                   |   5|   0|    5|          0|
    |select_ln44_10_reg_8687                |  32|   0|   32|          0|
    |select_ln44_11_reg_8692                |  32|   0|   32|          0|
    |select_ln44_12_reg_8697                |  32|   0|   32|          0|
    |select_ln44_13_reg_8702                |  32|   0|   32|          0|
    |select_ln44_14_reg_8707                |  32|   0|   32|          0|
    |select_ln44_15_reg_8712                |  32|   0|   32|          0|
    |select_ln44_16_reg_8717                |  32|   0|   32|          0|
    |select_ln44_17_reg_8428                |  32|   0|   32|          0|
    |select_ln44_18_reg_8433                |  32|   0|   32|          0|
    |select_ln44_19_reg_8722                |  32|   0|   32|          0|
    |select_ln44_1_reg_7986                 |   4|   0|    4|          0|
    |select_ln44_20_reg_8438                |  32|   0|   32|          0|
    |select_ln44_21_reg_8443                |  32|   0|   32|          0|
    |select_ln44_22_reg_8727                |  32|   0|   32|          0|
    |select_ln44_2_reg_8648                 |   1|   0|    1|          0|
    |select_ln44_3_reg_8652                 |  32|   0|   32|          0|
    |select_ln44_4_reg_8657                 |  32|   0|   32|          0|
    |select_ln44_5_reg_8662                 |  32|   0|   32|          0|
    |select_ln44_6_reg_8667                 |  32|   0|   32|          0|
    |select_ln44_7_reg_8672                 |  32|   0|   32|          0|
    |select_ln44_8_reg_8677                 |  32|   0|   32|          0|
    |select_ln44_9_reg_8682                 |  32|   0|   32|          0|
    |select_ln44_reg_7832                   |   5|   0|    5|          0|
    |select_ln47_20_reg_8732                |  32|   0|   32|          0|
    |select_ln47_21_reg_8737                |  32|   0|   32|          0|
    |select_ln47_22_reg_8742                |  32|   0|   32|          0|
    |select_ln47_23_reg_8747                |  32|   0|   32|          0|
    |select_ln47_24_reg_8752                |  32|   0|   32|          0|
    |select_ln47_25_reg_8757                |  32|   0|   32|          0|
    |select_ln47_26_reg_8762                |  32|   0|   32|          0|
    |select_ln47_27_reg_8767                |  32|   0|   32|          0|
    |select_ln47_28_reg_8772                |  32|   0|   32|          0|
    |select_ln47_29_reg_8777                |  32|   0|   32|          0|
    |select_ln47_30_reg_8782                |  32|   0|   32|          0|
    |select_ln47_31_reg_8787                |  32|   0|   32|          0|
    |select_ln47_32_reg_8792                |  32|   0|   32|          0|
    |select_ln47_33_reg_8797                |  32|   0|   32|          0|
    |select_ln47_34_reg_8608                |  32|   0|   32|          0|
    |select_ln47_35_reg_8613                |  32|   0|   32|          0|
    |select_ln47_36_reg_8812                |  32|   0|   32|          0|
    |select_ln47_37_reg_8628                |  32|   0|   32|          0|
    |select_ln47_38_reg_8633                |  32|   0|   32|          0|
    |select_ln47_39_reg_8827                |  32|   0|   32|          0|
    |select_ln56_reg_9018                   |  32|   0|   32|          0|
    |urem_ln56_10_reg_9345                  |   9|   0|    9|          0|
    |urem_ln56_11_reg_9350                  |   9|   0|    9|          0|
    |urem_ln56_12_reg_9375                  |   9|   0|    9|          0|
    |urem_ln56_13_reg_9380                  |   9|   0|    9|          0|
    |urem_ln56_14_reg_9405                  |   9|   0|    9|          0|
    |urem_ln56_15_reg_9410                  |   9|   0|    9|          0|
    |urem_ln56_16_reg_9435                  |   9|   0|    9|          0|
    |urem_ln56_17_reg_9440                  |   9|   0|    9|          0|
    |urem_ln56_18_reg_9465                  |   9|   0|    9|          0|
    |urem_ln56_19_reg_9470                  |   9|   0|    9|          0|
    |urem_ln56_1_reg_9200                   |   9|   0|    9|          0|
    |urem_ln56_2_reg_9225                   |   9|   0|    9|          0|
    |urem_ln56_3_reg_9230                   |   9|   0|    9|          0|
    |urem_ln56_4_reg_9255                   |   9|   0|    9|          0|
    |urem_ln56_5_reg_9260                   |   9|   0|    9|          0|
    |urem_ln56_6_reg_9285                   |   9|   0|    9|          0|
    |urem_ln56_7_reg_9290                   |   9|   0|    9|          0|
    |urem_ln56_8_reg_9315                   |   9|   0|    9|          0|
    |urem_ln56_9_reg_9320                   |   9|   0|    9|          0|
    |zext_ln28_1_reg_6950                   |   5|   0|   64|         59|
    |zext_ln35_1_reg_7487                   |   5|   0|   64|         59|
    |zext_ln44_1_reg_7950                   |   5|   0|   64|         59|
    |zext_ln44_reg_7874                     |   5|   0|   64|         59|
    |zext_ln47_reg_8032                     |   5|   0|   64|         59|
    |icmp_ln28_1_reg_6726                   |  64|  32|    1|          0|
    |icmp_ln35_1_reg_7263                   |  64|  32|    1|          0|
    |icmp_ln40_reg_7792                     |  64|  32|    1|          0|
    |icmp_ln42_reg_7806                     |  64|  32|    1|          0|
    |icmp_ln47_2_reg_7839                   |  64|  32|    1|          0|
    |icmp_ln47_reg_7767                     |  64|  32|    1|          0|
    |select_ln44_1_reg_7986                 |  64|  32|    4|          0|
    |select_ln44_2_reg_8648                 |  64|  32|    1|          0|
    |select_ln44_reg_7832                   |  64|  32|    5|          0|
    +---------------------------------------+----+----+-----+-----------+
    |Total                                  |3352| 288| 3097|        305|
    +---------------------------------------+----+----+-----+-----------+



================================================================
== Interface
================================================================
* Summary: 
+--------------+-----+-----+------------+--------------+--------------+
|   RTL Ports  | Dir | Bits|  Protocol  | Source Object|    C Type    |
+--------------+-----+-----+------------+--------------+--------------+
|ap_clk        |  in |    1| ap_ctrl_hs |  matrix_mult | return value |
|ap_rst        |  in |    1| ap_ctrl_hs |  matrix_mult | return value |
|ap_start      |  in |    1| ap_ctrl_hs |  matrix_mult | return value |
|ap_done       | out |    1| ap_ctrl_hs |  matrix_mult | return value |
|ap_idle       | out |    1| ap_ctrl_hs |  matrix_mult | return value |
|ap_ready      | out |    1| ap_ctrl_hs |  matrix_mult | return value |
|a_0_address0  | out |    8|  ap_memory |      a_0     |     array    |
|a_0_ce0       | out |    1|  ap_memory |      a_0     |     array    |
|a_0_q0        |  in |   32|  ap_memory |      a_0     |     array    |
|a_0_address1  | out |    8|  ap_memory |      a_0     |     array    |
|a_0_ce1       | out |    1|  ap_memory |      a_0     |     array    |
|a_0_q1        |  in |   32|  ap_memory |      a_0     |     array    |
|a_1_address0  | out |    8|  ap_memory |      a_1     |     array    |
|a_1_ce0       | out |    1|  ap_memory |      a_1     |     array    |
|a_1_q0        |  in |   32|  ap_memory |      a_1     |     array    |
|a_1_address1  | out |    8|  ap_memory |      a_1     |     array    |
|a_1_ce1       | out |    1|  ap_memory |      a_1     |     array    |
|a_1_q1        |  in |   32|  ap_memory |      a_1     |     array    |
|b_0_address0  | out |    8|  ap_memory |      b_0     |     array    |
|b_0_ce0       | out |    1|  ap_memory |      b_0     |     array    |
|b_0_q0        |  in |   32|  ap_memory |      b_0     |     array    |
|b_0_address1  | out |    8|  ap_memory |      b_0     |     array    |
|b_0_ce1       | out |    1|  ap_memory |      b_0     |     array    |
|b_0_q1        |  in |   32|  ap_memory |      b_0     |     array    |
|b_1_address0  | out |    8|  ap_memory |      b_1     |     array    |
|b_1_ce0       | out |    1|  ap_memory |      b_1     |     array    |
|b_1_q0        |  in |   32|  ap_memory |      b_1     |     array    |
|b_1_address1  | out |    8|  ap_memory |      b_1     |     array    |
|b_1_ce1       | out |    1|  ap_memory |      b_1     |     array    |
|b_1_q1        |  in |   32|  ap_memory |      b_1     |     array    |
|c_0_address0  | out |    8|  ap_memory |      c_0     |     array    |
|c_0_ce0       | out |    1|  ap_memory |      c_0     |     array    |
|c_0_we0       | out |    1|  ap_memory |      c_0     |     array    |
|c_0_d0        | out |   32|  ap_memory |      c_0     |     array    |
|c_0_address1  | out |    8|  ap_memory |      c_0     |     array    |
|c_0_ce1       | out |    1|  ap_memory |      c_0     |     array    |
|c_0_we1       | out |    1|  ap_memory |      c_0     |     array    |
|c_0_d1        | out |   32|  ap_memory |      c_0     |     array    |
|c_1_address0  | out |    8|  ap_memory |      c_1     |     array    |
|c_1_ce0       | out |    1|  ap_memory |      c_1     |     array    |
|c_1_we0       | out |    1|  ap_memory |      c_1     |     array    |
|c_1_d0        | out |   32|  ap_memory |      c_1     |     array    |
|c_1_address1  | out |    8|  ap_memory |      c_1     |     array    |
|c_1_ce1       | out |    1|  ap_memory |      c_1     |     array    |
|c_1_we1       | out |    1|  ap_memory |      c_1     |     array    |
|c_1_d1        | out |   32|  ap_memory |      c_1     |     array    |
+--------------+-----+-----+------------+--------------+--------------+

