

================================================================
== Vivado HLS Report for 'matrix_mult'
================================================================
* Date:           Sat Nov 25 00:18:39 2023

* Version:        2019.2.1 (Build 2724168 on Thu Dec 05 05:19:09 MST 2019)
* Project:        mm.prj
* Solution:       solution1
* Product family: zynq
* Target device:  xc7z020-clg484-1


================================================================
== Performance Estimates
================================================================
+ Timing: 
    * Summary: 
    +--------+----------+----------+------------+
    |  Clock |  Target  | Estimated| Uncertainty|
    +--------+----------+----------+------------+
    |ap_clk  | 10.00 ns | 8.742 ns |   1.25 ns  |
    +--------+----------+----------+------------+

+ Latency: 
    * Summary: 
    +---------+---------+-----------+-----------+------+------+---------+
    |  Latency (cycles) |   Latency (absolute)  |   Interval  | Pipeline|
    |   min   |   max   |    min    |    max    |  min |  max |   Type  |
    +---------+---------+-----------+-----------+------+------+---------+
    |     2612|     2612| 26.120 us | 26.120 us |  2612|  2612|   none  |
    +---------+---------+-----------+-----------+------+------+---------+

    + Detail: 
        * Instance: 
        N/A

        * Loop: 
        +----------+---------+---------+----------+-----------+-----------+------+----------+
        |          |  Latency (cycles) | Iteration|  Initiation Interval  | Trip |          |
        | Loop Name|   min   |   max   |  Latency |  achieved |   target  | Count| Pipelined|
        +----------+---------+---------+----------+-----------+-----------+------+----------+
        |- Loop 1  |      200|      200|        11|         10|          1|    20|    yes   |
        |- Loop 2  |      201|      201|        12|         10|          1|    20|    yes   |
        |- Loop 3  |     2003|     2003|         9|          5|          1|   400|    yes   |
        |- Loop 4  |      200|      200|        11|         10|          1|    20|    yes   |
        +----------+---------+---------+----------+-----------+-----------+------+----------+



================================================================
== Utilization Estimates
================================================================
* Summary: 
+-----------------+---------+-------+--------+-------+-----+
|       Name      | BRAM_18K| DSP48E|   FF   |  LUT  | URAM|
+-----------------+---------+-------+--------+-------+-----+
|DSP              |        -|      -|       -|      -|    -|
|Expression       |        -|     60|       0|  18463|    -|
|FIFO             |        -|      -|       -|      -|    -|
|Instance         |        -|      -|       -|      -|    -|
|Memory           |       26|      -|       0|      0|    0|
|Multiplexer      |        -|      -|       -|   1426|    -|
|Register         |        -|      -|    5010|      -|    -|
+-----------------+---------+-------+--------+-------+-----+
|Total            |       26|     60|    5010|  19889|    0|
+-----------------+---------+-------+--------+-------+-----+
|Available        |      280|    220|  106400|  53200|    0|
+-----------------+---------+-------+--------+-------+-----+
|Utilization (%)  |        9|     27|       4|     37|    0|
+-----------------+---------+-------+--------+-------+-----+

+ Detail: 
    * Instance: 
    N/A

    * DSP48E: 
    N/A

    * Memory: 
    +------------+----------------------+---------+---+----+-----+------+-----+------+-------------+
    |   Memory   |        Module        | BRAM_18K| FF| LUT| URAM| Words| Bits| Banks| W*Bits*Banks|
    +------------+----------------------+---------+---+----+-----+------+-----+------+-------------+
    |a_buff_0_U  |matrix_mult_a_bufbkb  |        2|  0|   0|    0|    20|   64|     1|         1280|
    |a_buff_1_U  |matrix_mult_a_bufbkb  |        2|  0|   0|    0|    20|   64|     1|         1280|
    |a_buff_2_U  |matrix_mult_a_bufbkb  |        2|  0|   0|    0|    20|   64|     1|         1280|
    |a_buff_3_U  |matrix_mult_a_bufbkb  |        2|  0|   0|    0|    20|   64|     1|         1280|
    |a_buff_4_U  |matrix_mult_a_bufbkb  |        2|  0|   0|    0|    20|   64|     1|         1280|
    |a_buff_5_U  |matrix_mult_a_bufbkb  |        2|  0|   0|    0|    20|   64|     1|         1280|
    |a_buff_6_U  |matrix_mult_a_bufbkb  |        2|  0|   0|    0|    20|   64|     1|         1280|
    |a_buff_7_U  |matrix_mult_a_bufbkb  |        2|  0|   0|    0|    20|   64|     1|         1280|
    |a_buff_8_U  |matrix_mult_a_bufbkb  |        2|  0|   0|    0|    20|   64|     1|         1280|
    |a_buff_9_U  |matrix_mult_a_bufbkb  |        2|  0|   0|    0|    20|   64|     1|         1280|
    |b_buff_U    |matrix_mult_b_buff    |        4|  0|   0|    0|   200|   64|     1|        12800|
    |c_buff_U    |matrix_mult_c_buff    |        2|  0|   0|    0|   400|   32|     1|        12800|
    +------------+----------------------+---------+---+----+-----+------+-----+------+-------------+
    |Total       |                      |       26|  0|   0|    0|   800|  736|    12|        38400|
    +------------+----------------------+---------+---+----+-----+------+-----+------+-------------+

    * FIFO: 
    N/A

    * Expression: 
    +---------------------------+----------+-------+---+-----+------------+------------+
    |       Variable Name       | Operation| DSP48E| FF| LUT | Bitwidth P0| Bitwidth P1|
    +---------------------------+----------+-------+---+-----+------------+------------+
    |mul_ln41_10_fu_4620_p2     |     *    |      3|  0|   20|          32|          32|
    |mul_ln41_11_fu_4625_p2     |     *    |      3|  0|   20|          32|          32|
    |mul_ln41_12_fu_4718_p2     |     *    |      3|  0|   20|          32|          32|
    |mul_ln41_13_fu_4666_p2     |     *    |      3|  0|   20|          32|          32|
    |mul_ln41_14_fu_4671_p2     |     *    |      3|  0|   20|          32|          32|
    |mul_ln41_15_fu_4723_p2     |     *    |      3|  0|   20|          32|          32|
    |mul_ln41_16_fu_4757_p2     |     *    |      3|  0|   20|          32|          32|
    |mul_ln41_17_fu_4762_p2     |     *    |      3|  0|   20|          32|          32|
    |mul_ln41_18_fu_4793_p2     |     *    |      3|  0|   20|          32|          32|
    |mul_ln41_19_fu_4798_p2     |     *    |      3|  0|   20|          32|          32|
    |mul_ln41_1_fu_4608_p2      |     *    |      3|  0|   20|          32|          32|
    |mul_ln41_2_fu_4702_p2      |     *    |      3|  0|   20|          32|          32|
    |mul_ln41_3_fu_4654_p2      |     *    |      3|  0|   20|          32|          32|
    |mul_ln41_4_fu_4658_p2      |     *    |      3|  0|   20|          32|          32|
    |mul_ln41_5_fu_4706_p2      |     *    |      3|  0|   20|          32|          32|
    |mul_ln41_6_fu_4741_p2      |     *    |      3|  0|   20|          32|          32|
    |mul_ln41_7_fu_4745_p2      |     *    |      3|  0|   20|          32|          32|
    |mul_ln41_8_fu_4785_p2      |     *    |      3|  0|   20|          32|          32|
    |mul_ln41_9_fu_4789_p2      |     *    |      3|  0|   20|          32|          32|
    |mul_ln41_fu_4604_p2        |     *    |      3|  0|   20|          32|          32|
    |add_ln22_10_fu_1623_p2     |     +    |      0|  0|   15|           9|           4|
    |add_ln22_11_fu_1649_p2     |     +    |      0|  0|   15|           9|           4|
    |add_ln22_12_fu_1659_p2     |     +    |      0|  0|   15|           9|           4|
    |add_ln22_13_fu_1685_p2     |     +    |      0|  0|   15|           9|           5|
    |add_ln22_14_fu_1695_p2     |     +    |      0|  0|   15|           9|           5|
    |add_ln22_15_fu_1721_p2     |     +    |      0|  0|   15|           9|           5|
    |add_ln22_16_fu_1731_p2     |     +    |      0|  0|   15|           9|           5|
    |add_ln22_1_fu_1511_p2      |     +    |      0|  0|   15|           9|           3|
    |add_ln22_2_fu_1521_p2      |     +    |      0|  0|   15|           9|           3|
    |add_ln22_3_fu_1531_p2      |     +    |      0|  0|   15|           9|           3|
    |add_ln22_4_fu_1541_p2      |     +    |      0|  0|   15|           9|           3|
    |add_ln22_5_fu_1551_p2      |     +    |      0|  0|   15|           9|           4|
    |add_ln22_6_fu_1561_p2      |     +    |      0|  0|   15|           9|           4|
    |add_ln22_7_fu_1571_p2      |     +    |      0|  0|   15|           9|           4|
    |add_ln22_8_fu_1581_p2      |     +    |      0|  0|   15|           9|           4|
    |add_ln22_9_fu_1613_p2      |     +    |      0|  0|   15|           9|           4|
    |add_ln22_fu_1469_p2        |     +    |      0|  0|   15|           9|           9|
    |add_ln29_10_fu_3631_p2     |     +    |      0|  0|   15|           9|           4|
    |add_ln29_11_fu_3753_p2     |     +    |      0|  0|   15|           9|           4|
    |add_ln29_12_fu_3763_p2     |     +    |      0|  0|   15|           9|           4|
    |add_ln29_13_fu_3885_p2     |     +    |      0|  0|   15|           9|           5|
    |add_ln29_14_fu_3895_p2     |     +    |      0|  0|   15|           9|           5|
    |add_ln29_15_fu_4023_p2     |     +    |      0|  0|   15|           9|           5|
    |add_ln29_16_fu_4033_p2     |     +    |      0|  0|   15|           9|           5|
    |add_ln29_17_fu_1806_p2     |     +    |      0|  0|   15|           5|           5|
    |add_ln29_18_fu_2979_p2     |     +    |      0|  0|   15|           9|           9|
    |add_ln29_19_fu_3245_p2     |     +    |      0|  0|   15|           9|           3|
    |add_ln29_1_fu_3093_p2      |     +    |      0|  0|   15|           9|           3|
    |add_ln29_20_fu_3255_p2     |     +    |      0|  0|   15|           9|           3|
    |add_ln29_21_fu_3377_p2     |     +    |      0|  0|   15|           9|           3|
    |add_ln29_22_fu_3387_p2     |     +    |      0|  0|   15|           9|           3|
    |add_ln29_23_fu_3509_p2     |     +    |      0|  0|   15|           9|           4|
    |add_ln29_24_fu_3519_p2     |     +    |      0|  0|   15|           9|           4|
    |add_ln29_25_fu_3641_p2     |     +    |      0|  0|   15|           9|           4|
    |add_ln29_26_fu_3651_p2     |     +    |      0|  0|   15|           9|           4|
    |add_ln29_27_fu_3773_p2     |     +    |      0|  0|   15|           9|           4|
    |add_ln29_28_fu_3783_p2     |     +    |      0|  0|   15|           9|           4|
    |add_ln29_29_fu_3911_p2     |     +    |      0|  0|   15|           9|           4|
    |add_ln29_2_fu_3103_p2      |     +    |      0|  0|   15|           9|           3|
    |add_ln29_30_fu_3921_p2     |     +    |      0|  0|   15|           9|           4|
    |add_ln29_31_fu_4043_p2     |     +    |      0|  0|   15|           9|           5|
    |add_ln29_32_fu_4053_p2     |     +    |      0|  0|   15|           9|           5|
    |add_ln29_33_fu_4175_p2     |     +    |      0|  0|   15|           9|           5|
    |add_ln29_34_fu_4185_p2     |     +    |      0|  0|   15|           9|           5|
    |add_ln29_35_fu_3905_p2     |     +    |      0|  0|   13|          11|           6|
    |add_ln29_3_fu_3225_p2      |     +    |      0|  0|   15|           9|           3|
    |add_ln29_4_fu_3235_p2      |     +    |      0|  0|   15|           9|           3|
    |add_ln29_5_fu_3357_p2      |     +    |      0|  0|   15|           9|           4|
    |add_ln29_6_fu_3367_p2      |     +    |      0|  0|   15|           9|           4|
    |add_ln29_7_fu_3489_p2      |     +    |      0|  0|   15|           9|           4|
    |add_ln29_8_fu_3499_p2      |     +    |      0|  0|   15|           9|           4|
    |add_ln29_9_fu_3621_p2      |     +    |      0|  0|   15|           9|           4|
    |add_ln29_fu_1789_p2        |     +    |      0|  0|   15|           9|           9|
    |add_ln34_fu_4339_p2        |     +    |      0|  0|   15|           9|           1|
    |add_ln41_10_fu_4732_p2     |     +    |      0|  0|   39|          32|          32|
    |add_ln41_11_fu_4776_p2     |     +    |      0|  0|   32|          32|          32|
    |add_ln41_12_fu_4780_p2     |     +    |      0|  0|   32|          32|          32|
    |add_ln41_13_fu_4807_p2     |     +    |      0|  0|   39|          32|          32|
    |add_ln41_14_fu_4830_p2     |     +    |      0|  0|   39|          32|          32|
    |add_ln41_15_fu_4834_p2     |     +    |      0|  0|   32|          32|          32|
    |add_ln41_16_fu_4839_p2     |     +    |      0|  0|   32|          32|          32|
    |add_ln41_17_fu_4886_p2     |     +    |      0|  0|   32|          32|          32|
    |add_ln41_19_fu_4396_p2     |     +    |      0|  0|   15|           5|           6|
    |add_ln41_1_fu_4728_p2      |     +    |      0|  0|   39|          32|          32|
    |add_ln41_20_fu_4583_p2     |     +    |      0|  0|   15|           6|           7|
    |add_ln41_21_fu_4410_p2     |     +    |      0|  0|   15|           6|           7|
    |add_ln41_22_fu_4421_p2     |     +    |      0|  0|   15|           7|           7|
    |add_ln41_23_fu_4593_p2     |     +    |      0|  0|   15|           7|           8|
    |add_ln41_24_fu_4630_p2     |     +    |      0|  0|   15|           7|           8|
    |add_ln41_25_fu_4640_p2     |     +    |      0|  0|   15|           8|           8|
    |add_ln41_26_fu_4692_p2     |     +    |      0|  0|   15|           8|           8|
    |add_ln41_2_fu_4767_p2      |     +    |      0|  0|   32|          32|          32|
    |add_ln41_3_fu_4771_p2      |     +    |      0|  0|   32|          32|          32|
    |add_ln41_4_fu_4803_p2      |     +    |      0|  0|   39|          32|          32|
    |add_ln41_5_fu_4811_p2      |     +    |      0|  0|   32|          32|          32|
    |add_ln41_6_fu_4815_p2      |     +    |      0|  0|   32|          32|          32|
    |add_ln41_7_fu_4820_p2      |     +    |      0|  0|   32|          32|          32|
    |add_ln41_8_fu_4825_p2      |     +    |      0|  0|   32|          32|          32|
    |add_ln41_9_fu_4680_p2      |     +    |      0|  0|   39|          32|          32|
    |add_ln41_fu_4676_p2        |     +    |      0|  0|   39|          32|          32|
    |add_ln43_1_fu_4875_p2      |     +    |      0|  0|   32|          10|          10|
    |add_ln43_fu_4866_p2        |     +    |      0|  0|   32|          10|          10|
    |add_ln51_10_fu_5228_p2     |     +    |      0|  0|   15|           9|           4|
    |add_ln51_11_fu_5258_p2     |     +    |      0|  0|   15|           9|           4|
    |add_ln51_12_fu_5268_p2     |     +    |      0|  0|   15|           9|           4|
    |add_ln51_13_fu_5298_p2     |     +    |      0|  0|   15|           9|           5|
    |add_ln51_14_fu_5308_p2     |     +    |      0|  0|   15|           9|           5|
    |add_ln51_15_fu_5318_p2     |     +    |      0|  0|   15|           9|           5|
    |add_ln51_16_fu_5328_p2     |     +    |      0|  0|   15|           9|           5|
    |add_ln51_17_fu_4932_p2     |     +    |      0|  0|   14|          10|          10|
    |add_ln51_18_fu_4998_p2     |     +    |      0|  0|   14|          10|           3|
    |add_ln51_19_fu_5008_p2     |     +    |      0|  0|   14|          10|           3|
    |add_ln51_1_fu_5058_p2      |     +    |      0|  0|   15|           9|           3|
    |add_ln51_20_fu_5038_p2     |     +    |      0|  0|   14|          10|           3|
    |add_ln51_21_fu_5048_p2     |     +    |      0|  0|   14|          10|           3|
    |add_ln51_22_fu_5078_p2     |     +    |      0|  0|   14|          10|           4|
    |add_ln51_23_fu_5088_p2     |     +    |      0|  0|   14|          10|           4|
    |add_ln51_24_fu_5118_p2     |     +    |      0|  0|   14|          10|           4|
    |add_ln51_25_fu_5128_p2     |     +    |      0|  0|   14|          10|           4|
    |add_ln51_26_fu_5158_p2     |     +    |      0|  0|   14|          10|           4|
    |add_ln51_27_fu_5168_p2     |     +    |      0|  0|   14|          10|           4|
    |add_ln51_28_fu_5198_p2     |     +    |      0|  0|   14|          10|           4|
    |add_ln51_29_fu_5208_p2     |     +    |      0|  0|   14|          10|           4|
    |add_ln51_2_fu_5068_p2      |     +    |      0|  0|   15|           9|           3|
    |add_ln51_30_fu_5238_p2     |     +    |      0|  0|   14|          10|           5|
    |add_ln51_31_fu_5248_p2     |     +    |      0|  0|   14|          10|           5|
    |add_ln51_32_fu_5278_p2     |     +    |      0|  0|   14|          10|           5|
    |add_ln51_33_fu_5288_p2     |     +    |      0|  0|   14|          10|           5|
    |add_ln51_3_fu_5098_p2      |     +    |      0|  0|   15|           9|           3|
    |add_ln51_4_fu_5108_p2      |     +    |      0|  0|   15|           9|           3|
    |add_ln51_5_fu_5138_p2      |     +    |      0|  0|   15|           9|           4|
    |add_ln51_6_fu_5148_p2      |     +    |      0|  0|   15|           9|           4|
    |add_ln51_7_fu_5178_p2      |     +    |      0|  0|   15|           9|           4|
    |add_ln51_8_fu_5188_p2      |     +    |      0|  0|   15|           9|           4|
    |add_ln51_9_fu_5218_p2      |     +    |      0|  0|   15|           9|           4|
    |add_ln51_fu_4958_p2        |     +    |      0|  0|   15|           9|           9|
    |c_buff_d0                  |     +    |      0|  0|   32|          32|          32|
    |i_1_fu_1763_p2             |     +    |      0|  0|   15|           5|           1|
    |i_2_fu_4902_p2             |     +    |      0|  0|   15|           5|           1|
    |i_fu_1443_p2               |     +    |      0|  0|   15|           5|           1|
    |m_fu_4345_p2               |     +    |      0|  0|   15|           1|           5|
    |o_fu_4736_p2               |     +    |      0|  0|   15|           1|           5|
    |and_ln29_10_fu_2217_p2     |    and   |      0|  0|   64|          64|          64|
    |and_ln29_11_fu_3301_p2     |    and   |      0|  0|   64|          64|          64|
    |and_ln29_12_fu_2273_p2     |    and   |      0|  0|   64|          64|          64|
    |and_ln29_13_fu_3412_p2     |    and   |      0|  0|   64|          64|          64|
    |and_ln29_14_fu_2329_p2     |    and   |      0|  0|   64|          64|          64|
    |and_ln29_15_fu_3433_p2     |    and   |      0|  0|   64|          64|          64|
    |and_ln29_16_fu_2391_p2     |    and   |      0|  0|   64|          64|          64|
    |and_ln29_17_fu_3544_p2     |    and   |      0|  0|   64|          64|          64|
    |and_ln29_18_fu_2453_p2     |    and   |      0|  0|   64|          64|          64|
    |and_ln29_19_fu_3565_p2     |    and   |      0|  0|   64|          64|          64|
    |and_ln29_1_fu_3016_p2      |    and   |      0|  0|   64|          64|          64|
    |and_ln29_20_fu_2577_p2     |    and   |      0|  0|   64|          64|          64|
    |and_ln29_21_fu_3676_p2     |    and   |      0|  0|   64|          64|          64|
    |and_ln29_22_fu_2631_p2     |    and   |      0|  0|   64|          64|          64|
    |and_ln29_23_fu_3697_p2     |    and   |      0|  0|   64|          64|          64|
    |and_ln29_24_fu_2685_p2     |    and   |      0|  0|   64|          64|          64|
    |and_ln29_25_fu_3808_p2     |    and   |      0|  0|   64|          64|          64|
    |and_ln29_26_fu_2739_p2     |    and   |      0|  0|   64|          64|          64|
    |and_ln29_27_fu_3829_p2     |    and   |      0|  0|   64|          64|          64|
    |and_ln29_28_fu_2793_p2     |    and   |      0|  0|   64|          64|          64|
    |and_ln29_29_fu_3946_p2     |    and   |      0|  0|   64|          64|          64|
    |and_ln29_2_fu_1993_p2      |    and   |      0|  0|   64|          64|          64|
    |and_ln29_30_fu_2847_p2     |    and   |      0|  0|   64|          64|          64|
    |and_ln29_31_fu_3967_p2     |    and   |      0|  0|   64|          64|          64|
    |and_ln29_32_fu_2901_p2     |    and   |      0|  0|   64|          64|          64|
    |and_ln29_33_fu_4078_p2     |    and   |      0|  0|   64|          64|          64|
    |and_ln29_34_fu_2955_p2     |    and   |      0|  0|   64|          64|          64|
    |and_ln29_35_fu_4099_p2     |    and   |      0|  0|   64|          64|          64|
    |and_ln29_36_fu_4251_p2     |    and   |      0|  0|   64|          64|          64|
    |and_ln29_37_fu_4257_p2     |    and   |      0|  0|   64|          64|          64|
    |and_ln29_38_fu_4320_p2     |    and   |      0|  0|   64|          64|          64|
    |and_ln29_39_fu_4326_p2     |    and   |      0|  0|   64|          64|          64|
    |and_ln29_3_fu_3037_p2      |    and   |      0|  0|   64|          64|          64|
    |and_ln29_4_fu_2049_p2      |    and   |      0|  0|   64|          64|          64|
    |and_ln29_5_fu_3148_p2      |    and   |      0|  0|   64|          64|          64|
    |and_ln29_6_fu_2105_p2      |    and   |      0|  0|   64|          64|          64|
    |and_ln29_7_fu_3169_p2      |    and   |      0|  0|   64|          64|          64|
    |and_ln29_8_fu_2161_p2      |    and   |      0|  0|   64|          64|          64|
    |and_ln29_9_fu_3280_p2      |    and   |      0|  0|   64|          64|          64|
    |and_ln29_fu_1908_p2        |    and   |      0|  0|   64|          64|          64|
    |grp_fu_1377_p2             |   icmp   |      0|  0|   11|           6|           6|
    |grp_fu_1381_p2             |   icmp   |      0|  0|   11|           6|           6|
    |grp_fu_1385_p2             |   icmp   |      0|  0|   11|           6|           6|
    |grp_fu_1389_p2             |   icmp   |      0|  0|   11|           6|           6|
    |grp_fu_1393_p2             |   icmp   |      0|  0|   11|           6|           6|
    |grp_fu_1397_p2             |   icmp   |      0|  0|   11|           6|           6|
    |grp_fu_1401_p2             |   icmp   |      0|  0|   11|           6|           6|
    |grp_fu_1405_p2             |   icmp   |      0|  0|   11|           6|           6|
    |icmp_ln19_fu_1437_p2       |   icmp   |      0|  0|   11|           5|           5|
    |icmp_ln26_fu_1757_p2       |   icmp   |      0|  0|   11|           5|           5|
    |icmp_ln29_10_fu_2397_p2    |   icmp   |      0|  0|   11|           6|           6|
    |icmp_ln29_19_fu_4105_p2    |   icmp   |      0|  0|   11|           6|           6|
    |icmp_ln29_20_fu_4140_p2    |   icmp   |      0|  0|   11|           6|           6|
    |icmp_ln29_9_fu_2335_p2     |   icmp   |      0|  0|   11|           6|           6|
    |icmp_ln29_fu_1800_p2       |   icmp   |      0|  0|   11|           5|           4|
    |icmp_ln34_fu_4333_p2       |   icmp   |      0|  0|   13|           9|           8|
    |icmp_ln36_fu_4351_p2       |   icmp   |      0|  0|   11|           5|           5|
    |icmp_ln48_fu_4896_p2       |   icmp   |      0|  0|   11|           5|           5|
    |lshr_ln29_10_fu_2571_p2    |   lshr   |      0|  0|  182|           2|          64|
    |lshr_ln29_11_fu_2625_p2    |   lshr   |      0|  0|  182|           2|          64|
    |lshr_ln29_12_fu_2679_p2    |   lshr   |      0|  0|  182|           2|          64|
    |lshr_ln29_13_fu_2733_p2    |   lshr   |      0|  0|  182|           2|          64|
    |lshr_ln29_14_fu_2787_p2    |   lshr   |      0|  0|  182|           2|          64|
    |lshr_ln29_15_fu_2841_p2    |   lshr   |      0|  0|  182|           2|          64|
    |lshr_ln29_16_fu_2895_p2    |   lshr   |      0|  0|  182|           2|          64|
    |lshr_ln29_17_fu_2949_p2    |   lshr   |      0|  0|  182|           2|          64|
    |lshr_ln29_18_fu_4245_p2    |   lshr   |      0|  0|  182|           2|          64|
    |lshr_ln29_19_fu_4314_p2    |   lshr   |      0|  0|  182|           2|          64|
    |lshr_ln29_1_fu_1987_p2     |   lshr   |      0|  0|  182|           2|          64|
    |lshr_ln29_2_fu_2043_p2     |   lshr   |      0|  0|  182|           2|          64|
    |lshr_ln29_3_fu_2099_p2     |   lshr   |      0|  0|  182|           2|          64|
    |lshr_ln29_4_fu_2155_p2     |   lshr   |      0|  0|  182|           2|          64|
    |lshr_ln29_5_fu_2211_p2     |   lshr   |      0|  0|  182|           2|          64|
    |lshr_ln29_6_fu_2267_p2     |   lshr   |      0|  0|  182|           2|          64|
    |lshr_ln29_7_fu_2323_p2     |   lshr   |      0|  0|  182|           2|          64|
    |lshr_ln29_8_fu_2385_p2     |   lshr   |      0|  0|  182|           2|          64|
    |lshr_ln29_9_fu_2447_p2     |   lshr   |      0|  0|  182|           2|          64|
    |lshr_ln29_fu_1902_p2       |   lshr   |      0|  0|  182|           2|          64|
    |empty_10_fu_1844_p2        |    or    |      0|  0|    6|           6|           5|
    |or_ln22_1_fu_1491_p2       |    or    |      0|  0|    9|           2|           9|
    |or_ln22_2_fu_1501_p2       |    or    |      0|  0|    9|           2|           9|
    |or_ln22_fu_1480_p2         |    or    |      0|  0|    9|           1|           9|
    |or_ln29_1_fu_2509_p2       |    or    |      0|  0|    9|           2|           9|
    |or_ln29_2_fu_2519_p2       |    or    |      0|  0|    9|           2|           9|
    |or_ln29_3_fu_2990_p2       |    or    |      0|  0|    9|           1|           9|
    |or_ln29_4_fu_3113_p2       |    or    |      0|  0|    9|           2|           9|
    |or_ln29_5_fu_3123_p2       |    or    |      0|  0|    9|           2|           9|
    |or_ln29_fu_1932_p2         |    or    |      0|  0|    9|           1|           9|
    |or_ln51_1_fu_5018_p2       |    or    |      0|  0|    9|           2|           9|
    |or_ln51_2_fu_5028_p2       |    or    |      0|  0|    9|           2|           9|
    |or_ln51_3_fu_4943_p2       |    or    |      0|  0|   10|           1|          10|
    |or_ln51_4_fu_4964_p2       |    or    |      0|  0|   10|           2|          10|
    |or_ln51_5_fu_4974_p2       |    or    |      0|  0|   10|           2|          10|
    |or_ln51_fu_4988_p2         |    or    |      0|  0|    9|           1|           9|
    |select_ln29_10_fu_2015_p3  |  select  |      0|  0|    7|           1|           7|
    |select_ln29_11_fu_3052_p3  |  select  |      0|  0|    7|           1|           7|
    |select_ln29_12_fu_3142_p3  |  select  |      0|  0|   64|           1|          64|
    |select_ln29_13_fu_2063_p3  |  select  |      0|  0|    7|           1|           7|
    |select_ln29_14_fu_2071_p3  |  select  |      0|  0|    7|           1|           7|
    |select_ln29_15_fu_3077_p3  |  select  |      0|  0|    7|           1|           7|
    |select_ln29_16_fu_3163_p3  |  select  |      0|  0|   64|           1|          64|
    |select_ln29_17_fu_2119_p3  |  select  |      0|  0|    7|           1|           7|
    |select_ln29_18_fu_2127_p3  |  select  |      0|  0|    7|           1|           7|
    |select_ln29_19_fu_3184_p3  |  select  |      0|  0|    7|           1|           7|
    |select_ln29_1_fu_1866_p3   |  select  |      0|  0|    7|           1|           7|
    |select_ln29_20_fu_3274_p3  |  select  |      0|  0|   64|           1|          64|
    |select_ln29_21_fu_2175_p3  |  select  |      0|  0|    7|           1|           7|
    |select_ln29_22_fu_2183_p3  |  select  |      0|  0|    7|           1|           7|
    |select_ln29_23_fu_3209_p3  |  select  |      0|  0|    7|           1|           7|
    |select_ln29_24_fu_3295_p3  |  select  |      0|  0|   64|           1|          64|
    |select_ln29_25_fu_2231_p3  |  select  |      0|  0|    7|           1|           7|
    |select_ln29_26_fu_2239_p3  |  select  |      0|  0|    7|           1|           7|
    |select_ln29_27_fu_3316_p3  |  select  |      0|  0|    7|           1|           7|
    |select_ln29_28_fu_3406_p3  |  select  |      0|  0|   64|           1|          64|
    |select_ln29_29_fu_2287_p3  |  select  |      0|  0|    7|           1|           7|
    |select_ln29_2_fu_1874_p3   |  select  |      0|  0|    7|           1|           7|
    |select_ln29_30_fu_2295_p3  |  select  |      0|  0|    7|           1|           7|
    |select_ln29_31_fu_3341_p3  |  select  |      0|  0|    7|           1|           7|
    |select_ln29_32_fu_3427_p3  |  select  |      0|  0|   64|           1|          64|
    |select_ln29_33_fu_2349_p3  |  select  |      0|  0|    7|           1|           7|
    |select_ln29_34_fu_2357_p3  |  select  |      0|  0|    7|           1|           7|
    |select_ln29_35_fu_3448_p3  |  select  |      0|  0|    7|           1|           7|
    |select_ln29_36_fu_3538_p3  |  select  |      0|  0|   64|           1|          64|
    |select_ln29_37_fu_2411_p3  |  select  |      0|  0|    7|           1|           7|
    |select_ln29_38_fu_2419_p3  |  select  |      0|  0|    7|           1|           7|
    |select_ln29_39_fu_3473_p3  |  select  |      0|  0|    7|           1|           7|
    |select_ln29_3_fu_2468_p3   |  select  |      0|  0|    7|           1|           7|
    |select_ln29_40_fu_3559_p3  |  select  |      0|  0|   64|           1|          64|
    |select_ln29_41_fu_2535_p3  |  select  |      0|  0|    7|           1|           7|
    |select_ln29_42_fu_2543_p3  |  select  |      0|  0|    7|           1|           7|
    |select_ln29_43_fu_3580_p3  |  select  |      0|  0|    7|           1|           7|
    |select_ln29_44_fu_3670_p3  |  select  |      0|  0|   64|           1|          64|
    |select_ln29_45_fu_2589_p3  |  select  |      0|  0|    7|           1|           7|
    |select_ln29_46_fu_2597_p3  |  select  |      0|  0|    7|           1|           7|
    |select_ln29_47_fu_3605_p3  |  select  |      0|  0|    7|           1|           7|
    |select_ln29_48_fu_3691_p3  |  select  |      0|  0|   64|           1|          64|
    |select_ln29_49_fu_2643_p3  |  select  |      0|  0|    7|           1|           7|
    |select_ln29_4_fu_3010_p3   |  select  |      0|  0|   64|           1|          64|
    |select_ln29_50_fu_2651_p3  |  select  |      0|  0|    7|           1|           7|
    |select_ln29_51_fu_3712_p3  |  select  |      0|  0|    7|           1|           7|
    |select_ln29_52_fu_3802_p3  |  select  |      0|  0|   64|           1|          64|
    |select_ln29_53_fu_2697_p3  |  select  |      0|  0|    7|           1|           7|
    |select_ln29_54_fu_2705_p3  |  select  |      0|  0|    7|           1|           7|
    |select_ln29_55_fu_3737_p3  |  select  |      0|  0|    7|           1|           7|
    |select_ln29_56_fu_3823_p3  |  select  |      0|  0|   64|           1|          64|
    |select_ln29_57_fu_2751_p3  |  select  |      0|  0|    7|           1|           7|
    |select_ln29_58_fu_2759_p3  |  select  |      0|  0|    7|           1|           7|
    |select_ln29_59_fu_3844_p3  |  select  |      0|  0|    7|           1|           7|
    |select_ln29_5_fu_1951_p3   |  select  |      0|  0|    7|           1|           7|
    |select_ln29_60_fu_3940_p3  |  select  |      0|  0|   64|           1|          64|
    |select_ln29_61_fu_2805_p3  |  select  |      0|  0|    7|           1|           7|
    |select_ln29_62_fu_2813_p3  |  select  |      0|  0|    7|           1|           7|
    |select_ln29_63_fu_3869_p3  |  select  |      0|  0|    7|           1|           7|
    |select_ln29_64_fu_3961_p3  |  select  |      0|  0|   64|           1|          64|
    |select_ln29_65_fu_2859_p3  |  select  |      0|  0|    7|           1|           7|
    |select_ln29_66_fu_2867_p3  |  select  |      0|  0|    7|           1|           7|
    |select_ln29_67_fu_3982_p3  |  select  |      0|  0|    7|           1|           7|
    |select_ln29_68_fu_4072_p3  |  select  |      0|  0|   64|           1|          64|
    |select_ln29_69_fu_2913_p3  |  select  |      0|  0|    7|           1|           7|
    |select_ln29_6_fu_1959_p3   |  select  |      0|  0|    7|           1|           7|
    |select_ln29_70_fu_2921_p3  |  select  |      0|  0|    7|           1|           7|
    |select_ln29_71_fu_4007_p3  |  select  |      0|  0|    7|           1|           7|
    |select_ln29_72_fu_4093_p3  |  select  |      0|  0|   64|           1|          64|
    |select_ln29_73_fu_4198_p3  |  select  |      0|  0|    7|           1|           7|
    |select_ln29_74_fu_4204_p3  |  select  |      0|  0|    7|           1|           7|
    |select_ln29_75_fu_4122_p3  |  select  |      0|  0|    7|           1|           7|
    |select_ln29_76_fu_4233_p3  |  select  |      0|  0|   64|           1|          64|
    |select_ln29_77_fu_4267_p3  |  select  |      0|  0|    7|           1|           7|
    |select_ln29_78_fu_4273_p3  |  select  |      0|  0|    7|           1|           7|
    |select_ln29_79_fu_4157_p3  |  select  |      0|  0|    7|           1|           7|
    |select_ln29_7_fu_2493_p3   |  select  |      0|  0|    7|           1|           7|
    |select_ln29_80_fu_4302_p3  |  select  |      0|  0|   64|           1|          64|
    |select_ln29_8_fu_3031_p3   |  select  |      0|  0|   64|           1|          64|
    |select_ln29_9_fu_2007_p3   |  select  |      0|  0|    7|           1|           7|
    |select_ln29_fu_1812_p3     |  select  |      0|  0|    5|           1|           5|
    |select_ln41_2_fu_4365_p3   |  select  |      0|  0|    5|           1|           5|
    |select_ln41_fu_4357_p3     |  select  |      0|  0|    5|           1|           1|
    |shl_ln29_10_fu_2093_p2     |    shl   |      0|  0|  182|           2|          64|
    |shl_ln29_11_fu_3194_p2     |    shl   |      0|  0|  182|          64|          64|
    |shl_ln29_12_fu_2149_p2     |    shl   |      0|  0|  182|           2|          64|
    |shl_ln29_13_fu_3219_p2     |    shl   |      0|  0|  182|          64|          64|
    |shl_ln29_14_fu_2205_p2     |    shl   |      0|  0|  182|           2|          64|
    |shl_ln29_15_fu_3326_p2     |    shl   |      0|  0|  182|          64|          64|
    |shl_ln29_16_fu_2261_p2     |    shl   |      0|  0|  182|           2|          64|
    |shl_ln29_17_fu_3351_p2     |    shl   |      0|  0|  182|          64|          64|
    |shl_ln29_18_fu_2317_p2     |    shl   |      0|  0|  182|           2|          64|
    |shl_ln29_19_fu_3458_p2     |    shl   |      0|  0|  182|          64|          64|
    |shl_ln29_20_fu_2379_p2     |    shl   |      0|  0|  182|           2|          64|
    |shl_ln29_21_fu_3483_p2     |    shl   |      0|  0|  182|          64|          64|
    |shl_ln29_22_fu_2441_p2     |    shl   |      0|  0|  182|           2|          64|
    |shl_ln29_23_fu_3590_p2     |    shl   |      0|  0|  182|          64|          64|
    |shl_ln29_24_fu_2565_p2     |    shl   |      0|  0|  182|           2|          64|
    |shl_ln29_25_fu_3615_p2     |    shl   |      0|  0|  182|          64|          64|
    |shl_ln29_26_fu_2619_p2     |    shl   |      0|  0|  182|           2|          64|
    |shl_ln29_27_fu_3722_p2     |    shl   |      0|  0|  182|          64|          64|
    |shl_ln29_28_fu_2673_p2     |    shl   |      0|  0|  182|           2|          64|
    |shl_ln29_29_fu_3747_p2     |    shl   |      0|  0|  182|          64|          64|
    |shl_ln29_30_fu_2727_p2     |    shl   |      0|  0|  182|           2|          64|
    |shl_ln29_31_fu_3854_p2     |    shl   |      0|  0|  182|          64|          64|
    |shl_ln29_32_fu_2781_p2     |    shl   |      0|  0|  182|           2|          64|
    |shl_ln29_33_fu_3879_p2     |    shl   |      0|  0|  182|          64|          64|
    |shl_ln29_34_fu_2835_p2     |    shl   |      0|  0|  182|           2|          64|
    |shl_ln29_35_fu_3992_p2     |    shl   |      0|  0|  182|          64|          64|
    |shl_ln29_36_fu_2889_p2     |    shl   |      0|  0|  182|           2|          64|
    |shl_ln29_37_fu_4017_p2     |    shl   |      0|  0|  182|          64|          64|
    |shl_ln29_38_fu_2943_p2     |    shl   |      0|  0|  182|           2|          64|
    |shl_ln29_39_fu_4134_p2     |    shl   |      0|  0|  182|          64|          64|
    |shl_ln29_3_fu_1896_p2      |    shl   |      0|  0|  182|           2|          64|
    |shl_ln29_40_fu_4239_p2     |    shl   |      0|  0|  182|           2|          64|
    |shl_ln29_41_fu_4169_p2     |    shl   |      0|  0|  182|          64|          64|
    |shl_ln29_42_fu_4308_p2     |    shl   |      0|  0|  182|           2|          64|
    |shl_ln29_4_fu_1926_p2      |    shl   |      0|  0|   19|           4|           8|
    |shl_ln29_5_fu_2503_p2      |    shl   |      0|  0|  182|          64|          64|
    |shl_ln29_6_fu_1981_p2      |    shl   |      0|  0|  182|           2|          64|
    |shl_ln29_7_fu_3062_p2      |    shl   |      0|  0|  182|          64|          64|
    |shl_ln29_8_fu_2037_p2      |    shl   |      0|  0|  182|           2|          64|
    |shl_ln29_9_fu_3087_p2      |    shl   |      0|  0|  182|          64|          64|
    |shl_ln29_fu_2478_p2        |    shl   |      0|  0|  182|          64|          64|
    |ap_enable_pp0              |    xor   |      0|  0|    2|           1|           2|
    |ap_enable_pp1              |    xor   |      0|  0|    2|           1|           2|
    |ap_enable_pp2              |    xor   |      0|  0|    2|           1|           2|
    |ap_enable_pp3              |    xor   |      0|  0|    2|           1|           2|
    |xor_ln29_10_fu_3204_p2     |    xor   |      0|  0|    7|           7|           6|
    |xor_ln29_11_fu_2191_p2     |    xor   |      0|  0|    7|           7|           6|
    |xor_ln29_12_fu_3311_p2     |    xor   |      0|  0|    7|           7|           6|
    |xor_ln29_13_fu_2247_p2     |    xor   |      0|  0|    7|           7|           6|
    |xor_ln29_14_fu_3336_p2     |    xor   |      0|  0|    7|           7|           6|
    |xor_ln29_15_fu_2303_p2     |    xor   |      0|  0|    7|           7|           6|
    |xor_ln29_16_fu_3443_p2     |    xor   |      0|  0|    7|           7|           6|
    |xor_ln29_17_fu_2365_p2     |    xor   |      0|  0|    7|           7|           6|
    |xor_ln29_18_fu_3468_p2     |    xor   |      0|  0|    7|           7|           6|
    |xor_ln29_19_fu_2427_p2     |    xor   |      0|  0|    7|           7|           6|
    |xor_ln29_1_fu_1882_p2      |    xor   |      0|  0|    7|           7|           6|
    |xor_ln29_20_fu_3575_p2     |    xor   |      0|  0|    7|           7|           6|
    |xor_ln29_21_fu_2551_p2     |    xor   |      0|  0|    7|           7|           6|
    |xor_ln29_22_fu_3600_p2     |    xor   |      0|  0|    7|           7|           6|
    |xor_ln29_23_fu_2605_p2     |    xor   |      0|  0|    7|           7|           6|
    |xor_ln29_24_fu_3707_p2     |    xor   |      0|  0|    7|           7|           6|
    |xor_ln29_25_fu_2659_p2     |    xor   |      0|  0|    7|           7|           6|
    |xor_ln29_26_fu_3732_p2     |    xor   |      0|  0|    7|           7|           6|
    |xor_ln29_27_fu_2713_p2     |    xor   |      0|  0|    7|           7|           6|
    |xor_ln29_28_fu_3839_p2     |    xor   |      0|  0|    7|           7|           6|
    |xor_ln29_29_fu_2767_p2     |    xor   |      0|  0|    7|           7|           6|
    |xor_ln29_2_fu_2488_p2      |    xor   |      0|  0|    7|           7|           6|
    |xor_ln29_30_fu_3864_p2     |    xor   |      0|  0|    7|           7|           6|
    |xor_ln29_31_fu_2821_p2     |    xor   |      0|  0|    7|           7|           6|
    |xor_ln29_32_fu_3977_p2     |    xor   |      0|  0|    7|           7|           6|
    |xor_ln29_33_fu_2875_p2     |    xor   |      0|  0|    7|           7|           6|
    |xor_ln29_34_fu_4002_p2     |    xor   |      0|  0|    7|           7|           6|
    |xor_ln29_35_fu_2929_p2     |    xor   |      0|  0|    7|           7|           6|
    |xor_ln29_36_fu_4116_p2     |    xor   |      0|  0|    7|           7|           6|
    |xor_ln29_37_fu_4210_p2     |    xor   |      0|  0|    7|           7|           6|
    |xor_ln29_38_fu_4151_p2     |    xor   |      0|  0|    7|           7|           6|
    |xor_ln29_39_fu_4279_p2     |    xor   |      0|  0|    7|           7|           6|
    |xor_ln29_3_fu_1967_p2      |    xor   |      0|  0|    7|           7|           6|
    |xor_ln29_4_fu_3047_p2      |    xor   |      0|  0|    7|           7|           6|
    |xor_ln29_5_fu_2023_p2      |    xor   |      0|  0|    7|           7|           6|
    |xor_ln29_6_fu_3072_p2      |    xor   |      0|  0|    7|           7|           6|
    |xor_ln29_7_fu_2079_p2      |    xor   |      0|  0|    7|           7|           6|
    |xor_ln29_8_fu_3179_p2      |    xor   |      0|  0|    7|           7|           6|
    |xor_ln29_9_fu_2135_p2      |    xor   |      0|  0|    7|           7|           6|
    |xor_ln29_fu_2463_p2        |    xor   |      0|  0|    7|           7|           6|
    +---------------------------+----------+-------+---+-----+------------+------------+
    |Total                      |          |     60|  0|18463|        6574|       10332|
    +---------------------------+----------+-------+---+-----+------------+------------+

    * Multiplexer: 
    +------------------------------------------+-----+-----------+-----+-----------+
    |                   Name                   | LUT | Input Size| Bits| Total Bits|
    +------------------------------------------+-----+-----------+-----+-----------+
    |a_address0                                |   50|         11|    9|         99|
    |a_address1                                |   50|         11|    9|         99|
    |a_buff_0_address0                         |   15|          3|    5|         15|
    |a_buff_1_address0                         |   15|          3|    5|         15|
    |a_buff_2_address0                         |   15|          3|    5|         15|
    |a_buff_3_address0                         |   15|          3|    5|         15|
    |a_buff_4_address0                         |   15|          3|    5|         15|
    |a_buff_5_address0                         |   15|          3|    5|         15|
    |a_buff_6_address0                         |   15|          3|    5|         15|
    |a_buff_7_address0                         |   15|          3|    5|         15|
    |a_buff_8_address0                         |   15|          3|    5|         15|
    |a_buff_9_address0                         |   15|          3|    5|         15|
    |ap_NS_fsm                                 |  181|         41|    1|         41|
    |ap_enable_reg_pp0_iter1                   |    9|          2|    1|          2|
    |ap_enable_reg_pp1_iter1                   |    9|          2|    1|          2|
    |ap_enable_reg_pp2_iter1                   |    9|          2|    1|          2|
    |ap_enable_reg_pp3_iter1                   |    9|          2|    1|          2|
    |ap_phi_mux_i1_0_phi_fu_1314_p4            |    9|          2|    5|         10|
    |ap_phi_mux_i3_0_phi_fu_1370_p4            |    9|          2|    5|         10|
    |ap_phi_mux_i_0_phi_fu_1302_p4             |    9|          2|    5|         10|
    |ap_phi_mux_indvar_flatten_phi_fu_1337_p4  |    9|          2|    9|         18|
    |ap_phi_mux_m_0_phi_fu_1348_p4             |    9|          2|    5|         10|
    |ap_phi_mux_o_0_phi_fu_1359_p4             |    9|          2|    5|         10|
    |ap_phi_mux_phi_mul_phi_fu_1325_p4         |    9|          2|   11|         22|
    |b_address0                                |   50|         11|    9|         99|
    |b_address1                                |   50|         11|    9|         99|
    |b_buff_address0                           |   65|         16|    8|        128|
    |b_buff_address1                           |   65|         16|    8|        128|
    |b_buff_d0                                 |   50|         11|   64|        704|
    |b_buff_d1                                 |   50|         11|   64|        704|
    |b_buff_we0                                |   15|          3|    8|         24|
    |b_buff_we1                                |   15|          3|    8|         24|
    |c_address0                                |   50|         11|    9|         99|
    |c_address1                                |   50|         11|    9|         99|
    |c_buff_address0                           |   53|         12|    9|        108|
    |c_buff_address1                           |   50|         11|    9|         99|
    |c_d0                                      |   15|          3|   32|         96|
    |c_d1                                      |   15|          3|   32|         96|
    |grp_fu_1377_p0                            |   15|          3|    6|         18|
    |grp_fu_1377_p1                            |   15|          3|    6|         18|
    |grp_fu_1381_p0                            |   15|          3|    6|         18|
    |grp_fu_1381_p1                            |   15|          3|    6|         18|
    |grp_fu_1385_p0                            |   15|          3|    6|         18|
    |grp_fu_1385_p1                            |   15|          3|    6|         18|
    |grp_fu_1389_p0                            |   15|          3|    6|         18|
    |grp_fu_1389_p1                            |   15|          3|    6|         18|
    |grp_fu_1393_p0                            |   15|          3|    6|         18|
    |grp_fu_1393_p1                            |   15|          3|    6|         18|
    |grp_fu_1397_p0                            |   15|          3|    6|         18|
    |grp_fu_1397_p1                            |   15|          3|    6|         18|
    |grp_fu_1401_p0                            |   15|          3|    6|         18|
    |grp_fu_1401_p1                            |   15|          3|    6|         18|
    |grp_fu_1405_p0                            |   15|          3|    6|         18|
    |grp_fu_1405_p1                            |   15|          3|    6|         18|
    |i1_0_reg_1310                             |    9|          2|    5|         10|
    |i3_0_reg_1366                             |    9|          2|    5|         10|
    |i_0_reg_1298                              |    9|          2|    5|         10|
    |indvar_flatten_reg_1333                   |    9|          2|    9|         18|
    |m_0_reg_1344                              |    9|          2|    5|         10|
    |o_0_reg_1355                              |    9|          2|    5|         10|
    |phi_mul_reg_1321                          |    9|          2|   11|         22|
    +------------------------------------------+-----+-----------+-----+-----------+
    |Total                                     | 1426|        310|  537|       3372|
    +------------------------------------------+-----+-----------+-----+-----------+

    * Register: 
    +--------------------------------------+----+----+-----+-----------+
    |                 Name                 | FF | LUT| Bits| Const Bits|
    +--------------------------------------+----+----+-----+-----------+
    |a_load_1_reg_5384                     |  32|   0|   32|          0|
    |a_load_2_reg_5399                     |  32|   0|   32|          0|
    |a_load_3_reg_5404                     |  32|   0|   32|          0|
    |a_load_4_reg_5419                     |  32|   0|   32|          0|
    |a_load_5_reg_5424                     |  32|   0|   32|          0|
    |a_load_6_reg_5439                     |  32|   0|   32|          0|
    |a_load_7_reg_5444                     |  32|   0|   32|          0|
    |a_load_8_reg_5459                     |  32|   0|   32|          0|
    |a_load_9_reg_5464                     |  32|   0|   32|          0|
    |a_load_reg_5379                       |  32|   0|   32|          0|
    |add_ln22_reg_5347                     |   7|   0|    9|          2|
    |add_ln29_18_reg_5960                  |   7|   0|    9|          2|
    |add_ln29_35_reg_6136                  |  11|   0|   11|          0|
    |add_ln29_reg_5540                     |   7|   0|    9|          2|
    |add_ln34_reg_6205                     |   9|   0|    9|          0|
    |add_ln41_10_reg_6553                  |  32|   0|   32|          0|
    |add_ln41_12_reg_6598                  |  32|   0|   32|          0|
    |add_ln41_13_reg_6628                  |  32|   0|   32|          0|
    |add_ln41_16_reg_6638                  |  32|   0|   32|          0|
    |add_ln41_1_reg_6548                   |  32|   0|   32|          0|
    |add_ln41_3_reg_6593                   |  32|   0|   32|          0|
    |add_ln41_4_reg_6623                   |  32|   0|   32|          0|
    |add_ln41_8_reg_6633                   |  32|   0|   32|          0|
    |add_ln41_9_reg_6503                   |  32|   0|   32|          0|
    |add_ln41_reg_6498                     |  32|   0|   32|          0|
    |add_ln51_17_reg_6652                  |   8|   0|   10|          2|
    |add_ln51_reg_6684                     |   7|   0|    9|          2|
    |and_ln29_10_reg_5729                  |  64|   0|   64|          0|
    |and_ln29_12_reg_5746                  |  64|   0|   64|          0|
    |and_ln29_14_reg_5763                  |  64|   0|   64|          0|
    |and_ln29_16_reg_5780                  |  64|   0|   64|          0|
    |and_ln29_18_reg_5797                  |  64|   0|   64|          0|
    |and_ln29_20_reg_5836                  |  64|   0|   64|          0|
    |and_ln29_22_reg_5853                  |  64|   0|   64|          0|
    |and_ln29_24_reg_5870                  |  64|   0|   64|          0|
    |and_ln29_26_reg_5887                  |  64|   0|   64|          0|
    |and_ln29_28_reg_5904                  |  64|   0|   64|          0|
    |and_ln29_2_reg_5661                   |  64|   0|   64|          0|
    |and_ln29_30_reg_5921                  |  64|   0|   64|          0|
    |and_ln29_32_reg_5938                  |  64|   0|   64|          0|
    |and_ln29_34_reg_5955                  |  64|   0|   64|          0|
    |and_ln29_4_reg_5678                   |  64|   0|   64|          0|
    |and_ln29_6_reg_5695                   |  64|   0|   64|          0|
    |and_ln29_8_reg_5712                   |  64|   0|   64|          0|
    |and_ln29_reg_5633                     |  64|   0|   64|          0|
    |ap_CS_fsm                             |  40|   0|   40|          0|
    |ap_enable_reg_pp0_iter0               |   1|   0|    1|          0|
    |ap_enable_reg_pp0_iter1               |   1|   0|    1|          0|
    |ap_enable_reg_pp1_iter0               |   1|   0|    1|          0|
    |ap_enable_reg_pp1_iter1               |   1|   0|    1|          0|
    |ap_enable_reg_pp2_iter0               |   1|   0|    1|          0|
    |ap_enable_reg_pp2_iter1               |   1|   0|    1|          0|
    |ap_enable_reg_pp3_iter0               |   1|   0|    1|          0|
    |ap_enable_reg_pp3_iter1               |   1|   0|    1|          0|
    |empty_10_reg_5597                     |   1|   0|    6|          5|
    |empty_10_reg_5597_pp1_iter1_reg       |   1|   0|    6|          5|
    |i1_0_reg_1310                         |   5|   0|    5|          0|
    |i3_0_reg_1366                         |   5|   0|    5|          0|
    |i_0_reg_1298                          |   5|   0|    5|          0|
    |i_1_reg_5535                          |   5|   0|    5|          0|
    |i_2_reg_6647                          |   5|   0|    5|          0|
    |i_reg_5342                            |   5|   0|    5|          0|
    |icmp_ln19_reg_5338                    |   1|   0|    1|          0|
    |icmp_ln26_reg_5531                    |   1|   0|    1|          0|
    |icmp_ln26_reg_5531_pp1_iter1_reg      |   1|   0|    1|          0|
    |icmp_ln29_10_reg_5785                 |   1|   0|    1|          0|
    |icmp_ln29_11_reg_5824                 |   1|   0|    1|          0|
    |icmp_ln29_12_reg_5841                 |   1|   0|    1|          0|
    |icmp_ln29_13_reg_5858                 |   1|   0|    1|          0|
    |icmp_ln29_14_reg_5875                 |   1|   0|    1|          0|
    |icmp_ln29_15_reg_5892                 |   1|   0|    1|          0|
    |icmp_ln29_16_reg_5909                 |   1|   0|    1|          0|
    |icmp_ln29_17_reg_5926                 |   1|   0|    1|          0|
    |icmp_ln29_18_reg_5943                 |   1|   0|    1|          0|
    |icmp_ln29_19_reg_6163                 |   1|   0|    1|          0|
    |icmp_ln29_1_reg_5621                  |   1|   0|    1|          0|
    |icmp_ln29_20_reg_6182                 |   1|   0|    1|          0|
    |icmp_ln29_2_reg_5649                  |   1|   0|    1|          0|
    |icmp_ln29_3_reg_5666                  |   1|   0|    1|          0|
    |icmp_ln29_4_reg_5683                  |   1|   0|    1|          0|
    |icmp_ln29_5_reg_5700                  |   1|   0|    1|          0|
    |icmp_ln29_6_reg_5717                  |   1|   0|    1|          0|
    |icmp_ln29_7_reg_5734                  |   1|   0|    1|          0|
    |icmp_ln29_8_reg_5751                  |   1|   0|    1|          0|
    |icmp_ln29_9_reg_5768                  |   1|   0|    1|          0|
    |icmp_ln34_reg_6201                    |   1|   0|    1|          0|
    |icmp_ln34_reg_6201_pp2_iter1_reg      |   1|   0|    1|          0|
    |icmp_ln48_reg_6643                    |   1|   0|    1|          0|
    |indvar_flatten_reg_1333               |   9|   0|    9|          0|
    |m_0_reg_1344                          |   5|   0|    5|          0|
    |mul_ln41_10_reg_6448                  |  32|   0|   32|          0|
    |mul_ln41_11_reg_6453                  |  32|   0|   32|          0|
    |mul_ln41_12_reg_6538                  |  32|   0|   32|          0|
    |mul_ln41_13_reg_6488                  |  32|   0|   32|          0|
    |mul_ln41_14_reg_6493                  |  32|   0|   32|          0|
    |mul_ln41_15_reg_6543                  |  32|   0|   32|          0|
    |mul_ln41_16_reg_6583                  |  32|   0|   32|          0|
    |mul_ln41_17_reg_6588                  |  32|   0|   32|          0|
    |mul_ln41_18_reg_6613                  |  32|   0|   32|          0|
    |mul_ln41_19_reg_6618                  |  32|   0|   32|          0|
    |mul_ln41_1_reg_6433                   |  32|   0|   32|          0|
    |mul_ln41_2_reg_6518                   |  32|   0|   32|          0|
    |mul_ln41_3_reg_6473                   |  32|   0|   32|          0|
    |mul_ln41_4_reg_6478                   |  32|   0|   32|          0|
    |mul_ln41_5_reg_6523                   |  32|   0|   32|          0|
    |mul_ln41_6_reg_6563                   |  32|   0|   32|          0|
    |mul_ln41_7_reg_6568                   |  32|   0|   32|          0|
    |mul_ln41_8_reg_6603                   |  32|   0|   32|          0|
    |mul_ln41_9_reg_6608                   |  32|   0|   32|          0|
    |mul_ln41_reg_6428                     |  32|   0|   32|          0|
    |o_0_reg_1355                          |   5|   0|    5|          0|
    |o_reg_6558                            |   5|   0|    5|          0|
    |phi_mul_reg_1321                      |  11|   0|   11|          0|
    |reg_1429                              |  32|   0|   32|          0|
    |reg_1433                              |  32|   0|   32|          0|
    |select_ln29_reg_5567                  |   5|   0|    5|          0|
    |select_ln41_2_reg_6219                |   5|   0|    5|          0|
    |select_ln41_2_reg_6219_pp2_iter1_reg  |   5|   0|    5|          0|
    |select_ln41_reg_6210                  |   5|   0|    5|          0|
    |select_ln41_reg_6210_pp2_iter1_reg    |   5|   0|    5|          0|
    |shl_ln29_11_reg_6004                  |  64|   0|   64|          0|
    |shl_ln29_13_reg_6010                  |  64|   0|   64|          0|
    |shl_ln29_15_reg_6026                  |  64|   0|   64|          0|
    |shl_ln29_17_reg_6032                  |  64|   0|   64|          0|
    |shl_ln29_19_reg_6048                  |  64|   0|   64|          0|
    |shl_ln29_21_reg_6054                  |  64|   0|   64|          0|
    |shl_ln29_23_reg_6070                  |  64|   0|   64|          0|
    |shl_ln29_25_reg_6076                  |  64|   0|   64|          0|
    |shl_ln29_27_reg_6092                  |  64|   0|   64|          0|
    |shl_ln29_29_reg_6098                  |  64|   0|   64|          0|
    |shl_ln29_2_reg_5573                   |   1|   0|    6|          5|
    |shl_ln29_31_reg_6114                  |  64|   0|   64|          0|
    |shl_ln29_33_reg_6120                  |  64|   0|   64|          0|
    |shl_ln29_35_reg_6141                  |  64|   0|   64|          0|
    |shl_ln29_37_reg_6147                  |  64|   0|   64|          0|
    |shl_ln29_39_reg_6176                  |  64|   0|   64|          0|
    |shl_ln29_41_reg_6195                  |  64|   0|   64|          0|
    |shl_ln29_4_reg_5638                   |   8|   0|    8|          0|
    |shl_ln29_4_reg_5638_pp1_iter1_reg     |   8|   0|    8|          0|
    |shl_ln29_5_reg_5808                   |  64|   0|   64|          0|
    |shl_ln29_7_reg_5982                   |  64|   0|   64|          0|
    |shl_ln29_9_reg_5988                   |  64|   0|   64|          0|
    |shl_ln29_reg_5802                     |  64|   0|   64|          0|
    |tmp_40_reg_6361                       |  32|   0|   32|          0|
    |tmp_42_reg_6366                       |  32|   0|   32|          0|
    |tmp_44_reg_6371                       |  32|   0|   32|          0|
    |tmp_46_reg_6376                       |  32|   0|   32|          0|
    |tmp_48_reg_6381                       |  32|   0|   32|          0|
    |tmp_50_reg_6386                       |  32|   0|   32|          0|
    |tmp_52_reg_6391                       |  32|   0|   32|          0|
    |tmp_54_reg_6396                       |  32|   0|   32|          0|
    |tmp_56_reg_6401                       |  32|   0|   32|          0|
    |tmp_58_reg_6406                       |  32|   0|   32|          0|
    |trunc_ln41_10_reg_6336                |  32|   0|   32|          0|
    |trunc_ln41_11_reg_6483                |  32|   0|   32|          0|
    |trunc_ln41_12_reg_6341                |  32|   0|   32|          0|
    |trunc_ln41_13_reg_6528                |  32|   0|   32|          0|
    |trunc_ln41_14_reg_6346                |  32|   0|   32|          0|
    |trunc_ln41_15_reg_6533                |  32|   0|   32|          0|
    |trunc_ln41_16_reg_6351                |  32|   0|   32|          0|
    |trunc_ln41_17_reg_6573                |  32|   0|   32|          0|
    |trunc_ln41_18_reg_6356                |  32|   0|   32|          0|
    |trunc_ln41_19_reg_6578                |  32|   0|   32|          0|
    |trunc_ln41_1_reg_6306                 |  32|   0|   32|          0|
    |trunc_ln41_2_reg_6311                 |  32|   0|   32|          0|
    |trunc_ln41_3_reg_6316                 |  32|   0|   32|          0|
    |trunc_ln41_4_reg_6321                 |  32|   0|   32|          0|
    |trunc_ln41_5_reg_6468                 |  32|   0|   32|          0|
    |trunc_ln41_6_reg_6326                 |  32|   0|   32|          0|
    |trunc_ln41_7_reg_6438                 |  32|   0|   32|          0|
    |trunc_ln41_8_reg_6331                 |  32|   0|   32|          0|
    |trunc_ln41_9_reg_6443                 |  32|   0|   32|          0|
    |trunc_ln41_reg_6301                   |  32|   0|   32|          0|
    |zext_ln22_reg_5479                    |   5|   0|   64|         59|
    |zext_ln29_105_reg_5881                |   1|   0|    7|          6|
    |zext_ln29_111_reg_5898                |   1|   0|    7|          6|
    |zext_ln29_117_reg_5915                |   1|   0|    7|          6|
    |zext_ln29_123_reg_5932                |   1|   0|    7|          6|
    |zext_ln29_129_reg_5949                |   1|   0|    7|          6|
    |zext_ln29_135_reg_6170                |   1|   0|    7|          6|
    |zext_ln29_141_reg_6189                |   1|   0|    7|          6|
    |zext_ln29_26_reg_5627                 |   1|   0|    7|          6|
    |zext_ln29_33_reg_5655                 |   1|   0|    7|          6|
    |zext_ln29_39_reg_5672                 |   1|   0|    7|          6|
    |zext_ln29_45_reg_5689                 |   1|   0|    7|          6|
    |zext_ln29_51_reg_5706                 |   1|   0|    7|          6|
    |zext_ln29_57_reg_5723                 |   1|   0|    7|          6|
    |zext_ln29_63_reg_5740                 |   1|   0|    7|          6|
    |zext_ln29_69_reg_5757                 |   1|   0|    7|          6|
    |zext_ln29_75_reg_5774                 |   1|   0|    7|          6|
    |zext_ln29_81_reg_5791                 |   1|   0|    7|          6|
    |zext_ln29_87_reg_5830                 |   1|   0|    7|          6|
    |zext_ln29_93_reg_5847                 |   1|   0|    7|          6|
    |zext_ln29_99_reg_5864                 |   1|   0|    7|          6|
    |zext_ln41_3_reg_6411                  |   5|   0|    8|          3|
    |zext_ln41_4_reg_6286                  |   5|   0|    7|          2|
    +--------------------------------------+----+----+-----+-----------+
    |Total                                 |5010|   0| 5219|        209|
    +--------------------------------------+----+----+-----+-----------+



================================================================
== Interface
================================================================
* Summary: 
+------------+-----+-----+------------+--------------+--------------+
|  RTL Ports | Dir | Bits|  Protocol  | Source Object|    C Type    |
+------------+-----+-----+------------+--------------+--------------+
|ap_clk      |  in |    1| ap_ctrl_hs |  matrix_mult | return value |
|ap_rst      |  in |    1| ap_ctrl_hs |  matrix_mult | return value |
|ap_start    |  in |    1| ap_ctrl_hs |  matrix_mult | return value |
|ap_done     | out |    1| ap_ctrl_hs |  matrix_mult | return value |
|ap_idle     | out |    1| ap_ctrl_hs |  matrix_mult | return value |
|ap_ready    | out |    1| ap_ctrl_hs |  matrix_mult | return value |
|a_address0  | out |    9|  ap_memory |       a      |     array    |
|a_ce0       | out |    1|  ap_memory |       a      |     array    |
|a_q0        |  in |   32|  ap_memory |       a      |     array    |
|a_address1  | out |    9|  ap_memory |       a      |     array    |
|a_ce1       | out |    1|  ap_memory |       a      |     array    |
|a_q1        |  in |   32|  ap_memory |       a      |     array    |
|b_address0  | out |    9|  ap_memory |       b      |     array    |
|b_ce0       | out |    1|  ap_memory |       b      |     array    |
|b_q0        |  in |   32|  ap_memory |       b      |     array    |
|b_address1  | out |    9|  ap_memory |       b      |     array    |
|b_ce1       | out |    1|  ap_memory |       b      |     array    |
|b_q1        |  in |   32|  ap_memory |       b      |     array    |
|c_address0  | out |    9|  ap_memory |       c      |     array    |
|c_ce0       | out |    1|  ap_memory |       c      |     array    |
|c_we0       | out |    1|  ap_memory |       c      |     array    |
|c_d0        | out |   32|  ap_memory |       c      |     array    |
|c_address1  | out |    9|  ap_memory |       c      |     array    |
|c_ce1       | out |    1|  ap_memory |       c      |     array    |
|c_we1       | out |    1|  ap_memory |       c      |     array    |
|c_d1        | out |   32|  ap_memory |       c      |     array    |
+------------+-----+-----+------------+--------------+--------------+

